<html>
<body>
<pre>
<h1>礦ision Build Log</h1>
<h2>Tool Versions:</h2>
IDE-Version: μVision V5.23.0.0
Copyright (C) 2017 ARM Ltd and ARM Germany GmbH. All rights reserved.
License Information: Tao Tao, Tao, LIC=CRMQD-87Z08-REEH3-AYCFE-LZ2PD-41WKT
 
Tool Versions:
Toolchain:       MDK-ARM Professional  Version: 5.23
Toolchain Path:  E:\soft\Keil_v5\ARM\ARMCC\Bin
C Compiler:      Armcc.exe V5.06 update 4 (build 422)
Assembler:       Armasm.exe V5.06 update 4 (build 422)
Linker/Locator:  ArmLink.exe V5.06 update 4 (build 422)
Library Manager: ArmAr.exe V5.06 update 4 (build 422)
Hex Converter:   FromElf.exe V5.06 update 4 (build 422)
CPU DLL:         SARMCM3.DLL V5.23
Dialog DLL:      DCM.DLL V1.15.0.0
Target DLL:      STLink\ST-LINKIII-KEIL_SWO.dll V2.0.18.0
Dialog DLL:      TCM.DLL V1.27.0.0
 
<h2>Project:</h2>
E:\Blog\嵌入式\STM32开发\lwip移植教程\裸机移植\STM32F103+ENC28J60移植LWIP\template\Project\Template.uvprojx
Project File Date:  06/20/2019

<h2>Output:</h2>
*** Using Compiler 'V5.06 update 4 (build 422)', folder: 'E:\soft\Keil_v5\ARM\ARMCC\Bin'
Build target 'Template'
compiling lwip_app.c...
compiling mqtt.c...
compiling main.c...
compiling api_lib.c...
compiling sys_arch.c...
compiling ethernetif.c...
..\Lwip\lwip_app\ethernetif.c(96): warning:  #177-D: variable "ethernetif"  was declared but never referenced
      struct ethernetif *ethernetif = netif->state;
..\Lwip\lwip_app\ethernetif.c(154): warning:  #177-D: variable "ethernetif"  was declared but never referenced
      struct ethernetif *ethernetif = netif->state;
..\Lwip\lwip_app\ethernetif.c(209): warning:  #177-D: variable "ethernetif"  was declared but never referenced
      struct ethernetif *ethernetif = netif->state;
..\Lwip\lwip_app\ethernetif.c(295): warning:  #550-D: variable "ethernetif"  was set but never used
      struct ethernetif *ethernetif;
..\Lwip\lwip_app\ethernetif.c(296): warning:  #177-D: variable "ethhdr"  was declared but never referenced
      struct eth_hdr *ethhdr;
..\Lwip\lwip_app\ethernetif.c: 5 warnings, 0 errors
compiling api_msg.c...
compiling err.c...
compiling if_api.c...
compiling netbuf.c...
compiling netdb.c...
compiling netifapi.c...
compiling sockets.c...
compiling tcpip.c...
compiling altcp.c...
compiling altcp_alloc.c...
compiling altcp_tcp.c...
compiling dns.c...
compiling def.c...
compiling ip.c...
compiling inet_chksum.c...
compiling init.c...
compiling mem.c...
compiling memp.c...
compiling netif.c...
compiling raw.c...
compiling stats.c...
compiling pbuf.c...
compiling sys.c...
compiling tcp.c...
compiling tcp_in.c...
compiling tcp_out.c...
compiling timeouts.c...
compiling autoip.c...
compiling udp.c...
compiling dhcp.c...
compiling igmp.c...
compiling icmp.c...
compiling etharp.c...
compiling ip4_addr.c...
compiling ip4.c...
compiling ip4_frag.c...
compiling ethernet.c...
linking...
Program Size: Code=28940 RO-data=872 RW-data=228 ZI-data=35948  
FromELF: creating hex file...
"..\Output\Template.axf" - 0 Error(s), 5 Warning(s).

<h2>Collection of Component include folders:</h2>
  .\RTE\_Template
  E:\soft\Keil_v5\ARM\PACK\Keil\STM32F1xx_DFP\2.0.0\Device\Include

<h2>Collection of Component Files used:</h2>
Build Time Elapsed:  00:00:08
</pre>
</body>
</html>
