<html>
<body>
<pre>
<h1>礦ision Build Log</h1>
<h2>Tool Versions:</h2>
IDE-Version: μVision V5.14.0.0
Copyright (C) 2015 ARM Ltd and ARM Germany GmbH. All rights reserved.
License Information: microsoft Microsoft, Microsoft, LIC=D0DTG-VC7Q1-3MN9Q-NHHI8-XMR3L-MH9C0
 
Tool Versions:
Toolchain:       MDK-ARM Standard  Version: 5.14.0.0
Toolchain Path:  E:\Keil_v5\ARM\ARMCC\Bin
C Compiler:      Armcc.exe V5.05 update 1 (build 106)
Assembler:       Armasm.exe V5.05 update 1 (build 106)
Linker/Locator:  ArmLink.exe V5.05 update 1 (build 106)
Library Manager: ArmAr.exe V5.05 update 1 (build 106)
Hex Converter:   FromElf.exe V5.05 update 1 (build 106)
CPU DLL:         SARMCM3.DLL V5.14.0.0
Dialog DLL:      DCM.DLL V1.13.1.0
Target DLL:      STLink\ST-LINKIII-KEIL_SWO.dll V2.0.14.0_KEIL
Dialog DLL:      TCM.DLL V1.14.4.0
 
<h2>Project:</h2>
E:\D盘\Blog\嵌入式\STM32开发\lwip移植教程\DHCP\template\Project\Template.uvprojx
Project File Date:  05/14/2019

<h2>Output:</h2>
Build target 'Template'
compiling stm32f429_eth.c...
compiling main.c...
compiling stm32f4xx_it.c...
compiling LAN8742A.c...
compiling ethernet.c...
compiling ethernetif.c...
compiling api_lib.c...
compiling api_msg.c...
compiling err.c...
compiling if_api.c...
compiling netbuf.c...
compiling netdb.c...
compiling netifapi.c...
compiling sockets.c...
compiling tcpip.c...
compiling altcp.c...
compiling altcp_alloc.c...
compiling altcp_tcp.c...
compiling def.c...
compiling dns.c...
compiling inet_chksum.c...
compiling init.c...
compiling ip.c...
compiling mem.c...
compiling memp.c...
compiling netif.c...
compiling pbuf.c...
compiling raw.c...
compiling stats.c...
compiling sys.c...
compiling tcp.c...
compiling tcp_in.c...
compiling tcp_out.c...
compiling timeouts.c...
compiling udp.c...
compiling autoip.c...
compiling dhcp.c...
compiling etharp.c...
compiling icmp.c...
compiling igmp.c...
compiling ip4.c...
compiling ip4_addr.c...
compiling ip4_frag.c...
compiling sys_arch.c...
linking...
Program Size: Code=35608 RO-data=788 RW-data=300 ZI-data=42116  
FromELF: creating hex file...
"..\Output\Template.axf" - 0 Error(s), 0 Warning(s).

<h2>Collection of Component include folders:</h2>
  E:\D盘\Blog\嵌入式\STM32开发\lwip移植教程\DHCP\template\Project\RTE
  E:\Keil_v5\ARM\PACK\Keil\STM32F4xx_DFP\2.8.0

<h2>Collection of Component Files used:</h2>
</pre>
</body>
</html>
