<html>
<body>
<pre>
<h1>礦ision Build Log</h1>
<h2>Tool Versions:</h2>
IDE-Version: μVision V5.14.0.0
Copyright (C) 2015 ARM Ltd and ARM Germany GmbH. All rights reserved.
License Information: microsoft Microsoft, Microsoft, LIC=D0DTG-VC7Q1-3MN9Q-NHHI8-XMR3L-MH9C0
 
Tool Versions:
Toolchain:       MDK-ARM Standard  Version: 5.14.0.0
Toolchain Path:  E:\Keil_v5\ARM\ARMCC\Bin
C Compiler:      Armcc.exe V5.05 update 1 (build 106)
Assembler:       Armasm.exe V5.05 update 1 (build 106)
Linker/Locator:  ArmLink.exe V5.05 update 1 (build 106)
Library Manager: ArmAr.exe V5.05 update 1 (build 106)
Hex Converter:   FromElf.exe V5.05 update 1 (build 106)
CPU DLL:         SARMCM3.DLL V5.14.0.0
Dialog DLL:      DCM.DLL V1.13.1.0
Target DLL:      STLink\ST-LINKIII-KEIL_SWO.dll V2.0.14.0_KEIL
Dialog DLL:      TCM.DLL V1.14.4.0
 
<h2>Project:</h2>
E:\D盘\Blog\嵌入式\STM32开发\lwip移植教程\DHCP\template\Project\Template.uvprojx
Project File Date:  06/25/2019

<h2>Output:</h2>
Build target 'Template'
compiling mqtt.c...
linking...
Program Size: Code=1852 RO-data=424 RW-data=48 ZI-data=1024  
FromELF: creating hex file...
"..\Output\Template.axf" - 0 Error(s), 0 Warning(s).

<h2>Collection of Component include folders:</h2>
  E:\D盘\Blog\嵌入式\STM32开发\lwip移植教程\DHCP\template\Project\RTE
  E:\Keil_v5\ARM\PACK\Keil\STM32F4xx_DFP\2.8.0

<h2>Collection of Component Files used:</h2>
</pre>
</body>
</html>
