Component: ARM Compiler 5.05 update 1 (build 106) Tool: armlink [4d0efa]

==============================================================================

Section Cross References

    startup_stm32f40xx.o(RESET) refers to startup_stm32f40xx.o(STACK) for __initial_sp
    startup_stm32f40xx.o(RESET) refers to startup_stm32f40xx.o(.text) for Reset_Handler
    startup_stm32f40xx.o(RESET) refers to stm32f4xx_it.o(i.NMI_Handler) for NMI_Handler
    startup_stm32f40xx.o(RESET) refers to stm32f4xx_it.o(i.HardFault_Handler) for HardFault_Handler
    startup_stm32f40xx.o(RESET) refers to stm32f4xx_it.o(i.MemManage_Handler) for MemManage_Handler
    startup_stm32f40xx.o(RESET) refers to stm32f4xx_it.o(i.BusFault_Handler) for BusFault_Handler
    startup_stm32f40xx.o(RESET) refers to stm32f4xx_it.o(i.UsageFault_Handler) for UsageFault_Handler
    startup_stm32f40xx.o(RESET) refers to stm32f4xx_it.o(i.SVC_Handler) for SVC_Handler
    startup_stm32f40xx.o(RESET) refers to stm32f4xx_it.o(i.DebugMon_Handler) for DebugMon_Handler
    startup_stm32f40xx.o(RESET) refers to os_cpu_a.o(.text) for OS_CPU_PendSVHandler
    startup_stm32f40xx.o(RESET) refers to os_cpu_c.o(i.OS_CPU_SysTickHandler) for OS_CPU_SysTickHandler
    startup_stm32f40xx.o(.text) refers to system_stm32f4xx.o(i.SystemInit) for SystemInit
    startup_stm32f40xx.o(.text) refers to entry.o(.ARM.Collect$$$$00000000) for __main
    system_stm32f4xx.o(i.SystemCoreClockUpdate) refers to system_stm32f4xx.o(.data) for SystemCoreClock
    system_stm32f4xx.o(i.SystemInit) refers to system_stm32f4xx.o(i.SetSysClock) for SetSysClock
    stm32f4xx_adc.o(i.ADC_DeInit) refers to stm32f4xx_rcc.o(i.RCC_APB2PeriphResetCmd) for RCC_APB2PeriphResetCmd
    stm32f4xx_can.o(i.CAN_DeInit) refers to stm32f4xx_rcc.o(i.RCC_APB1PeriphResetCmd) for RCC_APB1PeriphResetCmd
    stm32f4xx_can.o(i.CAN_GetITStatus) refers to stm32f4xx_can.o(i.CheckITStatus) for CheckITStatus
    stm32f4xx_cryp.o(i.CRYP_DeInit) refers to stm32f4xx_rcc.o(i.RCC_AHB2PeriphResetCmd) for RCC_AHB2PeriphResetCmd
    stm32f4xx_cryp_aes.o(i.CRYP_AES_CBC) refers to stm32f4xx_cryp.o(i.CRYP_KeyStructInit) for CRYP_KeyStructInit
    stm32f4xx_cryp_aes.o(i.CRYP_AES_CBC) refers to stm32f4xx_cryp.o(i.CRYP_FIFOFlush) for CRYP_FIFOFlush
    stm32f4xx_cryp_aes.o(i.CRYP_AES_CBC) refers to stm32f4xx_cryp.o(i.CRYP_Init) for CRYP_Init
    stm32f4xx_cryp_aes.o(i.CRYP_AES_CBC) refers to stm32f4xx_cryp.o(i.CRYP_KeyInit) for CRYP_KeyInit
    stm32f4xx_cryp_aes.o(i.CRYP_AES_CBC) refers to stm32f4xx_cryp.o(i.CRYP_Cmd) for CRYP_Cmd
    stm32f4xx_cryp_aes.o(i.CRYP_AES_CBC) refers to stm32f4xx_cryp.o(i.CRYP_GetFlagStatus) for CRYP_GetFlagStatus
    stm32f4xx_cryp_aes.o(i.CRYP_AES_CBC) refers to stm32f4xx_cryp.o(i.CRYP_IVInit) for CRYP_IVInit
    stm32f4xx_cryp_aes.o(i.CRYP_AES_CBC) refers to stm32f4xx_cryp.o(i.CRYP_GetCmdStatus) for CRYP_GetCmdStatus
    stm32f4xx_cryp_aes.o(i.CRYP_AES_CBC) refers to stm32f4xx_cryp.o(i.CRYP_DataIn) for CRYP_DataIn
    stm32f4xx_cryp_aes.o(i.CRYP_AES_CBC) refers to stm32f4xx_cryp.o(i.CRYP_DataOut) for CRYP_DataOut
    stm32f4xx_cryp_aes.o(i.CRYP_AES_CCM) refers to stm32f4xx_cryp.o(i.CRYP_KeyStructInit) for CRYP_KeyStructInit
    stm32f4xx_cryp_aes.o(i.CRYP_AES_CCM) refers to stm32f4xx_cryp.o(i.CRYP_FIFOFlush) for CRYP_FIFOFlush
    stm32f4xx_cryp_aes.o(i.CRYP_AES_CCM) refers to stm32f4xx_cryp.o(i.CRYP_KeyInit) for CRYP_KeyInit
    stm32f4xx_cryp_aes.o(i.CRYP_AES_CCM) refers to stm32f4xx_cryp.o(i.CRYP_IVInit) for CRYP_IVInit
    stm32f4xx_cryp_aes.o(i.CRYP_AES_CCM) refers to stm32f4xx_cryp.o(i.CRYP_Init) for CRYP_Init
    stm32f4xx_cryp_aes.o(i.CRYP_AES_CCM) refers to stm32f4xx_cryp.o(i.CRYP_PhaseConfig) for CRYP_PhaseConfig
    stm32f4xx_cryp_aes.o(i.CRYP_AES_CCM) refers to stm32f4xx_cryp.o(i.CRYP_DataIn) for CRYP_DataIn
    stm32f4xx_cryp_aes.o(i.CRYP_AES_CCM) refers to stm32f4xx_cryp.o(i.CRYP_Cmd) for CRYP_Cmd
    stm32f4xx_cryp_aes.o(i.CRYP_AES_CCM) refers to stm32f4xx_cryp.o(i.CRYP_GetCmdStatus) for CRYP_GetCmdStatus
    stm32f4xx_cryp_aes.o(i.CRYP_AES_CCM) refers to stm32f4xx_cryp.o(i.CRYP_GetFlagStatus) for CRYP_GetFlagStatus
    stm32f4xx_cryp_aes.o(i.CRYP_AES_CCM) refers to stm32f4xx_cryp.o(i.CRYP_DataOut) for CRYP_DataOut
    stm32f4xx_cryp_aes.o(i.CRYP_AES_CTR) refers to stm32f4xx_cryp.o(i.CRYP_KeyStructInit) for CRYP_KeyStructInit
    stm32f4xx_cryp_aes.o(i.CRYP_AES_CTR) refers to stm32f4xx_cryp.o(i.CRYP_KeyInit) for CRYP_KeyInit
    stm32f4xx_cryp_aes.o(i.CRYP_AES_CTR) refers to stm32f4xx_cryp.o(i.CRYP_Init) for CRYP_Init
    stm32f4xx_cryp_aes.o(i.CRYP_AES_CTR) refers to stm32f4xx_cryp.o(i.CRYP_IVInit) for CRYP_IVInit
    stm32f4xx_cryp_aes.o(i.CRYP_AES_CTR) refers to stm32f4xx_cryp.o(i.CRYP_FIFOFlush) for CRYP_FIFOFlush
    stm32f4xx_cryp_aes.o(i.CRYP_AES_CTR) refers to stm32f4xx_cryp.o(i.CRYP_Cmd) for CRYP_Cmd
    stm32f4xx_cryp_aes.o(i.CRYP_AES_CTR) refers to stm32f4xx_cryp.o(i.CRYP_GetCmdStatus) for CRYP_GetCmdStatus
[...]
    Removing stm32f4xx_exti.o(i.EXTI_GenerateSWInterrupt), (16 bytes).
    Removing stm32f4xx_exti.o(i.EXTI_GetFlagStatus), (24 bytes).
    Removing stm32f4xx_exti.o(i.EXTI_GetITStatus), (24 bytes).
    Removing stm32f4xx_exti.o(i.EXTI_Init), (148 bytes).
    Removing stm32f4xx_exti.o(i.EXTI_StructInit), (16 bytes).
    Removing stm32f4xx_flash.o(.rev16_text), (4 bytes).
    Removing stm32f4xx_flash.o(.revsh_text), (4 bytes).
    Removing stm32f4xx_flash.o(i.FLASH_ClearFlag), (12 bytes).
    Removing stm32f4xx_flash.o(i.FLASH_DataCacheCmd), (36 bytes).
    Removing stm32f4xx_flash.o(i.FLASH_DataCacheReset), (20 bytes).
    Removing stm32f4xx_flash.o(i.FLASH_EraseAllBank1Sectors), (108 bytes).
    Removing stm32f4xx_flash.o(i.FLASH_EraseAllBank2Sectors), (108 bytes).
    Removing stm32f4xx_flash.o(i.FLASH_EraseAllSectors), (108 bytes).
    Removing stm32f4xx_flash.o(i.FLASH_EraseSector), (136 bytes).
    Removing stm32f4xx_flash.o(i.FLASH_GetFlagStatus), (24 bytes).
    Removing stm32f4xx_flash.o(i.FLASH_GetStatus), (84 bytes).
    Removing stm32f4xx_flash.o(i.FLASH_ITConfig), (32 bytes).
    Removing stm32f4xx_flash.o(i.FLASH_InstructionCacheCmd), (36 bytes).
    Removing stm32f4xx_flash.o(i.FLASH_InstructionCacheReset), (20 bytes).
    Removing stm32f4xx_flash.o(i.FLASH_Lock), (20 bytes).
    Removing stm32f4xx_flash.o(i.FLASH_OB_BORConfig), (28 bytes).
    Removing stm32f4xx_flash.o(i.FLASH_OB_BootConfig), (28 bytes).
    Removing stm32f4xx_flash.o(i.FLASH_OB_GetBOR), (16 bytes).
    Removing stm32f4xx_flash.o(i.FLASH_OB_GetPCROP), (12 bytes).
    Removing stm32f4xx_flash.o(i.FLASH_OB_GetPCROP1), (12 bytes).
    Removing stm32f4xx_flash.o(i.FLASH_OB_GetRDP), (24 bytes).
    Removing stm32f4xx_flash.o(i.FLASH_OB_GetUser), (16 bytes).
    Removing stm32f4xx_flash.o(i.FLASH_OB_GetWRP), (12 bytes).
    Removing stm32f4xx_flash.o(i.FLASH_OB_GetWRP1), (12 bytes).
    Removing stm32f4xx_flash.o(i.FLASH_OB_Launch), (32 bytes).
    Removing stm32f4xx_flash.o(i.FLASH_OB_Lock), (20 bytes).
    Removing stm32f4xx_flash.o(i.FLASH_OB_PCROP1Config), (52 bytes).
    Removing stm32f4xx_flash.o(i.FLASH_OB_PCROPConfig), (52 bytes).
    Removing stm32f4xx_flash.o(i.FLASH_OB_PCROPSelectionConfig), (24 bytes).
    Removing stm32f4xx_flash.o(i.FLASH_OB_RDPConfig), (28 bytes).
    Removing stm32f4xx_flash.o(i.FLASH_OB_Unlock), (36 bytes).
    Removing stm32f4xx_flash.o(i.FLASH_OB_UserConfig), (48 bytes).
    Removing stm32f4xx_flash.o(i.FLASH_OB_WRP1Config), (52 bytes).
    Removing stm32f4xx_flash.o(i.FLASH_OB_WRPConfig), (52 bytes).
    Removing stm32f4xx_flash.o(i.FLASH_PrefetchBufferCmd), (36 bytes).
    Removing stm32f4xx_flash.o(i.FLASH_ProgramByte), (76 bytes).
    Removing stm32f4xx_flash.o(i.FLASH_ProgramDoubleWord), (84 bytes).
    Removing stm32f4xx_flash.o(i.FLASH_ProgramHalfWord), (80 bytes).
    Removing stm32f4xx_flash.o(i.FLASH_ProgramWord), (80 bytes).
    Removing stm32f4xx_flash.o(i.FLASH_SetLatency), (12 bytes).
    Removing stm32f4xx_flash.o(i.FLASH_Unlock), (36 bytes).
    Removing stm32f4xx_flash.o(i.FLASH_WaitForLastOperation), (34 bytes).
    Removing stm32f4xx_flash_ramfunc.o(.rev16_text), (4 bytes).
    Removing stm32f4xx_flash_ramfunc.o(.revsh_text), (4 bytes).
    Removing stm32f4xx_flash_ramfunc.o(i.FLASH_FlashInterfaceCmd), (36 bytes).
    Removing stm32f4xx_flash_ramfunc.o(i.FLASH_FlashSleepModeCmd), (36 bytes).
    Removing stm32f4xx_fsmc.o(.rev16_text), (4 bytes).
    Removing stm32f4xx_fsmc.o(.revsh_text), (4 bytes).
    Removing stm32f4xx_fsmc.o(i.FSMC_ClearFlag), (64 bytes).
    Removing stm32f4xx_fsmc.o(i.FSMC_ClearITPendingBit), (72 bytes).
    Removing stm32f4xx_fsmc.o(i.FSMC_GetECC), (28 bytes).
    Removing stm32f4xx_fsmc.o(i.FSMC_GetFlagStatus), (56 bytes).
    Removing stm32f4xx_fsmc.o(i.FSMC_GetITStatus), (68 bytes).
    Removing stm32f4xx_fsmc.o(i.FSMC_ITConfig), (128 bytes).
    Removing stm32f4xx_fsmc.o(i.FSMC_NANDCmd), (92 bytes).
    Removing stm32f4xx_fsmc.o(i.FSMC_NANDDeInit), (68 bytes).
    Removing stm32f4xx_fsmc.o(i.FSMC_NANDECCCmd), (92 bytes).
    Removing stm32f4xx_fsmc.o(i.FSMC_NANDInit), (136 bytes).
    Removing stm32f4xx_fsmc.o(i.FSMC_NANDStructInit), (54 bytes).
    Removing stm32f4xx_fsmc.o(i.FSMC_NORSRAMCmd), (52 bytes).
    Removing stm32f4xx_fsmc.o(i.FSMC_NORSRAMDeInit), (54 bytes).
    Removing stm32f4xx_fsmc.o(i.FSMC_NORSRAMInit), (230 bytes).
    Removing stm32f4xx_fsmc.o(i.FSMC_NORSRAMStructInit), (52 bytes).
    Removing stm32f4xx_fsmc.o(i.FSMC_PCCARDCmd), (48 bytes).
    Removing stm32f4xx_fsmc.o(i.FSMC_PCCARDDeInit), (40 bytes).
    Removing stm32f4xx_fsmc.o(i.FSMC_PCCARDInit), (132 bytes).
    Removing stm32f4xx_fsmc.o(i.FSMC_PCCARDStructInit), (60 bytes).
    Removing stm32f4xx_fsmc.o(.constdata), (28 bytes).
    Removing stm32f4xx_gpio.o(.rev16_text), (4 bytes).
    Removing stm32f4xx_gpio.o(.revsh_text), (4 bytes).
    Removing stm32f4xx_gpio.o(i.GPIO_DeInit), (312 bytes).
    Removing stm32f4xx_gpio.o(i.GPIO_PinLockConfig), (34 bytes).
    Removing stm32f4xx_gpio.o(i.GPIO_ReadInputData), (8 bytes).
    Removing stm32f4xx_gpio.o(i.GPIO_ReadInputDataBit), (18 bytes).
    Removing stm32f4xx_gpio.o(i.GPIO_ReadOutputData), (8 bytes).
    Removing stm32f4xx_gpio.o(i.GPIO_ReadOutputDataBit), (18 bytes).
    Removing stm32f4xx_gpio.o(i.GPIO_ResetBits), (4 bytes).
    Removing stm32f4xx_gpio.o(i.GPIO_SetBits), (4 bytes).
    Removing stm32f4xx_gpio.o(i.GPIO_StructInit), (18 bytes).
    Removing stm32f4xx_gpio.o(i.GPIO_ToggleBits), (8 bytes).
    Removing stm32f4xx_gpio.o(i.GPIO_Write), (4 bytes).
    Removing stm32f4xx_gpio.o(i.GPIO_WriteBit), (10 bytes).
    Removing stm32f4xx_hash.o(.rev16_text), (4 bytes).
    Removing stm32f4xx_hash.o(.revsh_text), (4 bytes).
    Removing stm32f4xx_hash.o(i.HASH_AutoStartDigest), (36 bytes).
    Removing stm32f4xx_hash.o(i.HASH_ClearFlag), (12 bytes).
    Removing stm32f4xx_hash.o(i.HASH_ClearITPendingBit), (12 bytes).
    Removing stm32f4xx_hash.o(i.HASH_DMACmd), (36 bytes).
    Removing stm32f4xx_hash.o(i.HASH_DataIn), (12 bytes).
    Removing stm32f4xx_hash.o(i.HASH_DeInit), (20 bytes).
    Removing stm32f4xx_hash.o(i.HASH_GetDigest), (72 bytes).
    Removing stm32f4xx_hash.o(i.HASH_GetFlagStatus), (44 bytes).
    Removing stm32f4xx_hash.o(i.HASH_GetITStatus), (32 bytes).
    Removing stm32f4xx_hash.o(i.HASH_GetInFIFOWordsNbr), (16 bytes).
    Removing stm32f4xx_hash.o(i.HASH_ITConfig), (32 bytes).
    Removing stm32f4xx_hash.o(i.HASH_Init), (84 bytes).
    Removing stm32f4xx_hash.o(i.HASH_Reset), (20 bytes).
    Removing stm32f4xx_hash.o(i.HASH_RestoreContext), (68 bytes).
    Removing stm32f4xx_hash.o(i.HASH_SaveContext), (60 bytes).
    Removing stm32f4xx_hash.o(i.HASH_SetLastWordValidBitsNbr), (28 bytes).
    Removing stm32f4xx_hash.o(i.HASH_StartDigest), (20 bytes).
    Removing stm32f4xx_hash.o(i.HASH_StructInit), (12 bytes).
    Removing stm32f4xx_hash_md5.o(.rev16_text), (4 bytes).
    Removing stm32f4xx_hash_md5.o(.revsh_text), (4 bytes).
    Removing stm32f4xx_hash_md5.o(i.HASH_MD5), (180 bytes).
    Removing stm32f4xx_hash_md5.o(i.HMAC_MD5), (354 bytes).
    Removing stm32f4xx_hash_sha1.o(.rev16_text), (4 bytes).
    Removing stm32f4xx_hash_sha1.o(.revsh_text), (4 bytes).
    Removing stm32f4xx_hash_sha1.o(i.HASH_SHA1), (186 bytes).
    Removing stm32f4xx_hash_sha1.o(i.HMAC_SHA1), (362 bytes).
    Removing stm32f4xx_i2c.o(.rev16_text), (4 bytes).
    Removing stm32f4xx_i2c.o(.revsh_text), (4 bytes).
    Removing stm32f4xx_i2c.o(i.I2C_ARPCmd), (24 bytes).
    Removing stm32f4xx_i2c.o(i.I2C_AcknowledgeConfig), (24 bytes).
    Removing stm32f4xx_i2c.o(i.I2C_AnalogFilterCmd), (24 bytes).
    Removing stm32f4xx_i2c.o(i.I2C_CalculatePEC), (24 bytes).
    Removing stm32f4xx_i2c.o(i.I2C_CheckEvent), (42 bytes).
    Removing stm32f4xx_i2c.o(i.I2C_ClearFlag), (12 bytes).
    Removing stm32f4xx_i2c.o(i.I2C_ClearITPendingBit), (12 bytes).
    Removing stm32f4xx_i2c.o(i.I2C_Cmd), (24 bytes).
    Removing stm32f4xx_i2c.o(i.I2C_DMACmd), (24 bytes).
    Removing stm32f4xx_i2c.o(i.I2C_DMALastTransferCmd), (24 bytes).
    Removing stm32f4xx_i2c.o(i.I2C_DeInit), (96 bytes).
    Removing stm32f4xx_i2c.o(i.I2C_DigitalFilterConfig), (22 bytes).
    Removing stm32f4xx_i2c.o(i.I2C_DualAddressCmd), (24 bytes).
    Removing stm32f4xx_i2c.o(i.I2C_FastModeDutyCycleConfig), (28 bytes).
    Removing stm32f4xx_i2c.o(i.I2C_GeneralCallCmd), (24 bytes).
    Removing stm32f4xx_i2c.o(i.I2C_GenerateSTART), (24 bytes).
    Removing stm32f4xx_i2c.o(i.I2C_GenerateSTOP), (24 bytes).
    Removing stm32f4xx_i2c.o(i.I2C_GetFlagStatus), (58 bytes).
    Removing stm32f4xx_i2c.o(i.I2C_GetITStatus), (38 bytes).
    Removing stm32f4xx_i2c.o(i.I2C_GetLastEvent), (26 bytes).
    Removing stm32f4xx_i2c.o(i.I2C_GetPEC), (8 bytes).
    Removing stm32f4xx_i2c.o(i.I2C_ITConfig), (18 bytes).
    Removing stm32f4xx_i2c.o(i.I2C_Init), (232 bytes).
    Removing stm32f4xx_i2c.o(i.I2C_NACKPositionConfig), (28 bytes).
    Removing stm32f4xx_i2c.o(i.I2C_OwnAddress2Config), (22 bytes).
    Removing stm32f4xx_i2c.o(i.I2C_PECPositionConfig), (28 bytes).
    Removing stm32f4xx_i2c.o(i.I2C_ReadRegister), (22 bytes).
    Removing stm32f4xx_i2c.o(i.I2C_ReceiveData), (8 bytes).
    Removing stm32f4xx_i2c.o(i.I2C_SMBusAlertConfig), (28 bytes).
    Removing stm32f4xx_i2c.o(i.I2C_Send7bitAddress), (16 bytes).
    Removing stm32f4xx_i2c.o(i.I2C_SendData), (4 bytes).
    Removing stm32f4xx_i2c.o(i.I2C_SoftwareResetCmd), (22 bytes).
    Removing stm32f4xx_i2c.o(i.I2C_StretchClockCmd), (24 bytes).
    Removing stm32f4xx_i2c.o(i.I2C_StructInit), (30 bytes).
    Removing stm32f4xx_i2c.o(i.I2C_TransmitPEC), (24 bytes).
    Removing stm32f4xx_iwdg.o(.rev16_text), (4 bytes).
    Removing stm32f4xx_iwdg.o(.revsh_text), (4 bytes).
    Removing stm32f4xx_iwdg.o(i.IWDG_Enable), (16 bytes).
    Removing stm32f4xx_iwdg.o(i.IWDG_GetFlagStatus), (24 bytes).
    Removing stm32f4xx_iwdg.o(i.IWDG_ReloadCounter), (16 bytes).
    Removing stm32f4xx_iwdg.o(i.IWDG_SetPrescaler), (12 bytes).
    Removing stm32f4xx_iwdg.o(i.IWDG_SetReload), (12 bytes).
    Removing stm32f4xx_iwdg.o(i.IWDG_WriteAccessCmd), (12 bytes).
    Removing stm32f4xx_ltdc.o(.rev16_text), (4 bytes).
    Removing stm32f4xx_ltdc.o(.revsh_text), (4 bytes).
    Removing stm32f4xx_ltdc.o(i.LTDC_CLUTCmd), (32 bytes).
    Removing stm32f4xx_ltdc.o(i.LTDC_CLUTInit), (32 bytes).
    Removing stm32f4xx_ltdc.o(i.LTDC_CLUTStructInit), (12 bytes).
    Removing stm32f4xx_ltdc.o(i.LTDC_ClearFlag), (12 bytes).
    Removing stm32f4xx_ltdc.o(i.LTDC_ClearITPendingBit), (12 bytes).
    Removing stm32f4xx_ltdc.o(i.LTDC_Cmd), (36 bytes).
    Removing stm32f4xx_ltdc.o(i.LTDC_ColorKeyingConfig), (68 bytes).
    Removing stm32f4xx_ltdc.o(i.LTDC_ColorKeyingStructInit), (10 bytes).
    Removing stm32f4xx_ltdc.o(i.LTDC_DeInit), (22 bytes).
    Removing stm32f4xx_ltdc.o(i.LTDC_DitherCmd), (36 bytes).
    Removing stm32f4xx_ltdc.o(i.LTDC_GetCDStatus), (24 bytes).
    Removing stm32f4xx_ltdc.o(i.LTDC_GetFlagStatus), (24 bytes).
    Removing stm32f4xx_ltdc.o(i.LTDC_GetITStatus), (44 bytes).
    Removing stm32f4xx_ltdc.o(i.LTDC_GetPosStatus), (44 bytes).
    Removing stm32f4xx_ltdc.o(i.LTDC_GetRGBWidth), (64 bytes).
    Removing stm32f4xx_ltdc.o(i.LTDC_ITConfig), (32 bytes).
    Removing stm32f4xx_ltdc.o(i.LTDC_Init), (392 bytes).
    Removing stm32f4xx_ltdc.o(i.LTDC_LIPConfig), (12 bytes).
    Removing stm32f4xx_ltdc.o(i.LTDC_LayerAddress), (4 bytes).
    Removing stm32f4xx_ltdc.o(i.LTDC_LayerAlpha), (4 bytes).
    Removing stm32f4xx_ltdc.o(i.LTDC_LayerCmd), (22 bytes).
    Removing stm32f4xx_ltdc.o(i.LTDC_LayerInit), (276 bytes).
    Removing stm32f4xx_ltdc.o(i.LTDC_LayerPixelFormat), (106 bytes).
    Removing stm32f4xx_ltdc.o(i.LTDC_LayerPosition), (160 bytes).
    Removing stm32f4xx_ltdc.o(i.LTDC_LayerSize), (116 bytes).
    Removing stm32f4xx_ltdc.o(i.LTDC_LayerStructInit), (48 bytes).
    Removing stm32f4xx_ltdc.o(i.LTDC_PosStructInit), (8 bytes).
    Removing stm32f4xx_ltdc.o(i.LTDC_RGBStructInit), (10 bytes).
    Removing stm32f4xx_ltdc.o(i.LTDC_ReloadConfig), (12 bytes).
    Removing stm32f4xx_ltdc.o(i.LTDC_StructInit), (34 bytes).
    Removing stm32f4xx_pwr.o(.rev16_text), (4 bytes).
    Removing stm32f4xx_pwr.o(.revsh_text), (4 bytes).
    Removing stm32f4xx_pwr.o(i.PWR_BackupAccessCmd), (12 bytes).
    Removing stm32f4xx_pwr.o(i.PWR_BackupRegulatorCmd), (12 bytes).
    Removing stm32f4xx_pwr.o(i.PWR_ClearFlag), (20 bytes).
    Removing stm32f4xx_pwr.o(i.PWR_DeInit), (22 bytes).
    Removing stm32f4xx_pwr.o(i.PWR_EnterSTANDBYMode), (40 bytes).
    Removing stm32f4xx_pwr.o(i.PWR_EnterSTOPMode), (68 bytes).
    Removing stm32f4xx_pwr.o(i.PWR_EnterUnderDriveSTOPMode), (68 bytes).
    Removing stm32f4xx_pwr.o(i.PWR_FlashPowerDownCmd), (12 bytes).
    Removing stm32f4xx_pwr.o(i.PWR_GetFlagStatus), (24 bytes).
    Removing stm32f4xx_pwr.o(i.PWR_LowRegulatorLowVoltageCmd), (24 bytes).
    Removing stm32f4xx_pwr.o(i.PWR_MainRegulatorLowVoltageCmd), (24 bytes).
    Removing stm32f4xx_pwr.o(i.PWR_MainRegulatorModeConfig), (24 bytes).
    Removing stm32f4xx_pwr.o(i.PWR_OverDriveCmd), (12 bytes).
    Removing stm32f4xx_pwr.o(i.PWR_OverDriveSWCmd), (12 bytes).
    Removing stm32f4xx_pwr.o(i.PWR_PVDCmd), (12 bytes).
    Removing stm32f4xx_pwr.o(i.PWR_PVDLevelConfig), (24 bytes).
    Removing stm32f4xx_pwr.o(i.PWR_UnderDriveCmd), (36 bytes).
    Removing stm32f4xx_pwr.o(i.PWR_WakeUpPinCmd), (12 bytes).
    Removing stm32f4xx_rcc.o(.rev16_text), (4 bytes).
    Removing stm32f4xx_rcc.o(.revsh_text), (4 bytes).
    Removing stm32f4xx_rcc.o(i.RCC_AHB1PeriphClockLPModeCmd), (32 bytes).
    Removing stm32f4xx_rcc.o(i.RCC_AHB1PeriphResetCmd), (32 bytes).
    Removing stm32f4xx_rcc.o(i.RCC_AHB2PeriphClockCmd), (32 bytes).
    Removing stm32f4xx_rcc.o(i.RCC_AHB2PeriphClockLPModeCmd), (32 bytes).
    Removing stm32f4xx_rcc.o(i.RCC_AHB2PeriphResetCmd), (32 bytes).
    Removing stm32f4xx_rcc.o(i.RCC_AHB3PeriphClockCmd), (32 bytes).
    Removing stm32f4xx_rcc.o(i.RCC_AHB3PeriphClockLPModeCmd), (32 bytes).
    Removing stm32f4xx_rcc.o(i.RCC_AHB3PeriphResetCmd), (32 bytes).
    Removing stm32f4xx_rcc.o(i.RCC_APB1PeriphClockCmd), (32 bytes).
    Removing stm32f4xx_rcc.o(i.RCC_APB1PeriphClockLPModeCmd), (32 bytes).
    Removing stm32f4xx_rcc.o(i.RCC_APB1PeriphResetCmd), (32 bytes).
    Removing stm32f4xx_rcc.o(i.RCC_APB2PeriphClockLPModeCmd), (32 bytes).
    Removing stm32f4xx_rcc.o(i.RCC_APB2PeriphResetCmd), (32 bytes).
    Removing stm32f4xx_rcc.o(i.RCC_AdjustHSICalibrationValue), (24 bytes).
    Removing stm32f4xx_rcc.o(i.RCC_BackupResetCmd), (12 bytes).
    Removing stm32f4xx_rcc.o(i.RCC_ClearFlag), (20 bytes).
    Removing stm32f4xx_rcc.o(i.RCC_ClearITPendingBit), (12 bytes).
    Removing stm32f4xx_rcc.o(i.RCC_ClockSecuritySystemCmd), (12 bytes).
    Removing stm32f4xx_rcc.o(i.RCC_DeInit), (100 bytes).
    Removing stm32f4xx_rcc.o(i.RCC_GetFlagStatus), (64 bytes).
    Removing stm32f4xx_rcc.o(i.RCC_GetITStatus), (24 bytes).
    Removing stm32f4xx_rcc.o(i.RCC_GetSYSCLKSource), (16 bytes).
    Removing stm32f4xx_rcc.o(i.RCC_HCLKConfig), (24 bytes).
    Removing stm32f4xx_rcc.o(i.RCC_HSEConfig), (16 bytes).
    Removing stm32f4xx_rcc.o(i.RCC_HSICmd), (12 bytes).
    Removing stm32f4xx_rcc.o(i.RCC_I2SCLKConfig), (12 bytes).
    Removing stm32f4xx_rcc.o(i.RCC_ITConfig), (32 bytes).
    Removing stm32f4xx_rcc.o(i.RCC_LSEConfig), (44 bytes).
    Removing stm32f4xx_rcc.o(i.RCC_LSEModeConfig), (36 bytes).
    Removing stm32f4xx_rcc.o(i.RCC_LSICmd), (12 bytes).
    Removing stm32f4xx_rcc.o(i.RCC_LTDCCLKDivConfig), (24 bytes).
    Removing stm32f4xx_rcc.o(i.RCC_MCO1Config), (28 bytes).
    Removing stm32f4xx_rcc.o(i.RCC_MCO2Config), (28 bytes).
    Removing stm32f4xx_rcc.o(i.RCC_PCLK1Config), (24 bytes).
    Removing stm32f4xx_rcc.o(i.RCC_PCLK2Config), (24 bytes).
    Removing stm32f4xx_rcc.o(i.RCC_PLLCmd), (12 bytes).
    Removing stm32f4xx_rcc.o(i.RCC_PLLConfig), (36 bytes).
    Removing stm32f4xx_rcc.o(i.RCC_PLLI2SCmd), (12 bytes).
    Removing stm32f4xx_rcc.o(i.RCC_PLLI2SConfig), (16 bytes).
    Removing stm32f4xx_rcc.o(i.RCC_PLLSAICmd), (12 bytes).
    Removing stm32f4xx_rcc.o(i.RCC_PLLSAIConfig), (24 bytes).
    Removing stm32f4xx_rcc.o(i.RCC_RTCCLKCmd), (12 bytes).
    Removing stm32f4xx_rcc.o(i.RCC_RTCCLKConfig), (60 bytes).
    Removing stm32f4xx_rcc.o(i.RCC_SAIBlockACLKConfig), (24 bytes).
    Removing stm32f4xx_rcc.o(i.RCC_SAIBlockBCLKConfig), (24 bytes).
    Removing stm32f4xx_rcc.o(i.RCC_SAIPLLI2SClkDivConfig), (28 bytes).
    Removing stm32f4xx_rcc.o(i.RCC_SAIPLLSAIClkDivConfig), (28 bytes).
    Removing stm32f4xx_rcc.o(i.RCC_SYSCLKConfig), (24 bytes).
    Removing stm32f4xx_rcc.o(i.RCC_TIMCLKPresConfig), (12 bytes).
    Removing stm32f4xx_rcc.o(i.RCC_WaitForHSEStartUp), (56 bytes).
    Removing stm32f4xx_rng.o(.rev16_text), (4 bytes).
    Removing stm32f4xx_rng.o(.revsh_text), (4 bytes).
    Removing stm32f4xx_rng.o(i.RNG_ClearFlag), (16 bytes).
    Removing stm32f4xx_rng.o(i.RNG_ClearITPendingBit), (16 bytes).
    Removing stm32f4xx_rng.o(i.RNG_Cmd), (36 bytes).
    Removing stm32f4xx_rng.o(i.RNG_DeInit), (20 bytes).
    Removing stm32f4xx_rng.o(i.RNG_GetFlagStatus), (24 bytes).
    Removing stm32f4xx_rng.o(i.RNG_GetITStatus), (24 bytes).
    Removing stm32f4xx_rng.o(i.RNG_GetRandomNumber), (12 bytes).
    Removing stm32f4xx_rng.o(i.RNG_ITConfig), (36 bytes).
    Removing stm32f4xx_rtc.o(.rev16_text), (4 bytes).
    Removing stm32f4xx_rtc.o(.revsh_text), (4 bytes).
    Removing stm32f4xx_rtc.o(i.RTC_AlarmCmd), (116 bytes).
    Removing stm32f4xx_rtc.o(i.RTC_AlarmStructInit), (22 bytes).
    Removing stm32f4xx_rtc.o(i.RTC_AlarmSubSecondConfig), (52 bytes).
    Removing stm32f4xx_rtc.o(i.RTC_Bcd2ToByte), (22 bytes).
    Removing stm32f4xx_rtc.o(i.RTC_BypassShadowCmd), (60 bytes).
    Removing stm32f4xx_rtc.o(i.RTC_ByteToBcd2), (28 bytes).
    Removing stm32f4xx_rtc.o(i.RTC_CalibOutputCmd), (60 bytes).
    Removing stm32f4xx_rtc.o(i.RTC_CalibOutputConfig), (48 bytes).
    Removing stm32f4xx_rtc.o(i.RTC_ClearFlag), (28 bytes).
    Removing stm32f4xx_rtc.o(i.RTC_ClearITPendingBit), (32 bytes).
    Removing stm32f4xx_rtc.o(i.RTC_CoarseCalibCmd), (80 bytes).
    Removing stm32f4xx_rtc.o(i.RTC_CoarseCalibConfig), (56 bytes).
    Removing stm32f4xx_rtc.o(i.RTC_DateStructInit), (14 bytes).
    Removing stm32f4xx_rtc.o(i.RTC_DayLightSavingConfig), (56 bytes).
    Removing stm32f4xx_rtc.o(i.RTC_DeInit), (212 bytes).
    Removing stm32f4xx_rtc.o(i.RTC_EnterInitMode), (80 bytes).
    Removing stm32f4xx_rtc.o(i.RTC_ExitInitMode), (20 bytes).
    Removing stm32f4xx_rtc.o(i.RTC_GetAlarm), (116 bytes).
    Removing stm32f4xx_rtc.o(i.RTC_GetAlarmSubSecond), (36 bytes).
    Removing stm32f4xx_rtc.o(i.RTC_GetDate), (76 bytes).
    Removing stm32f4xx_rtc.o(i.RTC_GetFlagStatus), (40 bytes).
    Removing stm32f4xx_rtc.o(i.RTC_GetITStatus), (64 bytes).
    Removing stm32f4xx_rtc.o(i.RTC_GetStoreOperation), (16 bytes).
    Removing stm32f4xx_rtc.o(i.RTC_GetSubSecond), (20 bytes).
    Removing stm32f4xx_rtc.o(i.RTC_GetTime), (80 bytes).
    Removing stm32f4xx_rtc.o(i.RTC_GetTimeStamp), (156 bytes).
    Removing stm32f4xx_rtc.o(i.RTC_GetTimeStampSubSecond), (12 bytes).
    Removing stm32f4xx_rtc.o(i.RTC_GetWakeUpCounter), (12 bytes).
    Removing stm32f4xx_rtc.o(i.RTC_ITConfig), (100 bytes).
    Removing stm32f4xx_rtc.o(i.RTC_Init), (100 bytes).
    Removing stm32f4xx_rtc.o(i.RTC_OutputConfig), (56 bytes).
    Removing stm32f4xx_rtc.o(i.RTC_OutputTypeConfig), (28 bytes).
    Removing stm32f4xx_rtc.o(i.RTC_ReadBackupRegister), (32 bytes).
    Removing stm32f4xx_rtc.o(i.RTC_RefClockCmd), (80 bytes).
    Removing stm32f4xx_rtc.o(i.RTC_SetAlarm), (236 bytes).
    Removing stm32f4xx_rtc.o(i.RTC_SetDate), (200 bytes).
    Removing stm32f4xx_rtc.o(i.RTC_SetTime), (208 bytes).
    Removing stm32f4xx_rtc.o(i.RTC_SetWakeUpCounter), (28 bytes).
    Removing stm32f4xx_rtc.o(i.RTC_SmoothCalibConfig), (96 bytes).
    Removing stm32f4xx_rtc.o(i.RTC_StructInit), (14 bytes).
    Removing stm32f4xx_rtc.o(i.RTC_SynchroShiftConfig), (124 bytes).
    Removing stm32f4xx_rtc.o(i.RTC_TamperCmd), (32 bytes).
    Removing stm32f4xx_rtc.o(i.RTC_TamperFilterConfig), (28 bytes).
    Removing stm32f4xx_rtc.o(i.RTC_TamperPinSelection), (28 bytes).
    Removing stm32f4xx_rtc.o(i.RTC_TamperPinsPrechargeDuration), (28 bytes).
    Removing stm32f4xx_rtc.o(i.RTC_TamperPullUpCmd), (36 bytes).
    Removing stm32f4xx_rtc.o(i.RTC_TamperSamplingFreqConfig), (28 bytes).
    Removing stm32f4xx_rtc.o(i.RTC_TamperTriggerConfig), (36 bytes).
    Removing stm32f4xx_rtc.o(i.RTC_TimeStampCmd), (56 bytes).
    Removing stm32f4xx_rtc.o(i.RTC_TimeStampOnTamperDetectionCmd), (36 bytes).
    Removing stm32f4xx_rtc.o(i.RTC_TimeStampPinSelection), (28 bytes).
    Removing stm32f4xx_rtc.o(i.RTC_TimeStructInit), (12 bytes).
    Removing stm32f4xx_rtc.o(i.RTC_WaitForSynchro), (96 bytes).
    Removing stm32f4xx_rtc.o(i.RTC_WakeUpClockConfig), (48 bytes).
    Removing stm32f4xx_rtc.o(i.RTC_WakeUpCmd), (120 bytes).
    Removing stm32f4xx_rtc.o(i.RTC_WriteBackupRegister), (28 bytes).
    Removing stm32f4xx_rtc.o(i.RTC_WriteProtectionCmd), (28 bytes).
    Removing stm32f4xx_sai.o(.rev16_text), (4 bytes).
    Removing stm32f4xx_sai.o(.revsh_text), (4 bytes).
    Removing stm32f4xx_sai.o(i.SAI_ClearFlag), (8 bytes).
    Removing stm32f4xx_sai.o(i.SAI_ClearITPendingBit), (8 bytes).
    Removing stm32f4xx_sai.o(i.SAI_Cmd), (22 bytes).
    Removing stm32f4xx_sai.o(i.SAI_CompandingModeConfig), (16 bytes).
    Removing stm32f4xx_sai.o(i.SAI_DMACmd), (22 bytes).
    Removing stm32f4xx_sai.o(i.SAI_DeInit), (24 bytes).
    Removing stm32f4xx_sai.o(i.SAI_FlushFIFO), (10 bytes).
    Removing stm32f4xx_sai.o(i.SAI_FrameInit), (44 bytes).
    Removing stm32f4xx_sai.o(i.SAI_FrameStructInit), (18 bytes).
    Removing stm32f4xx_sai.o(i.SAI_GetCmdStatus), (20 bytes).
    Removing stm32f4xx_sai.o(i.SAI_GetFIFOStatus), (12 bytes).
    Removing stm32f4xx_sai.o(i.SAI_GetFlagStatus), (18 bytes).
    Removing stm32f4xx_sai.o(i.SAI_GetITStatus), (30 bytes).
    Removing stm32f4xx_sai.o(i.SAI_ITConfig), (18 bytes).
    Removing stm32f4xx_sai.o(i.SAI_Init), (72 bytes).
    Removing stm32f4xx_sai.o(i.SAI_MonoModeConfig), (18 bytes).
    Removing stm32f4xx_sai.o(i.SAI_MuteFrameCounterConfig), (18 bytes).
    Removing stm32f4xx_sai.o(i.SAI_MuteModeCmd), (22 bytes).
    Removing stm32f4xx_sai.o(i.SAI_MuteValueConfig), (16 bytes).
    Removing stm32f4xx_sai.o(i.SAI_ReceiveData), (6 bytes).
    Removing stm32f4xx_sai.o(i.SAI_SendData), (4 bytes).
    Removing stm32f4xx_sai.o(i.SAI_SlotInit), (36 bytes).
    Removing stm32f4xx_sai.o(i.SAI_SlotStructInit), (16 bytes).
    Removing stm32f4xx_sai.o(i.SAI_StructInit), (28 bytes).
    Removing stm32f4xx_sai.o(i.SAI_TRIStateConfig), (18 bytes).
    Removing stm32f4xx_sdio.o(.rev16_text), (4 bytes).
    Removing stm32f4xx_sdio.o(.revsh_text), (4 bytes).
    Removing stm32f4xx_sdio.o(i.SDIO_CEATAITCmd), (16 bytes).
    Removing stm32f4xx_sdio.o(i.SDIO_ClearFlag), (12 bytes).
    Removing stm32f4xx_sdio.o(i.SDIO_ClearITPendingBit), (12 bytes).
    Removing stm32f4xx_sdio.o(i.SDIO_ClockCmd), (12 bytes).
    Removing stm32f4xx_sdio.o(i.SDIO_CmdStructInit), (14 bytes).
    Removing stm32f4xx_sdio.o(i.SDIO_CommandCompletionCmd), (12 bytes).
    Removing stm32f4xx_sdio.o(i.SDIO_DMACmd), (12 bytes).
    Removing stm32f4xx_sdio.o(i.SDIO_DataConfig), (52 bytes).
    Removing stm32f4xx_sdio.o(i.SDIO_DataStructInit), (20 bytes).
    Removing stm32f4xx_sdio.o(i.SDIO_DeInit), (22 bytes).
    Removing stm32f4xx_sdio.o(i.SDIO_GetCommandResponse), (12 bytes).
    Removing stm32f4xx_sdio.o(i.SDIO_GetDataCounter), (12 bytes).
    Removing stm32f4xx_sdio.o(i.SDIO_GetFIFOCount), (12 bytes).
    Removing stm32f4xx_sdio.o(i.SDIO_GetFlagStatus), (24 bytes).
    Removing stm32f4xx_sdio.o(i.SDIO_GetITStatus), (24 bytes).
    Removing stm32f4xx_sdio.o(i.SDIO_GetPowerState), (16 bytes).
    Removing stm32f4xx_sdio.o(i.SDIO_GetResponse), (24 bytes).
    Removing stm32f4xx_sdio.o(i.SDIO_ITConfig), (32 bytes).
    Removing stm32f4xx_sdio.o(i.SDIO_Init), (48 bytes).
    Removing stm32f4xx_sdio.o(i.SDIO_ReadData), (12 bytes).
    Removing stm32f4xx_sdio.o(i.SDIO_SendCEATACmd), (12 bytes).
    Removing stm32f4xx_sdio.o(i.SDIO_SendCommand), (44 bytes).
    Removing stm32f4xx_sdio.o(i.SDIO_SendSDIOSuspendCmd), (12 bytes).
    Removing stm32f4xx_sdio.o(i.SDIO_SetPowerState), (12 bytes).
    Removing stm32f4xx_sdio.o(i.SDIO_SetSDIOOperation), (12 bytes).
    Removing stm32f4xx_sdio.o(i.SDIO_SetSDIOReadWaitMode), (12 bytes).
    Removing stm32f4xx_sdio.o(i.SDIO_StartSDIOReadWait), (12 bytes).
    Removing stm32f4xx_sdio.o(i.SDIO_StopSDIOReadWait), (12 bytes).
    Removing stm32f4xx_sdio.o(i.SDIO_StructInit), (16 bytes).
    Removing stm32f4xx_sdio.o(i.SDIO_WriteData), (12 bytes).
    Removing stm32f4xx_spi.o(.rev16_text), (4 bytes).
    Removing stm32f4xx_spi.o(.revsh_text), (4 bytes).
    Removing stm32f4xx_spi.o(i.I2S_Cmd), (24 bytes).
    Removing stm32f4xx_spi.o(i.I2S_FullDuplexConfig), (80 bytes).
    Removing stm32f4xx_spi.o(i.I2S_Init), (408 bytes).
    Removing stm32f4xx_spi.o(i.I2S_StructInit), (20 bytes).
    Removing stm32f4xx_spi.o(i.SPI_BiDirectionalLineConfig), (28 bytes).
    Removing stm32f4xx_spi.o(i.SPI_CalculateCRC), (24 bytes).
    Removing stm32f4xx_spi.o(i.SPI_Cmd), (24 bytes).
    Removing stm32f4xx_spi.o(i.SPI_DataSizeConfig), (18 bytes).
    Removing stm32f4xx_spi.o(i.SPI_GetCRC), (16 bytes).
    Removing stm32f4xx_spi.o(i.SPI_GetCRCPolynomial), (6 bytes).
    Removing stm32f4xx_spi.o(i.SPI_I2S_ClearFlag), (6 bytes).
    Removing stm32f4xx_spi.o(i.SPI_I2S_ClearITPendingBit), (20 bytes).
    Removing stm32f4xx_spi.o(i.SPI_I2S_DMACmd), (18 bytes).
    Removing stm32f4xx_spi.o(i.SPI_I2S_DeInit), (176 bytes).
    Removing stm32f4xx_spi.o(i.SPI_I2S_GetFlagStatus), (18 bytes).
    Removing stm32f4xx_spi.o(i.SPI_I2S_GetITStatus), (52 bytes).
    Removing stm32f4xx_spi.o(i.SPI_I2S_ITConfig), (32 bytes).
    Removing stm32f4xx_spi.o(i.SPI_I2S_ReceiveData), (6 bytes).
    Removing stm32f4xx_spi.o(i.SPI_I2S_SendData), (4 bytes).
    Removing stm32f4xx_spi.o(i.SPI_Init), (60 bytes).
    Removing stm32f4xx_spi.o(i.SPI_NSSInternalSoftwareConfig), (30 bytes).
    Removing stm32f4xx_spi.o(i.SPI_SSOutputCmd), (24 bytes).
    Removing stm32f4xx_spi.o(i.SPI_StructInit), (24 bytes).
    Removing stm32f4xx_spi.o(i.SPI_TIModeCmd), (24 bytes).
    Removing stm32f4xx_spi.o(i.SPI_TransmitCRC), (10 bytes).
    Removing stm32f4xx_syscfg.o(.rev16_text), (4 bytes).
    Removing stm32f4xx_syscfg.o(.revsh_text), (4 bytes).
    Removing stm32f4xx_syscfg.o(i.SYSCFG_CompensationCellCmd), (12 bytes).
    Removing stm32f4xx_syscfg.o(i.SYSCFG_DeInit), (22 bytes).
    Removing stm32f4xx_syscfg.o(i.SYSCFG_ETH_MediaInterfaceConfig), (12 bytes).
    Removing stm32f4xx_syscfg.o(i.SYSCFG_EXTILineConfig), (64 bytes).
    Removing stm32f4xx_syscfg.o(i.SYSCFG_GetCompensationCellStatus), (24 bytes).
    Removing stm32f4xx_syscfg.o(i.SYSCFG_MemoryRemapConfig), (12 bytes).
    Removing stm32f4xx_syscfg.o(i.SYSCFG_MemorySwappingBank), (12 bytes).
    Removing stm32f4xx_tim.o(.rev16_text), (4 bytes).
    Removing stm32f4xx_tim.o(.revsh_text), (4 bytes).
    Removing stm32f4xx_tim.o(i.TI1_Config), (58 bytes).
    Removing stm32f4xx_tim.o(i.TI2_Config), (80 bytes).
    Removing stm32f4xx_tim.o(i.TI3_Config), (72 bytes).
    Removing stm32f4xx_tim.o(i.TI4_Config), (80 bytes).
    Removing stm32f4xx_tim.o(i.TIM_ARRPreloadConfig), (24 bytes).
    Removing stm32f4xx_tim.o(i.TIM_BDTRConfig), (32 bytes).
    Removing stm32f4xx_tim.o(i.TIM_BDTRStructInit), (18 bytes).
    Removing stm32f4xx_tim.o(i.TIM_CCPreloadControl), (24 bytes).
    Removing stm32f4xx_tim.o(i.TIM_CCxCmd), (30 bytes).
    Removing stm32f4xx_tim.o(i.TIM_CCxNCmd), (30 bytes).
    Removing stm32f4xx_tim.o(i.TIM_ClearFlag), (6 bytes).
    Removing stm32f4xx_tim.o(i.TIM_ClearITPendingBit), (6 bytes).
    Removing stm32f4xx_tim.o(i.TIM_ClearOC1Ref), (18 bytes).
    Removing stm32f4xx_tim.o(i.TIM_ClearOC2Ref), (24 bytes).
    Removing stm32f4xx_tim.o(i.TIM_ClearOC3Ref), (18 bytes).
    Removing stm32f4xx_tim.o(i.TIM_ClearOC4Ref), (24 bytes).
    Removing stm32f4xx_tim.o(i.TIM_Cmd), (24 bytes).
    Removing stm32f4xx_tim.o(i.TIM_CounterModeConfig), (18 bytes).
    Removing stm32f4xx_tim.o(i.TIM_CtrlPWMOutputs), (30 bytes).
    Removing stm32f4xx_tim.o(i.TIM_DMACmd), (18 bytes).
    Removing stm32f4xx_tim.o(i.TIM_DMAConfig), (10 bytes).
    Removing stm32f4xx_tim.o(i.TIM_DeInit), (400 bytes).
    Removing stm32f4xx_tim.o(i.TIM_ETRClockMode1Config), (54 bytes).
    Removing stm32f4xx_tim.o(i.TIM_ETRClockMode2Config), (32 bytes).
    Removing stm32f4xx_tim.o(i.TIM_ETRConfig), (28 bytes).
    Removing stm32f4xx_tim.o(i.TIM_EncoderInterfaceConfig), (66 bytes).
    Removing stm32f4xx_tim.o(i.TIM_ForcedOC1Config), (18 bytes).
    Removing stm32f4xx_tim.o(i.TIM_ForcedOC2Config), (26 bytes).
    Removing stm32f4xx_tim.o(i.TIM_ForcedOC3Config), (18 bytes).
    Removing stm32f4xx_tim.o(i.TIM_ForcedOC4Config), (26 bytes).
    Removing stm32f4xx_tim.o(i.TIM_GenerateEvent), (4 bytes).
    Removing stm32f4xx_tim.o(i.TIM_GetCapture1), (6 bytes).
    Removing stm32f4xx_tim.o(i.TIM_GetCapture2), (6 bytes).
    Removing stm32f4xx_tim.o(i.TIM_GetCapture3), (6 bytes).
    Removing stm32f4xx_tim.o(i.TIM_GetCapture4), (6 bytes).
    Removing stm32f4xx_tim.o(i.TIM_GetCounter), (6 bytes).
    Removing stm32f4xx_tim.o(i.TIM_GetFlagStatus), (18 bytes).
    Removing stm32f4xx_tim.o(i.TIM_GetITStatus), (34 bytes).
    Removing stm32f4xx_tim.o(i.TIM_GetPrescaler), (6 bytes).
    Removing stm32f4xx_tim.o(i.TIM_ICInit), (110 bytes).
    Removing stm32f4xx_tim.o(i.TIM_ICStructInit), (18 bytes).
    Removing stm32f4xx_tim.o(i.TIM_ITConfig), (18 bytes).
    Removing stm32f4xx_tim.o(i.TIM_ITRxExternalClockConfig), (24 bytes).
    Removing stm32f4xx_tim.o(i.TIM_InternalClockConfig), (12 bytes).
    Removing stm32f4xx_tim.o(i.TIM_OC1FastConfig), (18 bytes).
    Removing stm32f4xx_tim.o(i.TIM_OC1Init), (124 bytes).
    Removing stm32f4xx_tim.o(i.TIM_OC1NPolarityConfig), (18 bytes).
    Removing stm32f4xx_tim.o(i.TIM_OC1PolarityConfig), (18 bytes).
    Removing stm32f4xx_tim.o(i.TIM_OC1PreloadConfig), (18 bytes).
    Removing stm32f4xx_tim.o(i.TIM_OC2FastConfig), (26 bytes).
    Removing stm32f4xx_tim.o(i.TIM_OC2Init), (164 bytes).
    Removing stm32f4xx_tim.o(i.TIM_OC2NPolarityConfig), (26 bytes).
    Removing stm32f4xx_tim.o(i.TIM_OC2PolarityConfig), (26 bytes).
    Removing stm32f4xx_tim.o(i.TIM_OC2PreloadConfig), (26 bytes).
    Removing stm32f4xx_tim.o(i.TIM_OC3FastConfig), (18 bytes).
    Removing stm32f4xx_tim.o(i.TIM_OC3Init), (160 bytes).
    Removing stm32f4xx_tim.o(i.TIM_OC3NPolarityConfig), (26 bytes).
    Removing stm32f4xx_tim.o(i.TIM_OC3PolarityConfig), (26 bytes).
    Removing stm32f4xx_tim.o(i.TIM_OC3PreloadConfig), (18 bytes).
    Removing stm32f4xx_tim.o(i.TIM_OC4FastConfig), (26 bytes).
    Removing stm32f4xx_tim.o(i.TIM_OC4Init), (120 bytes).
    Removing stm32f4xx_tim.o(i.TIM_OC4PolarityConfig), (26 bytes).
    Removing stm32f4xx_tim.o(i.TIM_OC4PreloadConfig), (26 bytes).
    Removing stm32f4xx_tim.o(i.TIM_OCStructInit), (20 bytes).
    Removing stm32f4xx_tim.o(i.TIM_PWMIConfig), (124 bytes).
    Removing stm32f4xx_tim.o(i.TIM_PrescalerConfig), (6 bytes).
    Removing stm32f4xx_tim.o(i.TIM_RemapConfig), (6 bytes).
    Removing stm32f4xx_tim.o(i.TIM_SelectCCDMA), (24 bytes).
    Removing stm32f4xx_tim.o(i.TIM_SelectCOM), (24 bytes).
    Removing stm32f4xx_tim.o(i.TIM_SelectHallSensor), (24 bytes).
    Removing stm32f4xx_tim.o(i.TIM_SelectInputTrigger), (18 bytes).
    Removing stm32f4xx_tim.o(i.TIM_SelectMasterSlaveMode), (18 bytes).
    Removing stm32f4xx_tim.o(i.TIM_SelectOCxM), (86 bytes).
    Removing stm32f4xx_tim.o(i.TIM_SelectOnePulseMode), (18 bytes).
    Removing stm32f4xx_tim.o(i.TIM_SelectOutputTrigger), (18 bytes).
    Removing stm32f4xx_tim.o(i.TIM_SelectSlaveMode), (18 bytes).
    Removing stm32f4xx_tim.o(i.TIM_SetAutoreload), (4 bytes).
    Removing stm32f4xx_tim.o(i.TIM_SetClockDivision), (18 bytes).
    Removing stm32f4xx_tim.o(i.TIM_SetCompare1), (4 bytes).
    Removing stm32f4xx_tim.o(i.TIM_SetCompare2), (4 bytes).
    Removing stm32f4xx_tim.o(i.TIM_SetCompare3), (4 bytes).
    Removing stm32f4xx_tim.o(i.TIM_SetCompare4), (4 bytes).
    Removing stm32f4xx_tim.o(i.TIM_SetCounter), (4 bytes).
    Removing stm32f4xx_tim.o(i.TIM_SetIC1Prescaler), (18 bytes).
    Removing stm32f4xx_tim.o(i.TIM_SetIC2Prescaler), (26 bytes).
    Removing stm32f4xx_tim.o(i.TIM_SetIC3Prescaler), (18 bytes).
    Removing stm32f4xx_tim.o(i.TIM_SetIC4Prescaler), (26 bytes).
    Removing stm32f4xx_tim.o(i.TIM_TIxExternalClockConfig), (62 bytes).
    Removing stm32f4xx_tim.o(i.TIM_TimeBaseInit), (132 bytes).
    Removing stm32f4xx_tim.o(i.TIM_TimeBaseStructInit), (18 bytes).
    Removing stm32f4xx_tim.o(i.TIM_UpdateDisableConfig), (24 bytes).
    Removing stm32f4xx_tim.o(i.TIM_UpdateRequestConfig), (24 bytes).
    Removing stm32f4xx_usart.o(.rev16_text), (4 bytes).
    Removing stm32f4xx_usart.o(.revsh_text), (4 bytes).
    Removing stm32f4xx_usart.o(i.USART_ClearFlag), (18 bytes).
    Removing stm32f4xx_usart.o(i.USART_ClearITPendingBit), (30 bytes).
    Removing stm32f4xx_usart.o(i.USART_ClockInit), (32 bytes).
    Removing stm32f4xx_usart.o(i.USART_ClockStructInit), (12 bytes).
    Removing stm32f4xx_usart.o(i.USART_DMACmd), (18 bytes).
    Removing stm32f4xx_usart.o(i.USART_DeInit), (240 bytes).
    Removing stm32f4xx_usart.o(i.USART_GetITStatus), (84 bytes).
    Removing stm32f4xx_usart.o(i.USART_HalfDuplexCmd), (24 bytes).
    Removing stm32f4xx_usart.o(i.USART_IrDACmd), (24 bytes).
    Removing stm32f4xx_usart.o(i.USART_IrDAConfig), (18 bytes).
    Removing stm32f4xx_usart.o(i.USART_LINBreakDetectLengthConfig), (18 bytes).
    Removing stm32f4xx_usart.o(i.USART_LINCmd), (24 bytes).
    Removing stm32f4xx_usart.o(i.USART_OneBitMethodCmd), (24 bytes).
    Removing stm32f4xx_usart.o(i.USART_OverSampling8Cmd), (22 bytes).
    Removing stm32f4xx_usart.o(i.USART_ReceiveData), (10 bytes).
    Removing stm32f4xx_usart.o(i.USART_ReceiverWakeUpCmd), (24 bytes).
    Removing stm32f4xx_usart.o(i.USART_SendBreak), (10 bytes).
    Removing stm32f4xx_usart.o(i.USART_SetAddress), (18 bytes).
    Removing stm32f4xx_usart.o(i.USART_SetGuardTime), (16 bytes).
    Removing stm32f4xx_usart.o(i.USART_SetPrescaler), (16 bytes).
    Removing stm32f4xx_usart.o(i.USART_SmartCardCmd), (24 bytes).
    Removing stm32f4xx_usart.o(i.USART_SmartCardNACKCmd), (24 bytes).
    Removing stm32f4xx_usart.o(i.USART_StructInit), (24 bytes).
    Removing stm32f4xx_usart.o(i.USART_WakeUpConfig), (18 bytes).
    Removing stm32f4xx_wwdg.o(.rev16_text), (4 bytes).
    Removing stm32f4xx_wwdg.o(.revsh_text), (4 bytes).
    Removing stm32f4xx_wwdg.o(i.WWDG_ClearFlag), (12 bytes).
    Removing stm32f4xx_wwdg.o(i.WWDG_DeInit), (22 bytes).
    Removing stm32f4xx_wwdg.o(i.WWDG_Enable), (16 bytes).
    Removing stm32f4xx_wwdg.o(i.WWDG_EnableIT), (12 bytes).
    Removing stm32f4xx_wwdg.o(i.WWDG_GetFlagStatus), (20 bytes).
    Removing stm32f4xx_wwdg.o(i.WWDG_SetCounter), (16 bytes).
    Removing stm32f4xx_wwdg.o(i.WWDG_SetPrescaler), (24 bytes).
    Removing stm32f4xx_wwdg.o(i.WWDG_SetWindowValue), (40 bytes).
    Removing stm32f429_eth.o(.rev16_text), (4 bytes).
    Removing stm32f429_eth.o(.revsh_text), (4 bytes).
    Removing stm32f429_eth.o(i.ETH_BackPressureActivationCmd), (64 bytes).
    Removing stm32f429_eth.o(i.ETH_CheckFrameReceived), (220 bytes).
    Removing stm32f429_eth.o(i.ETH_DMAClearFlag), (12 bytes).
    Removing stm32f429_eth.o(i.ETH_DMAClearITPendingBit), (12 bytes).
    Removing stm32f429_eth.o(i.ETH_DMAITConfig), (32 bytes).
    Removing stm32f429_eth.o(i.ETH_DMAReceptionCmd), (36 bytes).
    Removing stm32f429_eth.o(i.ETH_DMARxDescChainInit), (100 bytes).
    Removing stm32f429_eth.o(i.ETH_DMARxDescReceiveITConfig), (22 bytes).
    Removing stm32f429_eth.o(i.ETH_DMATransmissionCmd), (36 bytes).
    Removing stm32f429_eth.o(i.ETH_DMATxDescBufferSizeConfig), (14 bytes).
    Removing stm32f429_eth.o(i.ETH_DMATxDescCRCCmd), (22 bytes).
    Removing stm32f429_eth.o(i.ETH_DMATxDescChainInit), (80 bytes).
    Removing stm32f429_eth.o(i.ETH_DMATxDescChecksumInsertionConfig), (8 bytes).
    Removing stm32f429_eth.o(i.ETH_DMATxDescFrameSegmentConfig), (8 bytes).
    Removing stm32f429_eth.o(i.ETH_DMATxDescSecondAddressChainedCmd), (22 bytes).
    Removing stm32f429_eth.o(i.ETH_DMATxDescShortFramePaddingCmd), (22 bytes).
    Removing stm32f429_eth.o(i.ETH_DMATxDescTransmitITConfig), (22 bytes).
    Removing stm32f429_eth.o(i.ETH_DeInit), (22 bytes).
    Removing stm32f429_eth.o(i.ETH_Delay), (28 bytes).
    Removing stm32f429_eth.o(i.ETH_EnhancedDescriptorCmd), (64 bytes).
    Removing stm32f429_eth.o(i.ETH_FlushTransmitFIFO), (44 bytes).
    Removing stm32f429_eth.o(i.ETH_GetBufferUnavailableMissedFrameCounter), (12 bytes).
    Removing stm32f429_eth.o(i.ETH_GetCurrentRxBufferAddress), (12 bytes).
    Removing stm32f429_eth.o(i.ETH_GetCurrentRxDescStartAddress), (12 bytes).
    Removing stm32f429_eth.o(i.ETH_GetCurrentTxBufferAddress), (12 bytes).
    Removing stm32f429_eth.o(i.ETH_GetCurrentTxDescStartAddress), (12 bytes).
    Removing stm32f429_eth.o(i.ETH_GetDMAFlagStatus), (24 bytes).
    Removing stm32f429_eth.o(i.ETH_GetDMAITStatus), (24 bytes).
    Removing stm32f429_eth.o(i.ETH_GetDMAOverflowStatus), (24 bytes).
    Removing stm32f429_eth.o(i.ETH_GetDMAPTPRxDescExtendedFlagStatus), (18 bytes).
    Removing stm32f429_eth.o(i.ETH_GetDMARxDescBufferSize), (20 bytes).
    Removing stm32f429_eth.o(i.ETH_GetDMARxDescFlagStatus), (18 bytes).
    Removing stm32f429_eth.o(i.ETH_GetDMARxDescFrameLength), (10 bytes).
    Removing stm32f429_eth.o(i.ETH_GetDMATxDescCollisionCount), (10 bytes).
    Removing stm32f429_eth.o(i.ETH_GetDMATxDescFlagStatus), (18 bytes).
    Removing stm32f429_eth.o(i.ETH_GetFlowControlBusyStatus), (24 bytes).
    Removing stm32f429_eth.o(i.ETH_GetFlushTransmitFIFOStatus), (24 bytes).
    Removing stm32f429_eth.o(i.ETH_GetMACAddress), (40 bytes).
    Removing stm32f429_eth.o(i.ETH_GetMACFlagStatus), (24 bytes).
    Removing stm32f429_eth.o(i.ETH_GetMACITStatus), (24 bytes).
    Removing stm32f429_eth.o(i.ETH_GetMMCITStatus), (68 bytes).
    Removing stm32f429_eth.o(i.ETH_GetMMCRegister), (12 bytes).
    Removing stm32f429_eth.o(i.ETH_GetPMTFlagStatus), (24 bytes).
    Removing stm32f429_eth.o(i.ETH_GetReceiveProcessState), (16 bytes).
    Removing stm32f429_eth.o(i.ETH_GetRxOverflowMissedFrameCounter), (16 bytes).
    Removing stm32f429_eth.o(i.ETH_GetRxPktSize), (42 bytes).
    Removing stm32f429_eth.o(i.ETH_GetSoftwareResetStatus), (24 bytes).
    Removing stm32f429_eth.o(i.ETH_GetTransmitProcessState), (16 bytes).
    Removing stm32f429_eth.o(i.ETH_Get_Received_Frame), (72 bytes).
    Removing stm32f429_eth.o(i.ETH_Get_Received_Frame_interrupt), (280 bytes).
    Removing stm32f429_eth.o(i.ETH_GlobalUnicastWakeUpCmd), (64 bytes).
    Removing stm32f429_eth.o(i.ETH_Init), (808 bytes).
    Removing stm32f429_eth.o(i.ETH_InitiatePauseControlFrame), (44 bytes).
    Removing stm32f429_eth.o(i.ETH_MACAddressConfig), (52 bytes).
    Removing stm32f429_eth.o(i.ETH_MACAddressFilterConfig), (76 bytes).
    Removing stm32f429_eth.o(i.ETH_MACAddressMaskBytesFilterConfig), (92 bytes).
    Removing stm32f429_eth.o(i.ETH_MACAddressPerfectFilterCmd), (76 bytes).
    Removing stm32f429_eth.o(i.ETH_MACITConfig), (32 bytes).
    Removing stm32f429_eth.o(i.ETH_MACReceptionCmd), (64 bytes).
    Removing stm32f429_eth.o(i.ETH_MACTransmissionCmd), (64 bytes).
    Removing stm32f429_eth.o(i.ETH_MMCCounterFreezeCmd), (44 bytes).
    Removing stm32f429_eth.o(i.ETH_MMCCounterFullPreset), (24 bytes).
    Removing stm32f429_eth.o(i.ETH_MMCCounterHalfPreset), (40 bytes).
    Removing stm32f429_eth.o(i.ETH_MMCCounterRolloverCmd), (44 bytes).
    Removing stm32f429_eth.o(i.ETH_MMCCountersReset), (24 bytes).
    Removing stm32f429_eth.o(i.ETH_MMCITConfig), (84 bytes).
    Removing stm32f429_eth.o(i.ETH_MMCResetOnReadCmd), (44 bytes).
    Removing stm32f429_eth.o(i.ETH_MagicPacketDetectionCmd), (64 bytes).
    Removing stm32f429_eth.o(i.ETH_PHYLoopBackCmd), (52 bytes).
    Removing stm32f429_eth.o(i.ETH_PowerDownCmd), (64 bytes).
    Removing stm32f429_eth.o(i.ETH_Prepare_Transmit_Descriptors), (204 bytes).
    Removing stm32f429_eth.o(i.ETH_ReadPHYRegister), (108 bytes).
    Removing stm32f429_eth.o(i.ETH_ResetWakeUpFrameFilterRegisterPointer), (44 bytes).
    Removing stm32f429_eth.o(i.ETH_ResumeDMAReception), (12 bytes).
    Removing stm32f429_eth.o(i.ETH_ResumeDMATransmission), (12 bytes).
    Removing stm32f429_eth.o(i.ETH_SetDMARxDescOwnBit), (10 bytes).
    Removing stm32f429_eth.o(i.ETH_SetDMATxDescOwnBit), (10 bytes).
    Removing stm32f429_eth.o(i.ETH_SetReceiveWatchdogTimer), (12 bytes).
    Removing stm32f429_eth.o(i.ETH_SetWakeUpFrameFilterRegister), (56 bytes).
    Removing stm32f429_eth.o(i.ETH_SoftwareReset), (20 bytes).
    Removing stm32f429_eth.o(i.ETH_Start), (32 bytes).
    Removing stm32f429_eth.o(i.ETH_Stop), (32 bytes).
    Removing stm32f429_eth.o(i.ETH_StructInit), (178 bytes).
    Removing stm32f429_eth.o(i.ETH_WakeUpFrameDetectionCmd), (64 bytes).
    Removing stm32f429_eth.o(i.ETH_WritePHYRegister), (104 bytes).
    Removing stm32f429_eth.o(.bss), (15572 bytes).
    Removing stm32f429_eth.o(.data), (16 bytes).
    Removing bsp.o(.rev16_text), (4 bytes).
    Removing bsp.o(.revsh_text), (4 bytes).
    Removing bsp.o(i.BSP_Tick_Init), (24 bytes).
    Removing bsp_debug_usart.o(.rev16_text), (4 bytes).
    Removing bsp_debug_usart.o(.revsh_text), (4 bytes).
    Removing bsp_debug_usart.o(i.Usart_SendByte), (30 bytes).
    Removing bsp_debug_usart.o(i.Usart_SendHalfWord), (60 bytes).
    Removing bsp_debug_usart.o(i.Usart_SendString), (42 bytes).
    Removing bsp_debug_usart.o(i.fgetc), (32 bytes).
    Removing bsp_systick.o(.rev16_text), (4 bytes).
    Removing bsp_systick.o(.revsh_text), (4 bytes).
    Removing bsp_systick.o(i.Delay_us), (24 bytes).
    Removing bsp_systick.o(i.SysTick_Init), (104 bytes).
    Removing bsp_systick.o(i.TimingDelay_Decrement), (24 bytes).
    Removing bsp_systick.o(.data), (4 bytes).
    Removing lan8742a.o(.rev16_text), (4 bytes).
    Removing lan8742a.o(.revsh_text), (4 bytes).
    Removing lan8742a.o(i.ETH_BSP_Config), (44 bytes).
    Removing lan8742a.o(i.ETH_GPIO_Config), (324 bytes).
    Removing lan8742a.o(i.ETH_MACDMA_Config), (160 bytes).
    Removing lan8742a.o(.bss), (248 bytes).
    Removing lan8742a.o(.data), (5 bytes).
    Removing main.o(.rev16_text), (4 bytes).
    Removing main.o(.revsh_text), (4 bytes).
    Removing stm32f4xx_it.o(.rev16_text), (4 bytes).
    Removing stm32f4xx_it.o(.revsh_text), (4 bytes).
    Removing stm32f4xx_it.o(i.PendSV_Handler), (2 bytes).
    Removing stm32f4xx_it.o(i.SysTick_Handler), (16 bytes).
    Removing app_hooks.o(.rev16_text), (4 bytes).
    Removing app_hooks.o(.revsh_text), (4 bytes).
    Removing cpu_c.o(i.CPU_BitBandClr), (68 bytes).
    Removing cpu_c.o(i.CPU_BitBandSet), (68 bytes).
    Removing cpu_c.o(i.CPU_IntSrcDis), (376 bytes).
    Removing cpu_c.o(i.CPU_IntSrcEn), (376 bytes).
    Removing cpu_c.o(i.CPU_IntSrcPendClr), (172 bytes).
    Removing cpu_c.o(i.CPU_IntSrcPrioGet), (520 bytes).
    Removing cpu_c.o(i.CPU_IntSrcPrioSet), (564 bytes).
    Removing cpu_core.o(i.CPU_CntLeadZeros08), (18 bytes).
    Removing cpu_core.o(i.CPU_CntLeadZeros16), (18 bytes).
    Removing cpu_core.o(i.CPU_CntLeadZeros32), (18 bytes).
    Removing cpu_core.o(i.CPU_CntLeadZeros64), (192 bytes).
    Removing cpu_core.o(i.CPU_CntTrailZeros08), (22 bytes).
    Removing cpu_core.o(i.CPU_CntTrailZeros16), (22 bytes).
    Removing cpu_core.o(i.CPU_CntTrailZeros32), (22 bytes).
    Removing cpu_core.o(i.CPU_CntTrailZeros64), (62 bytes).
    Removing cpu_core.o(i.CPU_IntDisMeasMaxCalc), (28 bytes).
    Removing cpu_core.o(i.CPU_IntDisMeasMaxCurGet), (44 bytes).
    Removing cpu_core.o(i.CPU_IntDisMeasMaxCurReset), (44 bytes).
    Removing cpu_core.o(i.CPU_IntDisMeasMaxGet), (44 bytes).
    Removing cpu_core.o(i.CPU_NameGet), (84 bytes).
    Removing cpu_core.o(i.CPU_NameSet), (108 bytes).
    Removing cpu_core.o(i.CPU_PopCnt32), (56 bytes).
    Removing cpu_core.o(i.CPU_TS_Get32), (12 bytes).
    Removing cpu_core.o(i.CPU_TS_TmrFreqGet), (36 bytes).
    Removing cpu_core.o(i.CPU_TS_Update), (2 bytes).
    Removing cpu_core.o(.constdata), (260 bytes).
    Removing lib_ascii.o(i.ASCII_Cmp), (38 bytes).
    Removing lib_ascii.o(i.ASCII_IsAlpha), (48 bytes).
    Removing lib_ascii.o(i.ASCII_IsAlphaNum), (76 bytes).
    Removing lib_ascii.o(i.ASCII_IsBlank), (20 bytes).
    Removing lib_ascii.o(i.ASCII_IsCtrl), (26 bytes).
    Removing lib_ascii.o(i.ASCII_IsDig), (20 bytes).
    Removing lib_ascii.o(i.ASCII_IsDigHex), (36 bytes).
    Removing lib_ascii.o(i.ASCII_IsDigOct), (20 bytes).
    Removing lib_ascii.o(i.ASCII_IsGraph), (20 bytes).
    Removing lib_ascii.o(i.ASCII_IsLower), (20 bytes).
    Removing lib_ascii.o(i.ASCII_IsPrint), (20 bytes).
    Removing lib_ascii.o(i.ASCII_IsPunct), (134 bytes).
    Removing lib_ascii.o(i.ASCII_IsSpace), (36 bytes).
    Removing lib_ascii.o(i.ASCII_IsUpper), (20 bytes).
    Removing lib_ascii.o(i.ASCII_ToLower), (32 bytes).
    Removing lib_ascii.o(i.ASCII_ToUpper), (32 bytes).
    Removing lib_math.o(i.Math_Init), (10 bytes).
    Removing lib_math.o(i.Math_Rand), (64 bytes).
    Removing lib_math.o(i.Math_RandSeed), (24 bytes).
    Removing lib_math.o(i.Math_RandSetSeed), (52 bytes).
    Removing lib_math.o(.data), (4 bytes).
    Removing lib_mem.o(i.Mem_Cmp), (192 bytes).
    Removing lib_mem.o(i.Mem_DynPoolBlkFree), (142 bytes).
    Removing lib_mem.o(i.Mem_DynPoolBlkGet), (210 bytes).
    Removing lib_mem.o(i.Mem_DynPoolBlkNbrAvailGet), (78 bytes).
    Removing lib_mem.o(i.Mem_DynPoolCreate), (64 bytes).
    Removing lib_mem.o(i.Mem_DynPoolCreateHW), (64 bytes).
    Removing lib_mem.o(i.Mem_DynPoolCreateInternal), (210 bytes).
    Removing lib_mem.o(i.Mem_HeapAlloc), (60 bytes).
    Removing lib_mem.o(i.Mem_HeapGetSizeRem), (44 bytes).
    Removing lib_mem.o(i.Mem_Move), (186 bytes).
    Removing lib_mem.o(i.Mem_PoolBlkFree), (108 bytes).
    Removing lib_mem.o(i.Mem_PoolBlkGet), (100 bytes).
    Removing lib_mem.o(i.Mem_PoolBlkGetNbrAvail), (60 bytes).
    Removing lib_mem.o(i.Mem_PoolClr), (22 bytes).
    Removing lib_mem.o(i.Mem_PoolCreate), (440 bytes).
    Removing lib_mem.o(i.Mem_SegAlloc), (52 bytes).
    Removing lib_mem.o(i.Mem_SegAllocExt), (52 bytes).
    Removing lib_mem.o(i.Mem_SegAllocExtCritical), (164 bytes).
    Removing lib_mem.o(i.Mem_SegAllocHW), (52 bytes).
    Removing lib_mem.o(i.Mem_SegAllocInternal), (112 bytes).
    Removing lib_mem.o(i.Mem_SegClr), (56 bytes).
    Removing lib_mem.o(i.Mem_SegOverlapChkCritical), (88 bytes).
    Removing lib_mem.o(i.Mem_SegRemSizeGet), (132 bytes).
    Removing lib_str.o(i.Str_Cat), (24 bytes).
    Removing lib_str.o(i.Str_Cat_N), (90 bytes).
    Removing lib_str.o(i.Str_Char), (24 bytes).
    Removing lib_str.o(i.Str_Char_Last), (24 bytes).
    Removing lib_str.o(i.Str_Char_Last_N), (76 bytes).
    Removing lib_str.o(i.Str_Char_N), (74 bytes).
    Removing lib_str.o(i.Str_Char_Replace), (28 bytes).
    Removing lib_str.o(i.Str_Char_Replace_N), (52 bytes).
    Removing lib_str.o(i.Str_Cmp), (24 bytes).
    Removing lib_str.o(i.Str_CmpIgnoreCase), (24 bytes).
    Removing lib_str.o(i.Str_CmpIgnoreCase_N), (264 bytes).
    Removing lib_str.o(i.Str_Cmp_N), (156 bytes).
    Removing lib_str.o(i.Str_Copy), (24 bytes).
    Removing lib_str.o(i.Str_Copy_N), (70 bytes).
    Removing lib_str.o(i.Str_FmtNbr_Int32), (474 bytes).
    Removing lib_str.o(i.Str_FmtNbr_Int32S), (62 bytes).
    Removing lib_str.o(i.Str_FmtNbr_Int32U), (46 bytes).
    Removing lib_str.o(i.Str_Len), (20 bytes).
    Removing lib_str.o(i.Str_Len_N), (28 bytes).
    Removing lib_str.o(i.Str_ParseNbr_Int32), (452 bytes).
    Removing lib_str.o(i.Str_ParseNbr_Int32S), (74 bytes).
    Removing lib_str.o(i.Str_ParseNbr_Int32U), (30 bytes).
    Removing lib_str.o(i.Str_Str), (24 bytes).
    Removing lib_str.o(i.Str_Str_N), (182 bytes).
    Removing lib_str.o(.constdata), (148 bytes).
    Removing lib_mem_a.o(.text), (544 bytes).
    Removing os_cpu_c.o(.rev16_text), (4 bytes).
    Removing os_cpu_c.o(.revsh_text), (4 bytes).
    Removing os_core.o(i.OSEventNameGet), (104 bytes).
    Removing os_core.o(i.OSEventNameSet), (88 bytes).
    Removing os_core.o(i.OSEventPendMulti), (660 bytes).
    Removing os_core.o(i.OSIntEnter), (36 bytes).
    Removing os_core.o(i.OSSchedLock), (64 bytes).
    Removing os_core.o(i.OSSchedUnlock), (96 bytes).
    Removing os_core.o(i.OSVersion), (6 bytes).
    Removing os_core.o(i.OS_EventTaskRdy), (144 bytes).
    Removing os_core.o(i.OS_EventTaskWait), (124 bytes).
    Removing os_core.o(i.OS_EventTaskWaitMulti), (148 bytes).
    Removing os_core.o(i.OS_EventWaitListInit), (28 bytes).
    Removing os_core.o(i.OS_MemCopy), (20 bytes).
    Removing os_core.o(i.OS_StrLen), (20 bytes).
    Removing os_flag.o(i.OSFlagAccept), (252 bytes).
    Removing os_flag.o(i.OSFlagCreate), (100 bytes).
    Removing os_flag.o(i.OSFlagDel), (228 bytes).
    Removing os_flag.o(i.OSFlagNameGet), (84 bytes).
    Removing os_flag.o(i.OSFlagNameSet), (72 bytes).
    Removing os_flag.o(i.OSFlagPend), (596 bytes).
    Removing os_flag.o(i.OSFlagPendGetFlagsRdy), (32 bytes).
    Removing os_flag.o(i.OSFlagPost), (320 bytes).
    Removing os_flag.o(i.OSFlagQuery), (48 bytes).
    Removing os_flag.o(i.OS_FlagBlock), (164 bytes).
    Removing os_flag.o(i.OS_FlagTaskRdy), (96 bytes).
    Removing os_mbox.o(i.OSMboxAccept), (38 bytes).
    Removing os_mbox.o(i.OSMboxCreate), (84 bytes).
    Removing os_mbox.o(i.OSMboxDel), (224 bytes).
    Removing os_mbox.o(i.OSMboxPend), (264 bytes).
    Removing os_mbox.o(i.OSMboxPendAbort), (128 bytes).
    Removing os_mbox.o(i.OSMboxPost), (80 bytes).
    Removing os_mbox.o(i.OSMboxPostOpt), (120 bytes).
    Removing os_mbox.o(i.OSMboxQuery), (76 bytes).
    Removing os_mem.o(i.OSMemCreate), (124 bytes).
    Removing os_mem.o(i.OSMemGet), (62 bytes).
    Removing os_mem.o(i.OSMemNameGet), (64 bytes).
    Removing os_mem.o(i.OSMemNameSet), (52 bytes).
    Removing os_mem.o(i.OSMemPut), (54 bytes).
    Removing os_mem.o(i.OSMemQuery), (52 bytes).
    Removing os_mutex.o(i.OSMutexAccept), (148 bytes).
    Removing os_mutex.o(i.OSMutexCreate), (164 bytes).
    Removing os_mutex.o(i.OSMutexDel), (308 bytes).
    Removing os_mutex.o(i.OSMutexPend), (588 bytes).
    Removing os_mutex.o(i.OSMutexPost), (208 bytes).
    Removing os_mutex.o(i.OSMutexQuery), (112 bytes).
    Removing os_mutex.o(i.OSMutex_RdyAtPrio), (132 bytes).
    Removing os_q.o(i.OSQAccept), (88 bytes).
    Removing os_q.o(i.OSQCreate), (160 bytes).
    Removing os_q.o(i.OSQDel), (260 bytes).
    Removing os_q.o(i.OSQFlush), (36 bytes).
    Removing os_q.o(i.OSQPend), (292 bytes).
    Removing os_q.o(i.OSQPendAbort), (128 bytes).
    Removing os_q.o(i.OSQPost), (114 bytes).
    Removing os_q.o(i.OSQPostFront), (116 bytes).
    Removing os_q.o(i.OSQPostOpt), (182 bytes).
    Removing os_q.o(i.OSQQuery), (98 bytes).
    Removing os_sem.o(i.OSSemAccept), (42 bytes).
    Removing os_sem.o(i.OSSemCreate), (84 bytes).
    Removing os_sem.o(i.OSSemDel), (224 bytes).
    Removing os_sem.o(i.OSSemPend), (240 bytes).
    Removing os_sem.o(i.OSSemPendAbort), (128 bytes).
    Removing os_sem.o(i.OSSemPost), (88 bytes).
    Removing os_sem.o(i.OSSemQuery), (76 bytes).
    Removing os_sem.o(i.OSSemSet), (66 bytes).
    Removing os_task.o(i.OSTaskChangePrio), (416 bytes).
    Removing os_task.o(i.OSTaskCreate), (160 bytes).
    Removing os_task.o(i.OSTaskDelReq), (108 bytes).
    Removing os_task.o(i.OSTaskNameGet), (128 bytes).
    Removing os_task.o(i.OSTaskQuery), (92 bytes).
    Removing os_task.o(i.OSTaskRegGet), (68 bytes).
    Removing os_task.o(i.OSTaskRegGetID), (64 bytes).
    Removing os_task.o(i.OSTaskRegSet), (72 bytes).
    Removing os_task.o(i.OSTaskResume), (176 bytes).
    Removing os_time.o(i.OSTimeDlyResume), (180 bytes).
    Removing os_time.o(i.OSTimeGet), (28 bytes).
    Removing os_time.o(i.OSTimeSet), (28 bytes).
    Removing lwip_app.o(.rev16_text), (4 bytes).
    Removing lwip_app.o(.revsh_text), (4 bytes).
    Removing lwip_app.o(.data), (4 bytes).
    Removing sys_arch.o(.rev16_text), (4 bytes).
    Removing sys_arch.o(.revsh_text), (4 bytes).
    Removing sys_arch.o(i.sys_arch_mbox_fetch), (140 bytes).
    Removing sys_arch.o(i.sys_arch_mbox_tryfetch), (18 bytes).
    Removing sys_arch.o(i.sys_arch_sem_wait), (100 bytes).
    Removing sys_arch.o(i.sys_init), (2 bytes).
    Removing sys_arch.o(i.sys_mbox_free), (32 bytes).
    Removing sys_arch.o(i.sys_mbox_new), (78 bytes).
    Removing sys_arch.o(i.sys_mbox_post), (32 bytes).
    Removing sys_arch.o(i.sys_mbox_set_invalid), (6 bytes).
    Removing sys_arch.o(i.sys_mbox_trypost), (36 bytes).
    Removing sys_arch.o(i.sys_mbox_valid), (56 bytes).
    Removing sys_arch.o(i.sys_now), (12 bytes).
    Removing sys_arch.o(i.sys_sem_free), (30 bytes).
    Removing sys_arch.o(i.sys_sem_new), (56 bytes).
    Removing sys_arch.o(i.sys_sem_set_invalid), (6 bytes).
    Removing sys_arch.o(i.sys_sem_signal), (12 bytes).
    Removing sys_arch.o(i.sys_sem_valid), (22 bytes).
    Removing sys_arch.o(i.sys_thread_new), (88 bytes).
    Removing sys_arch.o(.constdata), (4 bytes).
    Removing api_lib.o(.rev16_text), (4 bytes).
    Removing api_lib.o(.revsh_text), (4 bytes).
    Removing api_lib.o(i.netconn_accept), (180 bytes).
    Removing api_lib.o(i.netconn_apimsg), (34 bytes).
    Removing api_lib.o(i.netconn_bind), (60 bytes).
    Removing api_lib.o(i.netconn_bind_if), (48 bytes).
    Removing api_lib.o(i.netconn_close), (14 bytes).
    Removing api_lib.o(i.netconn_close_shutdown), (52 bytes).
    Removing api_lib.o(i.netconn_connect), (60 bytes).
    Removing api_lib.o(i.netconn_delete), (30 bytes).
    Removing api_lib.o(i.netconn_disconnect), (40 bytes).
    Removing api_lib.o(i.netconn_err), (34 bytes).
    Removing api_lib.o(i.netconn_getaddr), (84 bytes).
    Removing api_lib.o(i.netconn_listen_with_backlog), (44 bytes).
    Removing api_lib.o(i.netconn_new_with_proto_and_callback), (132 bytes).
    Removing api_lib.o(i.netconn_prepare_delete), (48 bytes).
    Removing api_lib.o(i.netconn_recv), (126 bytes).
    Removing api_lib.o(i.netconn_recv_data), (262 bytes).
    Removing api_lib.o(i.netconn_recv_data_tcp), (198 bytes).
    Removing api_lib.o(i.netconn_recv_tcp_pbuf), (40 bytes).
    Removing api_lib.o(i.netconn_recv_tcp_pbuf_flags), (42 bytes).
    Removing api_lib.o(i.netconn_recv_udp_raw_netbuf), (40 bytes).
    Removing api_lib.o(i.netconn_recv_udp_raw_netbuf_flags), (42 bytes).
    Removing api_lib.o(i.netconn_send), (44 bytes).
    Removing api_lib.o(i.netconn_sendto), (44 bytes).
    Removing api_lib.o(i.netconn_shutdown), (36 bytes).
    Removing api_lib.o(i.netconn_tcp_recvd), (48 bytes).
    Removing api_lib.o(i.netconn_tcp_recvd_msg), (48 bytes).
    Removing api_lib.o(i.netconn_write_partly), (40 bytes).
    Removing api_lib.o(i.netconn_write_vectors_partly), (228 bytes).
    Removing api_msg.o(.rev16_text), (4 bytes).
    Removing api_msg.o(.revsh_text), (4 bytes).
    Removing api_msg.o(i.accept_function), (256 bytes).
    Removing api_msg.o(i.err_tcp), (246 bytes).
    Removing api_msg.o(i.lwip_netconn_do_bind), (76 bytes).
    Removing api_msg.o(i.lwip_netconn_do_bind_if), (84 bytes).
    Removing api_msg.o(i.lwip_netconn_do_close), (148 bytes).
    Removing api_msg.o(i.lwip_netconn_do_close_internal), (420 bytes).
    Removing api_msg.o(i.lwip_netconn_do_connect), (252 bytes).
    Removing api_msg.o(i.lwip_netconn_do_connected), (134 bytes).
    Removing api_msg.o(i.lwip_netconn_do_delconn), (228 bytes).
    Removing api_msg.o(i.lwip_netconn_do_disconnect), (38 bytes).
    Removing api_msg.o(i.lwip_netconn_do_getaddr), (170 bytes).
    Removing api_msg.o(i.lwip_netconn_do_listen), (224 bytes).
    Removing api_msg.o(i.lwip_netconn_do_newconn), (24 bytes).
    Removing api_msg.o(i.lwip_netconn_do_recv), (72 bytes).
    Removing api_msg.o(i.lwip_netconn_do_send), (100 bytes).
    Removing api_msg.o(i.lwip_netconn_do_write), (132 bytes).
    Removing api_msg.o(i.lwip_netconn_do_writemore), (538 bytes).
    Removing api_msg.o(i.lwip_netconn_err_to_msg), (52 bytes).
    Removing api_msg.o(i.lwip_netconn_is_err_msg), (64 bytes).
    Removing api_msg.o(i.netconn_alloc), (146 bytes).
    Removing api_msg.o(i.netconn_drain), (170 bytes).
    Removing api_msg.o(i.netconn_free), (58 bytes).
    Removing api_msg.o(i.pcb_new), (120 bytes).
    Removing api_msg.o(i.poll_tcp), (136 bytes).
    Removing api_msg.o(i.recv_tcp), (128 bytes).
    Removing api_msg.o(i.recv_udp), (144 bytes).
    Removing api_msg.o(i.sent_tcp), (112 bytes).
    Removing api_msg.o(i.setup_tcp), (68 bytes).
    Removing api_msg.o(.constdata), (3 bytes).
    Removing err.o(.rev16_text), (4 bytes).
    Removing err.o(.revsh_text), (4 bytes).
    Removing err.o(i.err_to_errno), (32 bytes).
    Removing err.o(.constdata), (68 bytes).
    Removing if_api.o(.rev16_text), (4 bytes).
    Removing if_api.o(.revsh_text), (4 bytes).
    Removing if_api.o(i.lwip_if_indextoname), (20 bytes).
    Removing if_api.o(i.lwip_if_nametoindex), (6 bytes).
    Removing netbuf.o(.rev16_text), (4 bytes).
    Removing netbuf.o(.revsh_text), (4 bytes).
    Removing netbuf.o(i.netbuf_alloc), (62 bytes).
    Removing netbuf.o(i.netbuf_chain), (46 bytes).
    Removing netbuf.o(i.netbuf_data), (64 bytes).
    Removing netbuf.o(i.netbuf_delete), (32 bytes).
    Removing netbuf.o(i.netbuf_first), (16 bytes).
    Removing netbuf.o(i.netbuf_free), (32 bytes).
    Removing netbuf.o(i.netbuf_new), (26 bytes).
    Removing netbuf.o(i.netbuf_next), (46 bytes).
    Removing netbuf.o(i.netbuf_ref), (74 bytes).
    Removing netdb.o(.rev16_text), (4 bytes).
    Removing netdb.o(.revsh_text), (4 bytes).
    Removing netifapi.o(.rev16_text), (4 bytes).
    Removing netifapi.o(.revsh_text), (4 bytes).
    Removing sockets.o(.rev16_text), (4 bytes).
    Removing sockets.o(.revsh_text), (4 bytes).
    Removing sockets.o(i.alloc_socket), (132 bytes).
    Removing sockets.o(i.event_callback), (244 bytes).
    Removing sockets.o(i.free_socket), (50 bytes).
    Removing sockets.o(i.free_socket_free_elements), (38 bytes).
    Removing sockets.o(i.free_socket_locked), (24 bytes).
    Removing sockets.o(i.get_socket), (36 bytes).
    Removing sockets.o(i.lwip_accept), (432 bytes).
    Removing sockets.o(i.lwip_bind), (168 bytes).
    Removing sockets.o(i.lwip_close), (116 bytes).
    Removing sockets.o(i.lwip_connect), (188 bytes).
    Removing sockets.o(i.lwip_fcntl), (272 bytes).
    Removing sockets.o(i.lwip_getaddrname), (168 bytes).
    Removing sockets.o(i.lwip_getpeername), (22 bytes).
    Removing sockets.o(i.lwip_getsockname), (22 bytes).
    Removing sockets.o(i.lwip_getsockopt), (128 bytes).
    Removing sockets.o(i.lwip_getsockopt_impl), (748 bytes).
    Removing sockets.o(i.lwip_inet_ntop), (96 bytes).
    Removing sockets.o(i.lwip_inet_pton), (56 bytes).
    Removing sockets.o(i.lwip_ioctl), (136 bytes).
    Removing sockets.o(i.lwip_link_select_cb), (52 bytes).
    Removing sockets.o(i.lwip_listen), (144 bytes).
    Removing sockets.o(i.lwip_poll), (220 bytes).
    Removing sockets.o(i.lwip_poll_should_wake), (72 bytes).
    Removing sockets.o(i.lwip_pollscan), (314 bytes).
    Removing sockets.o(i.lwip_read), (28 bytes).
    Removing sockets.o(i.lwip_readv), (40 bytes).
    Removing sockets.o(i.lwip_recv), (34 bytes).
    Removing sockets.o(i.lwip_recv_tcp), (300 bytes).
    Removing sockets.o(i.lwip_recv_tcp_from), (68 bytes).
    Removing sockets.o(i.lwip_recvfrom), (264 bytes).
    Removing sockets.o(i.lwip_recvfrom_udp_raw), (260 bytes).
    Removing sockets.o(i.lwip_recvmsg), (428 bytes).
    Removing sockets.o(i.lwip_select), (892 bytes).
    Removing sockets.o(i.lwip_selscan), (654 bytes).
    Removing sockets.o(i.lwip_send), (160 bytes).
    Removing sockets.o(i.lwip_sendmsg), (588 bytes).
    Removing sockets.o(i.lwip_sendto), (276 bytes).
    Removing sockets.o(i.lwip_setsockopt), (132 bytes).
    Removing sockets.o(i.lwip_setsockopt_impl), (740 bytes).
    Removing sockets.o(i.lwip_shutdown), (196 bytes).
    Removing sockets.o(i.lwip_sock_make_addr), (116 bytes).
    Removing sockets.o(i.lwip_socket), (168 bytes).
    Removing sockets.o(i.lwip_socket_dbg_get_socket), (12 bytes).
    Removing sockets.o(i.lwip_socket_thread_cleanup), (2 bytes).
    Removing sockets.o(i.lwip_socket_thread_init), (2 bytes).
    Removing sockets.o(i.lwip_sockopt_to_ipopt), (32 bytes).
    Removing sockets.o(i.lwip_unlink_select_cb), (68 bytes).
    Removing sockets.o(i.lwip_write), (22 bytes).
    Removing sockets.o(i.lwip_writev), (40 bytes).
    Removing sockets.o(i.select_check_waiters), (264 bytes).
    Removing sockets.o(i.tryget_socket), (26 bytes).
    Removing sockets.o(i.tryget_socket_unconn), (16 bytes).
    Removing sockets.o(i.tryget_socket_unconn_locked), (16 bytes).
    Removing sockets.o(i.tryget_socket_unconn_nouse), (28 bytes).
    Removing sockets.o(.bss), (64 bytes).
    Removing sockets.o(.data), (4 bytes).
    Removing tcpip.o(.rev16_text), (4 bytes).
    Removing tcpip.o(.revsh_text), (4 bytes).
    Removing tcpip.o(i.mem_free_callback), (20 bytes).
    Removing tcpip.o(i.pbuf_free_callback), (20 bytes).
    Removing tcpip.o(i.pbuf_free_int), (14 bytes).
    Removing tcpip.o(i.tcpip_api_call), (36 bytes).
    Removing tcpip.o(i.tcpip_callback), (56 bytes).
    Removing tcpip.o(i.tcpip_callbackmsg_delete), (14 bytes).
    Removing tcpip.o(i.tcpip_callbackmsg_new), (32 bytes).
    Removing tcpip.o(i.tcpip_callbackmsg_trycallback), (28 bytes).
    Removing tcpip.o(i.tcpip_callbackmsg_trycallback_fromisr), (28 bytes).
    Removing tcpip.o(i.tcpip_init), (104 bytes).
    Removing tcpip.o(i.tcpip_inpkt), (80 bytes).
    Removing tcpip.o(i.tcpip_input), (48 bytes).
    Removing tcpip.o(i.tcpip_send_msg_wait_sem), (36 bytes).
    Removing tcpip.o(i.tcpip_thread), (72 bytes).
    Removing tcpip.o(i.tcpip_thread_handle_msg), (76 bytes).
    Removing tcpip.o(i.tcpip_timeouts_mbox_fetch), (100 bytes).
    Removing tcpip.o(i.tcpip_try_callback), (72 bytes).
    Removing tcpip.o(.data), (16 bytes).
    Removing altcp.o(.rev16_text), (4 bytes).
    Removing altcp.o(.revsh_text), (4 bytes).
    Removing altcp_alloc.o(.rev16_text), (4 bytes).
    Removing altcp_alloc.o(.revsh_text), (4 bytes).
    Removing altcp_tcp.o(.rev16_text), (4 bytes).
    Removing altcp_tcp.o(.revsh_text), (4 bytes).
    Removing def.o(.rev16_text), (4 bytes).
    Removing def.o(.revsh_text), (4 bytes).
    Removing def.o(i.lwip_htonl), (26 bytes).
    Removing def.o(i.lwip_htons), (12 bytes).
    Removing def.o(i.lwip_itoa), (148 bytes).
    Removing def.o(i.lwip_stricmp), (60 bytes).
    Removing def.o(i.lwip_strnicmp), (64 bytes).
    Removing def.o(i.lwip_strnstr), (74 bytes).
    Removing dns.o(.rev16_text), (4 bytes).
    Removing dns.o(.revsh_text), (4 bytes).
    Removing inet_chksum.o(.rev16_text), (4 bytes).
    Removing inet_chksum.o(.revsh_text), (4 bytes).
    Removing inet_chksum.o(i.inet_chksum), (20 bytes).
    Removing inet_chksum.o(i.inet_chksum_pbuf), (86 bytes).
    Removing inet_chksum.o(i.inet_chksum_pseudo), (76 bytes).
    Removing inet_chksum.o(i.inet_chksum_pseudo_partial), (80 bytes).
    Removing inet_chksum.o(i.inet_cksum_pseudo_base), (132 bytes).
    Removing inet_chksum.o(i.inet_cksum_pseudo_partial_base), (152 bytes).
    Removing inet_chksum.o(i.ip_chksum_pseudo), (36 bytes).
    Removing inet_chksum.o(i.ip_chksum_pseudo_partial), (36 bytes).
    Removing inet_chksum.o(i.lwip_standard_chksum), (94 bytes).
    Removing init.o(.rev16_text), (4 bytes).
    Removing init.o(.revsh_text), (4 bytes).
    Removing init.o(i.lwip_init), (42 bytes).
    Removing ip.o(.rev16_text), (4 bytes).
    Removing ip.o(.revsh_text), (4 bytes).
    Removing ip.o(.bss), (24 bytes).
    Removing mem.o(.rev16_text), (4 bytes).
    Removing mem.o(.revsh_text), (4 bytes).
    Removing mem.o(i.mem_calloc), (46 bytes).
    Removing mem.o(i.mem_free), (208 bytes).
    Removing mem.o(i.mem_init), (112 bytes).
    Removing mem.o(i.mem_link_valid), (88 bytes).
    Removing mem.o(i.mem_malloc), (288 bytes).
    Removing mem.o(i.mem_to_ptr), (16 bytes).
    Removing mem.o(i.mem_trim), (320 bytes).
    Removing mem.o(i.plug_holes), (156 bytes).
    Removing mem.o(i.ptr_to_mem), (16 bytes).
    Removing mem.o(.bss), (10259 bytes).
    Removing mem.o(.data), (16 bytes).
    Removing memp.o(.rev16_text), (4 bytes).
    Removing memp.o(.revsh_text), (4 bytes).
    Removing memp.o(i.do_memp_free_pool), (40 bytes).
    Removing memp.o(i.do_memp_malloc_pool), (46 bytes).
    Removing memp.o(i.memp_free), (40 bytes).
    Removing memp.o(i.memp_free_pool), (28 bytes).
    Removing memp.o(i.memp_init), (32 bytes).
    Removing memp.o(i.memp_init_pool), (44 bytes).
    Removing memp.o(i.memp_malloc), (36 bytes).
    Removing memp.o(i.memp_malloc_pool), (22 bytes).
    Removing memp.o(.bss), (15175 bytes).
    Removing memp.o(.constdata), (208 bytes).
    Removing memp.o(.data), (52 bytes).
    Removing netif.o(.rev16_text), (4 bytes).
    Removing netif.o(.revsh_text), (4 bytes).
    Removing netif.o(i.netif_add), (248 bytes).
    Removing netif.o(i.netif_add_noaddr), (28 bytes).
    Removing netif.o(i.netif_do_ip_addr_changed), (24 bytes).
    Removing netif.o(i.netif_do_set_gw), (38 bytes).
    Removing netif.o(i.netif_do_set_ipaddr), (88 bytes).
    Removing netif.o(i.netif_do_set_netmask), (38 bytes).
    Removing netif.o(i.netif_find), (72 bytes).
    Removing netif.o(i.netif_get_by_index), (40 bytes).
    Removing netif.o(i.netif_index_to_name), (46 bytes).
    Removing netif.o(i.netif_init), (2 bytes).
    Removing netif.o(i.netif_input), (44 bytes).
    Removing netif.o(i.netif_issue_reports), (64 bytes).
    Removing netif.o(i.netif_name_to_index), (28 bytes).
    Removing netif.o(i.netif_null_output_ip4), (8 bytes).
    Removing netif.o(i.netif_remove), (112 bytes).
    Removing netif.o(i.netif_set_addr), (96 bytes).
    Removing netif.o(i.netif_set_default), (12 bytes).
    Removing netif.o(i.netif_set_down), (72 bytes).
    Removing netif.o(i.netif_set_gw), (40 bytes).
    Removing netif.o(i.netif_set_ipaddr), (36 bytes).
    Removing netif.o(i.netif_set_link_callback), (6 bytes).
    Removing netif.o(i.netif_set_link_down), (56 bytes).
    Removing netif.o(i.netif_set_link_up), (70 bytes).
    Removing netif.o(i.netif_set_netmask), (40 bytes).
    Removing netif.o(i.netif_set_status_callback), (6 bytes).
    Removing netif.o(i.netif_set_up), (64 bytes).
    Removing netif.o(.data), (9 bytes).
    Removing pbuf.o(.rev16_text), (4 bytes).
    Removing pbuf.o(.revsh_text), (4 bytes).
    Removing pbuf.o(i.pbuf_add_header), (18 bytes).
    Removing pbuf.o(i.pbuf_add_header_force), (18 bytes).
    Removing pbuf.o(i.pbuf_add_header_impl), (98 bytes).
    Removing pbuf.o(i.pbuf_alloc), (300 bytes).
    Removing pbuf.o(i.pbuf_alloc_reference), (52 bytes).
    Removing pbuf.o(i.pbuf_alloced_custom), (82 bytes).
    Removing pbuf.o(i.pbuf_cat), (56 bytes).
    Removing pbuf.o(i.pbuf_chain), (22 bytes).
    Removing pbuf.o(i.pbuf_clen), (18 bytes).
    Removing pbuf.o(i.pbuf_clone), (48 bytes).
    Removing pbuf.o(i.pbuf_coalesce), (44 bytes).
    Removing pbuf.o(i.pbuf_copy), (180 bytes).
    Removing pbuf.o(i.pbuf_copy_partial), (128 bytes).
    Removing pbuf.o(i.pbuf_dechain), (56 bytes).
    Removing pbuf.o(i.pbuf_free), (150 bytes).
    Removing pbuf.o(i.pbuf_free_header), (64 bytes).
    Removing pbuf.o(i.pbuf_get_at), (28 bytes).
    Removing pbuf.o(i.pbuf_get_contiguous), (116 bytes).
    Removing pbuf.o(i.pbuf_header), (18 bytes).
    Removing pbuf.o(i.pbuf_header_force), (18 bytes).
    Removing pbuf.o(i.pbuf_header_impl), (34 bytes).
    Removing pbuf.o(i.pbuf_init_alloced_pbuf), (30 bytes).
    Removing pbuf.o(i.pbuf_memcmp), (112 bytes).
    Removing pbuf.o(i.pbuf_memfind), (72 bytes).
    Removing pbuf.o(i.pbuf_put_at), (42 bytes).
    Removing pbuf.o(i.pbuf_realloc), (128 bytes).
    Removing pbuf.o(i.pbuf_ref), (34 bytes).
    Removing pbuf.o(i.pbuf_remove_header), (66 bytes).
    Removing pbuf.o(i.pbuf_skip), (28 bytes).
    Removing pbuf.o(i.pbuf_skip_const), (34 bytes).
    Removing pbuf.o(i.pbuf_strstr), (60 bytes).
    Removing pbuf.o(i.pbuf_take), (128 bytes).
    Removing pbuf.o(i.pbuf_take_at), (122 bytes).
    Removing pbuf.o(i.pbuf_try_get_at), (46 bytes).
    Removing raw.o(.rev16_text), (4 bytes).
    Removing raw.o(.revsh_text), (4 bytes).
    Removing stats.o(.rev16_text), (4 bytes).
    Removing stats.o(.revsh_text), (4 bytes).
    Removing sys.o(.rev16_text), (4 bytes).
    Removing sys.o(.revsh_text), (4 bytes).
    Removing sys.o(i.sys_msleep), (36 bytes).
    Removing tcp.o(.rev16_text), (4 bytes).
    Removing tcp.o(.revsh_text), (4 bytes).
    Removing tcp.o(i.tcp_abandon), (248 bytes).
    Removing tcp.o(i.tcp_abort), (14 bytes).
    Removing tcp.o(i.tcp_accept), (16 bytes).
    Removing tcp.o(i.tcp_accept_null), (24 bytes).
    Removing tcp.o(i.tcp_alloc), (188 bytes).
    Removing tcp.o(i.tcp_arg), (6 bytes).
    Removing tcp.o(i.tcp_bind), (176 bytes).
    Removing tcp.o(i.tcp_bind_netif), (18 bytes).
    Removing tcp.o(i.tcp_close), (44 bytes).
    Removing tcp.o(i.tcp_close_shutdown), (328 bytes).
    Removing tcp.o(i.tcp_close_shutdown_fin), (112 bytes).
    Removing tcp.o(i.tcp_connect), (356 bytes).
    Removing tcp.o(i.tcp_debug_state_str), (16 bytes).
    Removing tcp.o(i.tcp_eff_send_mss_netif), (52 bytes).
    Removing tcp.o(i.tcp_err), (12 bytes).
    Removing tcp.o(i.tcp_fasttmr), (156 bytes).
    Removing tcp.o(i.tcp_free), (18 bytes).
    Removing tcp.o(i.tcp_free_listen), (18 bytes).
    Removing tcp.o(i.tcp_handle_closepend), (52 bytes).
    Removing tcp.o(i.tcp_init), (2 bytes).
    Removing tcp.o(i.tcp_kill_prio), (104 bytes).
    Removing tcp.o(i.tcp_kill_state), (76 bytes).
    Removing tcp.o(i.tcp_kill_timewait), (60 bytes).
    Removing tcp.o(i.tcp_listen_closed), (44 bytes).
    Removing tcp.o(i.tcp_listen_with_backlog), (18 bytes).
    Removing tcp.o(i.tcp_listen_with_backlog_and_err), (220 bytes).
    Removing tcp.o(i.tcp_netif_ip_addr_changed), (76 bytes).
    Removing tcp.o(i.tcp_netif_ip_addr_changed_pcblist), (46 bytes).
    Removing tcp.o(i.tcp_new), (10 bytes).
    Removing tcp.o(i.tcp_new_ip_type), (16 bytes).
    Removing tcp.o(i.tcp_new_port), (104 bytes).
    Removing tcp.o(i.tcp_next_iss), (36 bytes).
    Removing tcp.o(i.tcp_pcb_purge), (74 bytes).
    Removing tcp.o(i.tcp_pcb_remove), (132 bytes).
    Removing tcp.o(i.tcp_poll), (22 bytes).
    Removing tcp.o(i.tcp_process_refused_data), (162 bytes).
    Removing tcp.o(i.tcp_recv), (12 bytes).
    Removing tcp.o(i.tcp_recv_null), (58 bytes).
    Removing tcp.o(i.tcp_recved), (120 bytes).
    Removing tcp.o(i.tcp_remove_listener), (28 bytes).
    Removing tcp.o(i.tcp_seg_free), (26 bytes).
    Removing tcp.o(i.tcp_segs_free), (24 bytes).
    Removing tcp.o(i.tcp_sent), (10 bytes).
    Removing tcp.o(i.tcp_setprio), (14 bytes).
    Removing tcp.o(i.tcp_shutdown), (114 bytes).
    Removing tcp.o(i.tcp_slowtmr), (988 bytes).
    Removing tcp.o(i.tcp_tcp_get_tcp_addrinfo), (44 bytes).
    Removing tcp.o(i.tcp_tmr), (36 bytes).
    Removing tcp.o(i.tcp_txnow), (36 bytes).
    Removing tcp.o(i.tcp_update_rcv_ann_wnd), (82 bytes).
    Removing tcp.o(.constdata), (80 bytes).
    Removing tcp.o(.conststring), (118 bytes).
    Removing tcp.o(.data), (32 bytes).
    Removing tcp_in.o(.rev16_text), (4 bytes).
    Removing tcp_in.o(.revsh_text), (4 bytes).
    Removing tcp_in.o(i.tcp_free_acked_segments), (128 bytes).
    Removing tcp_in.o(i.tcp_get_next_optbyte), (72 bytes).
    Removing tcp_in.o(i.tcp_input), (1364 bytes).
    Removing tcp_in.o(i.tcp_input_delayed_close), (80 bytes).
    Removing tcp_in.o(i.tcp_listen_input), (352 bytes).
    Removing tcp_in.o(i.tcp_parseopt), (164 bytes).
    Removing tcp_in.o(i.tcp_process), (1492 bytes).
    Removing tcp_in.o(i.tcp_receive), (1504 bytes).
    Removing tcp_in.o(i.tcp_timewait_input), (176 bytes).
    Removing tcp_in.o(i.tcp_trigger_input_pcb_close), (20 bytes).
    Removing tcp_in.o(.bss), (16 bytes).
    Removing tcp_in.o(.data), (40 bytes).
    Removing tcp_out.o(.rev16_text), (4 bytes).
    Removing tcp_out.o(.revsh_text), (4 bytes).
    Removing tcp_out.o(i.tcp_create_segment), (218 bytes).
    Removing tcp_out.o(i.tcp_enqueue_flags), (262 bytes).
    Removing tcp_out.o(i.tcp_keepalive), (74 bytes).
    Removing tcp_out.o(i.tcp_output), (620 bytes).
    Removing tcp_out.o(i.tcp_output_alloc_header), (64 bytes).
    Removing tcp_out.o(i.tcp_output_alloc_header_common), (122 bytes).
    Removing tcp_out.o(i.tcp_output_control_segment), (88 bytes).
    Removing tcp_out.o(i.tcp_output_fill_options), (26 bytes).
    Removing tcp_out.o(i.tcp_output_segment), (220 bytes).
    Removing tcp_out.o(i.tcp_output_segment_busy), (22 bytes).
    Removing tcp_out.o(i.tcp_pbuf_prealloc), (130 bytes).
    Removing tcp_out.o(i.tcp_rexmit), (120 bytes).
    Removing tcp_out.o(i.tcp_rexmit_fast), (120 bytes).
    Removing tcp_out.o(i.tcp_rexmit_rto), (24 bytes).
    Removing tcp_out.o(i.tcp_rexmit_rto_commit), (34 bytes).
    Removing tcp_out.o(i.tcp_rexmit_rto_prepare), (128 bytes).
    Removing tcp_out.o(i.tcp_route), (30 bytes).
    Removing tcp_out.o(i.tcp_rst), (100 bytes).
    Removing tcp_out.o(i.tcp_send_empty_ack), (172 bytes).
    Removing tcp_out.o(i.tcp_send_fin), (82 bytes).
    Removing tcp_out.o(i.tcp_split_unsent_seg), (414 bytes).
    Removing tcp_out.o(i.tcp_write), (1112 bytes).
    Removing tcp_out.o(i.tcp_write_checks), (112 bytes).
    Removing tcp_out.o(i.tcp_zero_window_probe), (216 bytes).
    Removing timeouts.o(.rev16_text), (4 bytes).
    Removing timeouts.o(.revsh_text), (4 bytes).
    Removing timeouts.o(i.lwip_cyclic_timer), (80 bytes).
    Removing timeouts.o(i.sys_check_timeouts), (84 bytes).
    Removing timeouts.o(i.sys_restart_timeouts), (48 bytes).
    Removing timeouts.o(i.sys_timeout), (34 bytes).
    Removing timeouts.o(i.sys_timeout_abs), (144 bytes).
    Removing timeouts.o(i.sys_timeouts_init), (40 bytes).
    Removing timeouts.o(i.sys_timeouts_sleeptime), (68 bytes).
    Removing timeouts.o(i.sys_untimeout), (80 bytes).
    Removing timeouts.o(i.tcp_timer_needed), (56 bytes).
    Removing timeouts.o(i.tcpip_tcp_timer), (56 bytes).
    Removing timeouts.o(.constdata), (44 bytes).
    Removing timeouts.o(.data), (12 bytes).
    Removing udp.o(.rev16_text), (4 bytes).
    Removing udp.o(.revsh_text), (4 bytes).
    Removing udp.o(i.udp_bind), (160 bytes).
    Removing udp.o(i.udp_bind_netif), (18 bytes).
    Removing udp.o(i.udp_connect), (124 bytes).
    Removing udp.o(i.udp_disconnect), (32 bytes).
    Removing udp.o(i.udp_init), (2 bytes).
    Removing udp.o(i.udp_input), (364 bytes).
    Removing udp.o(i.udp_input_local_match), (104 bytes).
    Removing udp.o(i.udp_netif_ip_addr_changed), (48 bytes).
    Removing udp.o(i.udp_new), (28 bytes).
    Removing udp.o(i.udp_new_ip_type), (14 bytes).
    Removing udp.o(i.udp_new_port), (88 bytes).
    Removing udp.o(i.udp_recv), (16 bytes).
    Removing udp.o(i.udp_remove), (80 bytes).
    Removing udp.o(i.udp_send), (44 bytes).
    Removing udp.o(i.udp_sendto), (96 bytes).
    Removing udp.o(i.udp_sendto_if), (122 bytes).
    Removing udp.o(i.udp_sendto_if_src), (266 bytes).
    Removing udp.o(.data), (8 bytes).
    Removing autoip.o(.rev16_text), (4 bytes).
    Removing autoip.o(.revsh_text), (4 bytes).
    Removing dhcp.o(.rev16_text), (4 bytes).
    Removing dhcp.o(.revsh_text), (4 bytes).
    Removing dhcp.o(i.dhcp_arp_reply), (42 bytes).
    Removing dhcp.o(i.dhcp_bind), (256 bytes).
    Removing dhcp.o(i.dhcp_check), (62 bytes).
    Removing dhcp.o(i.dhcp_cleanup), (24 bytes).
    Removing dhcp.o(i.dhcp_coarse_tmr), (104 bytes).
    Removing dhcp.o(i.dhcp_create_msg), (256 bytes).
    Removing dhcp.o(i.dhcp_dec_pcb_refcount), (48 bytes).
    Removing dhcp.o(i.dhcp_decline), (176 bytes).
    Removing dhcp.o(i.dhcp_discover), (256 bytes).
    Removing dhcp.o(i.dhcp_fine_tmr), (56 bytes).
    Removing dhcp.o(i.dhcp_handle_ack), (128 bytes).
    Removing dhcp.o(i.dhcp_handle_nak), (40 bytes).
    Removing dhcp.o(i.dhcp_handle_offer), (48 bytes).
    Removing dhcp.o(i.dhcp_inc_pcb_refcount), (116 bytes).
    Removing dhcp.o(i.dhcp_inform), (148 bytes).
    Removing dhcp.o(i.dhcp_network_changed), (78 bytes).
    Removing dhcp.o(i.dhcp_option), (24 bytes).
    Removing dhcp.o(i.dhcp_option_byte), (16 bytes).
    Removing dhcp.o(i.dhcp_option_long), (50 bytes).
    Removing dhcp.o(i.dhcp_option_short), (26 bytes).
    Removing dhcp.o(i.dhcp_option_trailer), (58 bytes).
    Removing dhcp.o(i.dhcp_parse_reply), (808 bytes).
    Removing dhcp.o(i.dhcp_rebind), (244 bytes).
    Removing dhcp.o(i.dhcp_reboot), (280 bytes).
    Removing dhcp.o(i.dhcp_recv), (296 bytes).
    Removing dhcp.o(i.dhcp_release), (14 bytes).
    Removing dhcp.o(i.dhcp_release_and_stop), (200 bytes).
    Removing dhcp.o(i.dhcp_renew), (240 bytes).
    Removing dhcp.o(i.dhcp_select), (368 bytes).
    Removing dhcp.o(i.dhcp_set_state), (16 bytes).
    Removing dhcp.o(i.dhcp_set_struct), (30 bytes).
    Removing dhcp.o(i.dhcp_start), (154 bytes).
    Removing dhcp.o(i.dhcp_stop), (12 bytes).
    Removing dhcp.o(i.dhcp_supplied_address), (40 bytes).
    Removing dhcp.o(i.dhcp_t1_timeout), (66 bytes).
    Removing dhcp.o(i.dhcp_t2_timeout), (72 bytes).
    Removing dhcp.o(i.dhcp_timeout), (116 bytes).
    Removing dhcp.o(.bss), (32 bytes).
    Removing dhcp.o(.data), (24 bytes).
    Removing etharp.o(.rev16_text), (4 bytes).
    Removing etharp.o(.revsh_text), (4 bytes).
    Removing etharp.o(i.etharp_cleanup_netif), (56 bytes).
    Removing etharp.o(i.etharp_find_addr), (92 bytes).
    Removing etharp.o(i.etharp_find_entry), (376 bytes).
    Removing etharp.o(i.etharp_free_entry), (64 bytes).
    Removing etharp.o(i.etharp_get_entry), (84 bytes).
    Removing etharp.o(i.etharp_input), (190 bytes).
    Removing etharp.o(i.etharp_output), (340 bytes).
    Removing etharp.o(i.etharp_output_to_arp_index), (184 bytes).
    Removing etharp.o(i.etharp_query), (360 bytes).
    Removing etharp.o(i.etharp_raw), (154 bytes).
    Removing etharp.o(i.etharp_request), (24 bytes).
    Removing etharp.o(i.etharp_request_dst), (44 bytes).
    Removing etharp.o(i.etharp_tmr), (220 bytes).
    Removing etharp.o(i.etharp_update_arp_entry), (192 bytes).
    Removing etharp.o(.bss), (240 bytes).
    Removing etharp.o(.data), (1 bytes).
    Removing icmp.o(.rev16_text), (4 bytes).
    Removing icmp.o(.revsh_text), (4 bytes).
    Removing icmp.o(i.icmp_dest_unreach), (18 bytes).
    Removing icmp.o(i.icmp_input), (404 bytes).
    Removing icmp.o(i.icmp_send_response), (118 bytes).
    Removing icmp.o(i.icmp_time_exceeded), (18 bytes).
    Removing igmp.o(.rev16_text), (4 bytes).
    Removing igmp.o(.revsh_text), (4 bytes).
    Removing ip4.o(.rev16_text), (4 bytes).
    Removing ip4.o(.revsh_text), (4 bytes).
    Removing ip4.o(i.ip4_input), (456 bytes).
    Removing ip4.o(i.ip4_input_accept), (52 bytes).
    Removing ip4.o(i.ip4_output), (56 bytes).
    Removing ip4.o(i.ip4_output_if), (54 bytes).
    Removing ip4.o(i.ip4_output_if_src), (212 bytes).
    Removing ip4.o(i.ip4_route), (148 bytes).
    Removing ip4.o(.data), (2 bytes).
    Removing ip4_addr.o(.rev16_text), (4 bytes).
    Removing ip4_addr.o(.revsh_text), (4 bytes).
    Removing ip4_addr.o(i.ip4_addr_isbroadcast_u32), (78 bytes).
    Removing ip4_addr.o(i.ip4_addr_netmask_valid), (56 bytes).
    Removing ip4_addr.o(i.ip4addr_aton), (396 bytes).
    Removing ip4_addr.o(i.ip4addr_ntoa), (20 bytes).
    Removing ip4_addr.o(i.ip4addr_ntoa_r), (168 bytes).
    Removing ip4_addr.o(i.ipaddr_addr), (24 bytes).
    Removing ip4_addr.o(.bss), (16 bytes).
    Removing ip4_addr.o(.constdata), (8 bytes).
    Removing ip4_frag.o(.rev16_text), (4 bytes).
    Removing ip4_frag.o(.revsh_text), (4 bytes).
    Removing ip4_frag.o(i.ip4_frag), (472 bytes).
    Removing ip4_frag.o(i.ip4_reass), (520 bytes).
    Removing ip4_frag.o(i.ip_frag_alloc_pbuf_custom_ref), (10 bytes).
    Removing ip4_frag.o(i.ip_frag_free_pbuf_custom_ref), (18 bytes).
    Removing ip4_frag.o(i.ip_reass_chain_frag_into_datagram_and_validate), (404 bytes).
    Removing ip4_frag.o(i.ip_reass_dequeue_datagram), (44 bytes).
    Removing ip4_frag.o(i.ip_reass_enqueue_new_datagram), (84 bytes).
    Removing ip4_frag.o(i.ip_reass_free_complete_datagram), (160 bytes).
    Removing ip4_frag.o(i.ip_reass_remove_oldest_datagram), (136 bytes).
    Removing ip4_frag.o(i.ip_reass_tmr), (52 bytes).
    Removing ip4_frag.o(i.ipfrag_free_pbuf_custom), (32 bytes).
    Removing ip4_frag.o(.data), (6 bytes).
    Removing ethernet.o(.rev16_text), (4 bytes).
    Removing ethernet.o(.revsh_text), (4 bytes).
    Removing ethernet.o(i.ethernet_input), (196 bytes).
    Removing ethernet.o(i.ethernet_output), (86 bytes).
    Removing ethernet.o(.constdata), (12 bytes).
    Removing ethernetif.o(.rev16_text), (4 bytes).
    Removing ethernetif.o(.revsh_text), (4 bytes).
    Removing ethernetif.o(i.ETH_CheckLinkStatus), (76 bytes).
    Removing ethernetif.o(i.ETH_EXTERN_GetSpeedAndDuplex), (88 bytes).
    Removing ethernetif.o(i.ETH_link_callback), (256 bytes).
    Removing ethernetif.o(i.LwIP_Init), (344 bytes).
    Removing ethernetif.o(i.LwIP_Periodic_Handle), (96 bytes).
    Removing ethernetif.o(i.LwIP_Pkt_Handle), (16 bytes).
    Removing ethernetif.o(i.ethernetif_init), (48 bytes).
    Removing ethernetif.o(i.ethernetif_input), (42 bytes).
    Removing ethernetif.o(i.low_level_init), (128 bytes).
    Removing ethernetif.o(i.low_level_input), (228 bytes).
    Removing ethernetif.o(i.low_level_output), (224 bytes).
    Removing ethernetif.o(.data), (21 bytes).
    Removing dadd.o(.text), (334 bytes).
    Removing dmul.o(.text), (228 bytes).
    Removing ddiv.o(.text), (222 bytes).
    Removing dfixul.o(.text), (48 bytes).
    Removing cdrcmple.o(.text), (48 bytes).
    Removing depilogue.o(.text), (186 bytes).

1612 unused section(s) (total 159131 bytes) removed from the image.

==============================================================================

Memory Map of the image

  Image Entry point : 0x00000000

  Load Region LR_IROM1 (Base: 0x08000000, Size: 0x000021b8, Max: 0x00100000, ABSOLUTE)

    Execution Region ER_IROM1 (Base: 0x08000000, Size: 0x00002130, Max: 0x00100000, ABSOLUTE)

    Base Addr    Size         Type   Attr      Idx    E Section Name        Object

    0x08000000   0x00000188   Data   RO            3    RESET               startup_stm32f40xx.o
    0x08000188   0x00000000   Code   RO        11129  * .ARM.Collect$$$$00000000  mc_w.l(entry.o)
    0x08000188   0x00000004   Code   RO        11473    .ARM.Collect$$$$00000001  mc_w.l(entry2.o)
    0x0800018c   0x00000004   Code   RO        11476    .ARM.Collect$$$$00000004  mc_w.l(entry5.o)
    0x08000190   0x00000000   Code   RO        11478    .ARM.Collect$$$$00000008  mc_w.l(entry7b.o)
    0x08000190   0x00000000   Code   RO        11480    .ARM.Collect$$$$0000000A  mc_w.l(entry8b.o)
    0x08000190   0x00000008   Code   RO        11481    .ARM.Collect$$$$0000000B  mc_w.l(entry9a.o)
    0x08000198   0x00000000   Code   RO        11483    .ARM.Collect$$$$0000000D  mc_w.l(entry10a.o)
    0x08000198   0x00000000   Code   RO        11485    .ARM.Collect$$$$0000000F  mc_w.l(entry11a.o)
    0x08000198   0x00000004   Code   RO        11474    .ARM.Collect$$$$00002712  mc_w.l(entry2.o)
    0x0800019c   0x00000024   Code   RO            4    .text               startup_stm32f40xx.o
    0x080001c0   0x00000034   Code   RO         6040    .text               cpu_a.o
    0x080001f4   0x000000dc   Code   RO         6750    .text               os_cpu_a.o
    0x080002d0   0x0000002c   Code   RO        11488    .text               mc_w.l(uidiv.o)
    0x080002fc   0x00000024   Code   RO        11514    .text               mc_w.l(init.o)
    0x08000320   0x00000002   Code   RO         5657    i.AppEventCreate    main.o
    0x08000322   0x00000002   PAD
    0x08000324   0x00000088   Code   RO         5658    i.AppTaskCreate     main.o
    0x080003ac   0x00000028   Code   RO         5659    i.AppTaskLed1       main.o
    0x080003d4   0x00000028   Code   RO         5660    i.AppTaskLed2       main.o
    0x080003fc   0x00000028   Code   RO         5661    i.AppTaskLed3       main.o
    0x08000424   0x00000084   Code   RO         5662    i.AppTaskStart      main.o
    0x080004a8   0x0000000e   Code   RO         5435    i.BSP_CPU_ClkFreq   bsp.o
    0x080004b6   0x00000008   Code   RO         5436    i.BSP_Init          bsp.o
    0x080004be   0x00000004   Code   RO         5709    i.BusFault_Handler  stm32f4xx_it.o
    0x080004c2   0x00000010   Code   RO         5876    i.CPU_Init          cpu_core.o
    0x080004d2   0x00000002   PAD
    0x080004d4   0x00000084   Code   RO         5877    i.CPU_IntDisMeasInit  cpu_core.o
    0x08000558   0x00000034   Code   RO         5882    i.CPU_IntDisMeasStart  cpu_core.o
    0x0800058c   0x00000054   Code   RO         5883    i.CPU_IntDisMeasStop  cpu_core.o
    0x080005e0   0x00000038   Code   RO         5884    i.CPU_NameClr       cpu_core.o
    0x08000618   0x00000008   Code   RO         5886    i.CPU_NameInit      cpu_core.o
    0x08000620   0x00000004   Code   RO         5889    i.CPU_SW_Exception  cpu_core.o
    0x08000624   0x00000014   Code   RO         5891    i.CPU_TS_Init       cpu_core.o
    0x08000638   0x0000000c   Code   RO         5893    i.CPU_TS_TmrFreqSet  cpu_core.o
    0x08000644   0x00000034   Code   RO         5438    i.CPU_TS_TmrInit    bsp.o
    0x08000678   0x0000000c   Code   RO         5439    i.CPU_TS_TmrRd      bsp.o
    0x08000684   0x00000002   Code   RO         5710    i.DebugMon_Handler  stm32f4xx_it.o
    0x08000686   0x00000002   PAD
    0x08000688   0x000000a8   Code   RO         5489    i.Debug_USART_Config  bsp_debug_usart.o
    0x08000730   0x00000090   Code   RO         1746    i.GPIO_Init         stm32f4xx_gpio.o
    0x080007c0   0x00000046   Code   RO         1747    i.GPIO_PinAFConfig  stm32f4xx_gpio.o
    0x08000806   0x00000004   Code   RO         5711    i.HardFault_Handler  stm32f4xx_it.o
    0x0800080a   0x00000004   Code   RO         5712    i.MemManage_Handler  stm32f4xx_it.o
    0x0800080e   0x00000012   Code   RO         6184    i.Mem_Clr           lib_mem.o
    0x08000820   0x00000048   Code   RO         6194    i.Mem_Init          lib_mem.o
    0x08000868   0x00000052   Code   RO         6207    i.Mem_SegCreate     lib_mem.o
    0x080008ba   0x00000002   PAD
    0x080008bc   0x00000020   Code   RO         6208    i.Mem_SegCreateCritical  lib_mem.o
    0x080008dc   0x00000054   Code   RO         6211    i.Mem_Set           lib_mem.o
    0x08000930   0x00000002   Code   RO         5713    i.NMI_Handler       stm32f4xx_it.o
    0x08000932   0x00000026   Code   RO         5490    i.NVIC_Configuration  bsp_debug_usart.o
    0x08000958   0x00000078   Code   RO          150    i.NVIC_Init         misc.o
    0x080009d0   0x00000014   Code   RO          151    i.NVIC_PriorityGroupConfig  misc.o
    0x080009e4   0x00000118   Code   RO         6735    i.OSDebugInit       os_dbg.o
    0x08000afc   0x00000034   Code   RO         6756    i.OSInit            os_core.o
    0x08000b30   0x00000030   Code   RO         6521    i.OSInitHookBegin   os_cpu_c.o
    0x08000b60   0x00000002   Code   RO         6522    i.OSInitHookEnd     os_cpu_c.o
    0x08000b62   0x00000002   PAD
    0x08000b64   0x00000090   Code   RO         6758    i.OSIntExit         os_core.o
    0x08000bf4   0x00000048   Code   RO         6761    i.OSStart           os_core.o
    0x08000c3c   0x0000004c   Code   RO         6762    i.OSStatInit        os_core.o
    0x08000c88   0x00000002   Code   RO         6523    i.OSTCBInitHook     os_cpu_c.o
    0x08000c8a   0x00000002   PAD
    0x08000c8c   0x000000b8   Code   RO         7323    i.OSTaskCreateExt   os_task.o
    0x08000d44   0x00000002   Code   RO         6524    i.OSTaskCreateHook  os_cpu_c.o
    0x08000d46   0x00000002   PAD
    0x08000d48   0x00000160   Code   RO         7324    i.OSTaskDel         os_task.o
    0x08000ea8   0x00000002   Code   RO         6525    i.OSTaskDelHook     os_cpu_c.o
    0x08000eaa   0x00000002   Code   RO         6526    i.OSTaskIdleHook    os_cpu_c.o
    0x08000eac   0x00000070   Code   RO         7327    i.OSTaskNameSet     os_task.o
    0x08000f1c   0x00000002   Code   RO         6527    i.OSTaskReturnHook  os_cpu_c.o
    0x08000f1e   0x00000002   Code   RO         6528    i.OSTaskStatHook    os_cpu_c.o
    0x08000f20   0x00000088   Code   RO         7333    i.OSTaskStkChk      os_task.o
    0x08000fa8   0x000000a4   Code   RO         6529    i.OSTaskStkInit     os_cpu_c.o
    0x0800104c   0x000000a8   Code   RO         7334    i.OSTaskSuspend     os_task.o
    0x080010f4   0x00000002   Code   RO         6530    i.OSTaskSwHook      os_cpu_c.o
    0x080010f6   0x00000002   PAD
    0x080010f8   0x00000078   Code   RO         7423    i.OSTimeDly         os_time.o
    0x08001170   0x00000060   Code   RO         7424    i.OSTimeDlyHMSM     os_time.o
    0x080011d0   0x000000ec   Code   RO         6763    i.OSTimeTick        os_core.o
    0x080012bc   0x00000002   Code   RO         6531    i.OSTimeTickHook    os_cpu_c.o
    0x080012be   0x00000002   PAD
    0x080012c0   0x00000028   Code   RO         6532    i.OS_CPU_SysTickHandler  os_cpu_c.o
    0x080012e8   0x00000030   Code   RO         6533    i.OS_CPU_SysTickInit  os_cpu_c.o
    0x08001318   0x00000002   Code   RO         6765    i.OS_Dummy          os_core.o
    0x0800131a   0x0000002e   Code   RO         6767    i.OS_EventTaskRemove  os_core.o
    0x08001348   0x0000003a   Code   RO         6768    i.OS_EventTaskRemoveMulti  os_core.o
    0x08001382   0x00000002   PAD
    0x08001384   0x00000058   Code   RO         6974    i.OS_FlagInit       os_flag.o
    0x080013dc   0x00000024   Code   RO         6976    i.OS_FlagUnlink     os_flag.o
    0x08001400   0x00000060   Code   RO         6772    i.OS_InitEventList  os_core.o
    0x08001460   0x0000005c   Code   RO         6773    i.OS_InitMisc       os_core.o
    0x080014bc   0x00000044   Code   RO         6774    i.OS_InitRdyList    os_core.o
    0x08001500   0x00000080   Code   RO         6775    i.OS_InitTCBList    os_core.o
    0x08001580   0x00000050   Code   RO         6776    i.OS_InitTaskIdle   os_core.o
    0x080015d0   0x00000050   Code   RO         6777    i.OS_InitTaskStat   os_core.o
    0x08001620   0x00000012   Code   RO         6778    i.OS_MemClr         os_core.o
    0x08001632   0x00000002   PAD
    0x08001634   0x00000058   Code   RO         7106    i.OS_MemInit        os_mem.o
    0x0800168c   0x00000050   Code   RO         7205    i.OS_QInit          os_q.o
    0x080016dc   0x00000074   Code   RO         6780    i.OS_Sched          os_core.o
    0x08001750   0x0000002c   Code   RO         6781    i.OS_SchedNew       os_core.o
    0x0800177c   0x00000140   Code   RO         6783    i.OS_TCBInit        os_core.o
    0x080018bc   0x00000028   Code   RO         6784    i.OS_TaskIdle       os_core.o
    0x080018e4   0x00000018   Code   RO         7335    i.OS_TaskReturn     os_task.o
    0x080018fc   0x000000a0   Code   RO         6785    i.OS_TaskStat       os_core.o
    0x0800199c   0x0000003c   Code   RO         6786    i.OS_TaskStatStkChk  os_core.o
    0x080019d8   0x0000001a   Code   RO         7336    i.OS_TaskStkClr     os_task.o
    0x080019f2   0x00000002   PAD
    0x080019f4   0x00000020   Code   RO         2610    i.RCC_AHB1PeriphClockCmd  stm32f4xx_rcc.o
    0x08001a14   0x00000020   Code   RO         2622    i.RCC_APB2PeriphClockCmd  stm32f4xx_rcc.o
    0x08001a34   0x000000e8   Code   RO         2631    i.RCC_GetClocksFreq  stm32f4xx_rcc.o
    0x08001b1c   0x00000002   Code   RO         5715    i.SVC_Handler       stm32f4xx_it.o
    0x08001b1e   0x00000002   PAD
    0x08001b20   0x000000ec   Code   RO           12    i.SetSysClock       system_stm32f4xx.o
    0x08001c0c   0x00000068   Code   RO           14    i.SystemInit        system_stm32f4xx.o
    0x08001c74   0x00000018   Code   RO         4507    i.USART_Cmd         stm32f4xx_usart.o
    0x08001c8c   0x0000001a   Code   RO         4510    i.USART_GetFlagStatus  stm32f4xx_usart.o
    0x08001ca6   0x0000004a   Code   RO         4513    i.USART_ITConfig    stm32f4xx_usart.o
    0x08001cf0   0x000000d4   Code   RO         4514    i.USART_Init        stm32f4xx_usart.o
    0x08001dc4   0x00000008   Code   RO         4524    i.USART_SendData    stm32f4xx_usart.o
    0x08001dcc   0x00000004   Code   RO         5717    i.UsageFault_Handler  stm32f4xx_it.o
    0x08001dd0   0x00000020   Code   RO        11227    i.__0printf$1       mc_w.l(printf1.o)
    0x08001df0   0x00000154   Code   RO        11234    i._printf_core      mc_w.l(printf1.o)
    0x08001f44   0x00000024   Code   RO         5495    i.fputc             bsp_debug_usart.o
    0x08001f68   0x00000054   Code   RO         5663    i.main              main.o
    0x08001fbc   0x00000074   Data   RO         6736    .constdata          os_dbg.o
    0x08002030   0x00000100   Data   RO         6788    .constdata          os_core.o
    0x08002130   0x00000000   Data   RO        11528    Region$$Table       anon$$obj.o


    Execution Region RW_IRAM1 (Base: 0x20000000, Size: 0x00002248, Max: 0x00020000, ABSOLUTE)

    Base Addr    Size         Type   Attr      Idx    E Section Name        Object

    0x20000000   0x00000010   Data   RW         2663    .data               stm32f4xx_rcc.o
    0x20000010   0x0000001c   Data   RW         5897    .data               cpu_core.o
    0x2000002c   0x00000004   Data   RW         6213    .data               lib_mem.o
    0x20000030   0x00000004   Data   RW         6535    .data               os_cpu_c.o
    0x20000034   0x00000050   Data   RW         6789    .data               os_core.o
    0x20000084   0x00000004   Data   RW        11487    .data               mc_w.l(stdout.o)
    0x20000088   0x00000800   Zero   RW         5664    .bss                main.o
    0x20000888   0x00000010   Zero   RW         5895    .bss                cpu_core.o
    0x20000898   0x00000414   Zero   RW         6212    .bss                lib_mem.o
    0x20000cac   0x00000200   Zero   RW         6534    .bss                os_cpu_c.o
    0x20000eac   0x00000f98   Zero   RW         6787    .bss                os_core.o
    0x20001e44   0x00000004   PAD
    0x20001e48   0x00000400   Zero   RW            1    STACK               startup_stm32f40xx.o

