Component: ARM Compiler 5.06 update 4 (build 422) Tool: armlink [4d35d2]

==============================================================================

Section Cross References

    startup_stm32f10x_hd.o(RESET) refers to startup_stm32f10x_hd.o(STACK) for __initial_sp
    startup_stm32f10x_hd.o(RESET) refers to startup_stm32f10x_hd.o(.text) for Reset_Handler
    startup_stm32f10x_hd.o(RESET) refers to stm32f10x_it.o(i.NMI_Handler) for NMI_Handler
    startup_stm32f10x_hd.o(RESET) refers to stm32f10x_it.o(i.HardFault_Handler) for HardFault_Handler
    startup_stm32f10x_hd.o(RESET) refers to stm32f10x_it.o(i.MemManage_Handler) for MemManage_Handler
    startup_stm32f10x_hd.o(RESET) refers to stm32f10x_it.o(i.BusFault_Handler) for BusFault_Handler
    startup_stm32f10x_hd.o(RESET) refers to stm32f10x_it.o(i.UsageFault_Handler) for UsageFault_Handler
    startup_stm32f10x_hd.o(RESET) refers to stm32f10x_it.o(i.SVC_Handler) for SVC_Handler
    startup_stm32f10x_hd.o(RESET) refers to stm32f10x_it.o(i.DebugMon_Handler) for DebugMon_Handler
    startup_stm32f10x_hd.o(RESET) refers to os_cpu_a.o(.text) for OS_CPU_PendSVHandler
    startup_stm32f10x_hd.o(RESET) refers to os_cpu_c.o(i.OS_CPU_SysTickHandler) for OS_CPU_SysTickHandler
    startup_stm32f10x_hd.o(.text) refers to system_stm32f10x.o(i.SystemInit) for SystemInit
    startup_stm32f10x_hd.o(.text) refers to entry.o(.ARM.Collect$$$$00000000) for __main
    system_stm32f10x.o(i.SetSysClock) refers to system_stm32f10x.o(i.SetSysClockTo72) for SetSysClockTo72
    system_stm32f10x.o(i.SystemCoreClockUpdate) refers to system_stm32f10x.o(.data) for SystemCoreClock
    system_stm32f10x.o(i.SystemInit) refers to system_stm32f10x.o(i.SetSysClock) for SetSysClock
    stm32f10x_adc.o(i.ADC_DeInit) refers to stm32f10x_rcc.o(i.RCC_APB2PeriphResetCmd) for RCC_APB2PeriphResetCmd
    stm32f10x_bkp.o(i.BKP_DeInit) refers to stm32f10x_rcc.o(i.RCC_BackupResetCmd) for RCC_BackupResetCmd
    stm32f10x_can.o(i.CAN_DeInit) refers to stm32f10x_rcc.o(i.RCC_APB1PeriphResetCmd) for RCC_APB1PeriphResetCmd
    stm32f10x_can.o(i.CAN_GetITStatus) refers to stm32f10x_can.o(i.CheckITStatus) for CheckITStatus
    stm32f10x_cec.o(i.CEC_DeInit) refers to stm32f10x_rcc.o(i.RCC_APB1PeriphResetCmd) for RCC_APB1PeriphResetCmd
    stm32f10x_dac.o(i.DAC_DeInit) refers to stm32f10x_rcc.o(i.RCC_APB1PeriphResetCmd) for RCC_APB1PeriphResetCmd
    stm32f10x_flash.o(i.FLASH_EnableWriteProtection) refers to stm32f10x_flash.o(i.FLASH_WaitForLastOperation) for FLASH_WaitForLastOperation
    stm32f10x_flash.o(i.FLASH_EraseAllBank1Pages) refers to stm32f10x_flash.o(i.FLASH_WaitForLastBank1Operation) for FLASH_WaitForLastBank1Operation
    stm32f10x_flash.o(i.FLASH_EraseAllPages) refers to stm32f10x_flash.o(i.FLASH_WaitForLastOperation) for FLASH_WaitForLastOperation
    stm32f10x_flash.o(i.FLASH_EraseOptionBytes) refers to stm32f10x_flash.o(i.FLASH_GetReadOutProtectionStatus) for FLASH_GetReadOutProtectionStatus
    stm32f10x_flash.o(i.FLASH_EraseOptionBytes) refers to stm32f10x_flash.o(i.FLASH_WaitForLastOperation) for FLASH_WaitForLastOperation
    stm32f10x_flash.o(i.FLASH_ErasePage) refers to stm32f10x_flash.o(i.FLASH_WaitForLastOperation) for FLASH_WaitForLastOperation
    stm32f10x_flash.o(i.FLASH_ProgramHalfWord) refers to stm32f10x_flash.o(i.FLASH_WaitForLastOperation) for FLASH_WaitForLastOperation
    stm32f10x_flash.o(i.FLASH_ProgramOptionByteData) refers to stm32f10x_flash.o(i.FLASH_WaitForLastOperation) for FLASH_WaitForLastOperation
    stm32f10x_flash.o(i.FLASH_ProgramWord) refers to stm32f10x_flash.o(i.FLASH_WaitForLastOperation) for FLASH_WaitForLastOperation
    stm32f10x_flash.o(i.FLASH_ReadOutProtection) refers to stm32f10x_flash.o(i.FLASH_WaitForLastOperation) for FLASH_WaitForLastOperation
    stm32f10x_flash.o(i.FLASH_UserOptionByteConfig) refers to stm32f10x_flash.o(i.FLASH_WaitForLastOperation) for FLASH_WaitForLastOperation
    stm32f10x_flash.o(i.FLASH_WaitForLastBank1Operation) refers to stm32f10x_flash.o(i.FLASH_GetBank1Status) for FLASH_GetBank1Status
    stm32f10x_flash.o(i.FLASH_WaitForLastOperation) refers to stm32f10x_flash.o(i.FLASH_GetBank1Status) for FLASH_GetBank1Status
    stm32f10x_gpio.o(i.GPIO_AFIODeInit) refers to stm32f10x_rcc.o(i.RCC_APB2PeriphResetCmd) for RCC_APB2PeriphResetCmd
    stm32f10x_gpio.o(i.GPIO_DeInit) refers to stm32f10x_rcc.o(i.RCC_APB2PeriphResetCmd) for RCC_APB2PeriphResetCmd
    stm32f10x_i2c.o(i.I2C_DeInit) refers to stm32f10x_rcc.o(i.RCC_APB1PeriphResetCmd) for RCC_APB1PeriphResetCmd
    stm32f10x_i2c.o(i.I2C_Init) refers to stm32f10x_rcc.o(i.RCC_GetClocksFreq) for RCC_GetClocksFreq
    stm32f10x_pwr.o(i.PWR_DeInit) refers to stm32f10x_rcc.o(i.RCC_APB1PeriphResetCmd) for RCC_APB1PeriphResetCmd
    stm32f10x_rcc.o(i.RCC_GetClocksFreq) refers to stm32f10x_rcc.o(.data) for APBAHBPrescTable
    stm32f10x_rcc.o(i.RCC_WaitForHSEStartUp) refers to stm32f10x_rcc.o(i.RCC_GetFlagStatus) for RCC_GetFlagStatus
[...]
    Removing stm32f10x_sdio.o(i.SDIO_GetFIFOCount), (12 bytes).
    Removing stm32f10x_sdio.o(i.SDIO_GetFlagStatus), (24 bytes).
    Removing stm32f10x_sdio.o(i.SDIO_GetITStatus), (24 bytes).
    Removing stm32f10x_sdio.o(i.SDIO_GetPowerState), (16 bytes).
    Removing stm32f10x_sdio.o(i.SDIO_GetResponse), (24 bytes).
    Removing stm32f10x_sdio.o(i.SDIO_ITConfig), (32 bytes).
    Removing stm32f10x_sdio.o(i.SDIO_Init), (48 bytes).
    Removing stm32f10x_sdio.o(i.SDIO_ReadData), (12 bytes).
    Removing stm32f10x_sdio.o(i.SDIO_SendCEATACmd), (12 bytes).
    Removing stm32f10x_sdio.o(i.SDIO_SendCommand), (44 bytes).
    Removing stm32f10x_sdio.o(i.SDIO_SendSDIOSuspendCmd), (12 bytes).
    Removing stm32f10x_sdio.o(i.SDIO_SetPowerState), (28 bytes).
    Removing stm32f10x_sdio.o(i.SDIO_SetSDIOOperation), (12 bytes).
    Removing stm32f10x_sdio.o(i.SDIO_SetSDIOReadWaitMode), (12 bytes).
    Removing stm32f10x_sdio.o(i.SDIO_StartSDIOReadWait), (12 bytes).
    Removing stm32f10x_sdio.o(i.SDIO_StopSDIOReadWait), (12 bytes).
    Removing stm32f10x_sdio.o(i.SDIO_StructInit), (16 bytes).
    Removing stm32f10x_sdio.o(i.SDIO_WriteData), (12 bytes).
    Removing stm32f10x_spi.o(i.I2S_Cmd), (24 bytes).
    Removing stm32f10x_spi.o(i.I2S_Init), (232 bytes).
    Removing stm32f10x_spi.o(i.I2S_StructInit), (20 bytes).
    Removing stm32f10x_spi.o(i.SPI_BiDirectionalLineConfig), (28 bytes).
    Removing stm32f10x_spi.o(i.SPI_CalculateCRC), (24 bytes).
    Removing stm32f10x_spi.o(i.SPI_Cmd), (24 bytes).
    Removing stm32f10x_spi.o(i.SPI_DataSizeConfig), (18 bytes).
    Removing stm32f10x_spi.o(i.SPI_GetCRC), (16 bytes).
    Removing stm32f10x_spi.o(i.SPI_GetCRCPolynomial), (6 bytes).
    Removing stm32f10x_spi.o(i.SPI_I2S_ClearFlag), (6 bytes).
    Removing stm32f10x_spi.o(i.SPI_I2S_ClearITPendingBit), (20 bytes).
    Removing stm32f10x_spi.o(i.SPI_I2S_DMACmd), (18 bytes).
    Removing stm32f10x_spi.o(i.SPI_I2S_DeInit), (88 bytes).
    Removing stm32f10x_spi.o(i.SPI_I2S_GetFlagStatus), (18 bytes).
    Removing stm32f10x_spi.o(i.SPI_I2S_GetITStatus), (52 bytes).
    Removing stm32f10x_spi.o(i.SPI_I2S_ITConfig), (32 bytes).
    Removing stm32f10x_spi.o(i.SPI_I2S_ReceiveData), (6 bytes).
    Removing stm32f10x_spi.o(i.SPI_I2S_SendData), (4 bytes).
    Removing stm32f10x_spi.o(i.SPI_Init), (60 bytes).
    Removing stm32f10x_spi.o(i.SPI_NSSInternalSoftwareConfig), (30 bytes).
    Removing stm32f10x_spi.o(i.SPI_SSOutputCmd), (24 bytes).
    Removing stm32f10x_spi.o(i.SPI_StructInit), (24 bytes).
    Removing stm32f10x_spi.o(i.SPI_TransmitCRC), (10 bytes).
    Removing stm32f10x_tim.o(i.TI1_Config), (128 bytes).
    Removing stm32f10x_tim.o(i.TI2_Config), (152 bytes).
    Removing stm32f10x_tim.o(i.TI3_Config), (144 bytes).
    Removing stm32f10x_tim.o(i.TI4_Config), (152 bytes).
    Removing stm32f10x_tim.o(i.TIM_ARRPreloadConfig), (24 bytes).
    Removing stm32f10x_tim.o(i.TIM_BDTRConfig), (32 bytes).
    Removing stm32f10x_tim.o(i.TIM_BDTRStructInit), (18 bytes).
    Removing stm32f10x_tim.o(i.TIM_CCPreloadControl), (24 bytes).
    Removing stm32f10x_tim.o(i.TIM_CCxCmd), (30 bytes).
    Removing stm32f10x_tim.o(i.TIM_CCxNCmd), (30 bytes).
    Removing stm32f10x_tim.o(i.TIM_ClearFlag), (6 bytes).
    Removing stm32f10x_tim.o(i.TIM_ClearITPendingBit), (6 bytes).
    Removing stm32f10x_tim.o(i.TIM_ClearOC1Ref), (18 bytes).
    Removing stm32f10x_tim.o(i.TIM_ClearOC2Ref), (24 bytes).
    Removing stm32f10x_tim.o(i.TIM_ClearOC3Ref), (18 bytes).
    Removing stm32f10x_tim.o(i.TIM_ClearOC4Ref), (24 bytes).
    Removing stm32f10x_tim.o(i.TIM_Cmd), (24 bytes).
    Removing stm32f10x_tim.o(i.TIM_CounterModeConfig), (18 bytes).
    Removing stm32f10x_tim.o(i.TIM_CtrlPWMOutputs), (30 bytes).
    Removing stm32f10x_tim.o(i.TIM_DMACmd), (18 bytes).
    Removing stm32f10x_tim.o(i.TIM_DMAConfig), (10 bytes).
    Removing stm32f10x_tim.o(i.TIM_DeInit), (488 bytes).
    Removing stm32f10x_tim.o(i.TIM_ETRClockMode1Config), (54 bytes).
    Removing stm32f10x_tim.o(i.TIM_ETRClockMode2Config), (32 bytes).
    Removing stm32f10x_tim.o(i.TIM_ETRConfig), (28 bytes).
    Removing stm32f10x_tim.o(i.TIM_EncoderInterfaceConfig), (66 bytes).
    Removing stm32f10x_tim.o(i.TIM_ForcedOC1Config), (18 bytes).
    Removing stm32f10x_tim.o(i.TIM_ForcedOC2Config), (26 bytes).
    Removing stm32f10x_tim.o(i.TIM_ForcedOC3Config), (18 bytes).
    Removing stm32f10x_tim.o(i.TIM_ForcedOC4Config), (26 bytes).
    Removing stm32f10x_tim.o(i.TIM_GenerateEvent), (4 bytes).
    Removing stm32f10x_tim.o(i.TIM_GetCapture1), (6 bytes).
    Removing stm32f10x_tim.o(i.TIM_GetCapture2), (6 bytes).
    Removing stm32f10x_tim.o(i.TIM_GetCapture3), (6 bytes).
    Removing stm32f10x_tim.o(i.TIM_GetCapture4), (8 bytes).
    Removing stm32f10x_tim.o(i.TIM_GetCounter), (6 bytes).
    Removing stm32f10x_tim.o(i.TIM_GetFlagStatus), (18 bytes).
    Removing stm32f10x_tim.o(i.TIM_GetITStatus), (34 bytes).
    Removing stm32f10x_tim.o(i.TIM_GetPrescaler), (6 bytes).
    Removing stm32f10x_tim.o(i.TIM_ICInit), (172 bytes).
    Removing stm32f10x_tim.o(i.TIM_ICStructInit), (18 bytes).
    Removing stm32f10x_tim.o(i.TIM_ITConfig), (18 bytes).
    Removing stm32f10x_tim.o(i.TIM_ITRxExternalClockConfig), (24 bytes).
    Removing stm32f10x_tim.o(i.TIM_InternalClockConfig), (12 bytes).
    Removing stm32f10x_tim.o(i.TIM_OC1FastConfig), (18 bytes).
    Removing stm32f10x_tim.o(i.TIM_OC1Init), (152 bytes).
    Removing stm32f10x_tim.o(i.TIM_OC1NPolarityConfig), (18 bytes).
    Removing stm32f10x_tim.o(i.TIM_OC1PolarityConfig), (18 bytes).
    Removing stm32f10x_tim.o(i.TIM_OC1PreloadConfig), (18 bytes).
    Removing stm32f10x_tim.o(i.TIM_OC2FastConfig), (26 bytes).
    Removing stm32f10x_tim.o(i.TIM_OC2Init), (164 bytes).
    Removing stm32f10x_tim.o(i.TIM_OC2NPolarityConfig), (26 bytes).
    Removing stm32f10x_tim.o(i.TIM_OC2PolarityConfig), (26 bytes).
    Removing stm32f10x_tim.o(i.TIM_OC2PreloadConfig), (26 bytes).
    Removing stm32f10x_tim.o(i.TIM_OC3FastConfig), (18 bytes).
    Removing stm32f10x_tim.o(i.TIM_OC3Init), (160 bytes).
    Removing stm32f10x_tim.o(i.TIM_OC3NPolarityConfig), (26 bytes).
    Removing stm32f10x_tim.o(i.TIM_OC3PolarityConfig), (26 bytes).
    Removing stm32f10x_tim.o(i.TIM_OC3PreloadConfig), (18 bytes).
    Removing stm32f10x_tim.o(i.TIM_OC4FastConfig), (26 bytes).
    Removing stm32f10x_tim.o(i.TIM_OC4Init), (124 bytes).
    Removing stm32f10x_tim.o(i.TIM_OC4PolarityConfig), (26 bytes).
    Removing stm32f10x_tim.o(i.TIM_OC4PreloadConfig), (26 bytes).
    Removing stm32f10x_tim.o(i.TIM_OCStructInit), (20 bytes).
    Removing stm32f10x_tim.o(i.TIM_PWMIConfig), (124 bytes).
    Removing stm32f10x_tim.o(i.TIM_PrescalerConfig), (6 bytes).
    Removing stm32f10x_tim.o(i.TIM_SelectCCDMA), (24 bytes).
    Removing stm32f10x_tim.o(i.TIM_SelectCOM), (24 bytes).
    Removing stm32f10x_tim.o(i.TIM_SelectHallSensor), (24 bytes).
    Removing stm32f10x_tim.o(i.TIM_SelectInputTrigger), (18 bytes).
    Removing stm32f10x_tim.o(i.TIM_SelectMasterSlaveMode), (18 bytes).
    Removing stm32f10x_tim.o(i.TIM_SelectOCxM), (82 bytes).
    Removing stm32f10x_tim.o(i.TIM_SelectOnePulseMode), (18 bytes).
    Removing stm32f10x_tim.o(i.TIM_SelectOutputTrigger), (18 bytes).
    Removing stm32f10x_tim.o(i.TIM_SelectSlaveMode), (18 bytes).
    Removing stm32f10x_tim.o(i.TIM_SetAutoreload), (4 bytes).
    Removing stm32f10x_tim.o(i.TIM_SetClockDivision), (18 bytes).
    Removing stm32f10x_tim.o(i.TIM_SetCompare1), (4 bytes).
    Removing stm32f10x_tim.o(i.TIM_SetCompare2), (4 bytes).
    Removing stm32f10x_tim.o(i.TIM_SetCompare3), (4 bytes).
    Removing stm32f10x_tim.o(i.TIM_SetCompare4), (6 bytes).
    Removing stm32f10x_tim.o(i.TIM_SetCounter), (4 bytes).
    Removing stm32f10x_tim.o(i.TIM_SetIC1Prescaler), (18 bytes).
    Removing stm32f10x_tim.o(i.TIM_SetIC2Prescaler), (26 bytes).
    Removing stm32f10x_tim.o(i.TIM_SetIC3Prescaler), (18 bytes).
    Removing stm32f10x_tim.o(i.TIM_SetIC4Prescaler), (26 bytes).
    Removing stm32f10x_tim.o(i.TIM_TIxExternalClockConfig), (62 bytes).
    Removing stm32f10x_tim.o(i.TIM_TimeBaseInit), (164 bytes).
    Removing stm32f10x_tim.o(i.TIM_TimeBaseStructInit), (18 bytes).
    Removing stm32f10x_tim.o(i.TIM_UpdateDisableConfig), (24 bytes).
    Removing stm32f10x_tim.o(i.TIM_UpdateRequestConfig), (24 bytes).
    Removing stm32f10x_usart.o(i.USART_ClearFlag), (18 bytes).
    Removing stm32f10x_usart.o(i.USART_ClearITPendingBit), (30 bytes).
    Removing stm32f10x_usart.o(i.USART_ClockInit), (34 bytes).
    Removing stm32f10x_usart.o(i.USART_ClockStructInit), (12 bytes).
    Removing stm32f10x_usart.o(i.USART_DMACmd), (18 bytes).
    Removing stm32f10x_usart.o(i.USART_DeInit), (156 bytes).
    Removing stm32f10x_usart.o(i.USART_GetITStatus), (84 bytes).
    Removing stm32f10x_usart.o(i.USART_HalfDuplexCmd), (24 bytes).
    Removing stm32f10x_usart.o(i.USART_ITConfig), (74 bytes).
    Removing stm32f10x_usart.o(i.USART_IrDACmd), (24 bytes).
    Removing stm32f10x_usart.o(i.USART_IrDAConfig), (18 bytes).
    Removing stm32f10x_usart.o(i.USART_LINBreakDetectLengthConfig), (18 bytes).
    Removing stm32f10x_usart.o(i.USART_LINCmd), (24 bytes).
    Removing stm32f10x_usart.o(i.USART_OneBitMethodCmd), (24 bytes).
    Removing stm32f10x_usart.o(i.USART_OverSampling8Cmd), (22 bytes).
    Removing stm32f10x_usart.o(i.USART_ReceiveData), (10 bytes).
    Removing stm32f10x_usart.o(i.USART_ReceiverWakeUpCmd), (24 bytes).
    Removing stm32f10x_usart.o(i.USART_SendBreak), (10 bytes).
    Removing stm32f10x_usart.o(i.USART_SetAddress), (18 bytes).
    Removing stm32f10x_usart.o(i.USART_SetGuardTime), (16 bytes).
    Removing stm32f10x_usart.o(i.USART_SetPrescaler), (16 bytes).
    Removing stm32f10x_usart.o(i.USART_SmartCardCmd), (24 bytes).
    Removing stm32f10x_usart.o(i.USART_SmartCardNACKCmd), (24 bytes).
    Removing stm32f10x_usart.o(i.USART_StructInit), (24 bytes).
    Removing stm32f10x_usart.o(i.USART_WakeUpConfig), (18 bytes).
    Removing stm32f10x_wwdg.o(i.WWDG_ClearFlag), (12 bytes).
    Removing stm32f10x_wwdg.o(i.WWDG_DeInit), (22 bytes).
    Removing stm32f10x_wwdg.o(i.WWDG_Enable), (16 bytes).
    Removing stm32f10x_wwdg.o(i.WWDG_EnableIT), (12 bytes).
    Removing stm32f10x_wwdg.o(i.WWDG_GetFlagStatus), (12 bytes).
    Removing stm32f10x_wwdg.o(i.WWDG_SetCounter), (16 bytes).
    Removing stm32f10x_wwdg.o(i.WWDG_SetPrescaler), (24 bytes).
    Removing stm32f10x_wwdg.o(i.WWDG_SetWindowValue), (40 bytes).
    Removing bsp_debug_usart.o(i.fgetc), (32 bytes).
    Removing bsp_led.o(i.LEDx_StateSet), (104 bytes).
    Removing stm32f10x_it.o(i.PendSV_Handler), (2 bytes).
    Removing stm32f10x_it.o(i.SysTick_Handler), (2 bytes).
    Removing bsp.o(.data), (4 bytes).
    Removing cpu_c.o(i.CPU_BitBandClr), (68 bytes).
    Removing cpu_c.o(i.CPU_BitBandSet), (68 bytes).
    Removing cpu_c.o(i.CPU_IntSrcDis), (332 bytes).
    Removing cpu_c.o(i.CPU_IntSrcEn), (332 bytes).
    Removing cpu_c.o(i.CPU_IntSrcPendClr), (164 bytes).
    Removing cpu_c.o(i.CPU_IntSrcPrioGet), (460 bytes).
    Removing cpu_c.o(i.CPU_IntSrcPrioSet), (516 bytes).
    Removing cpu_core.o(i.CPU_CntLeadZeros08), (18 bytes).
    Removing cpu_core.o(i.CPU_CntLeadZeros16), (18 bytes).
    Removing cpu_core.o(i.CPU_CntLeadZeros32), (18 bytes).
    Removing cpu_core.o(i.CPU_CntLeadZeros64), (192 bytes).
    Removing cpu_core.o(i.CPU_CntTrailZeros08), (22 bytes).
    Removing cpu_core.o(i.CPU_CntTrailZeros16), (22 bytes).
    Removing cpu_core.o(i.CPU_CntTrailZeros32), (22 bytes).
    Removing cpu_core.o(i.CPU_CntTrailZeros64), (62 bytes).
    Removing cpu_core.o(i.CPU_NameGet), (76 bytes).
    Removing cpu_core.o(i.CPU_NameSet), (100 bytes).
    Removing cpu_core.o(i.CPU_SW_Exception), (4 bytes).
    Removing cpu_core.o(.constdata), (256 bytes).
    Removing lib_ascii.o(i.ASCII_Cmp), (38 bytes).
    Removing lib_ascii.o(i.ASCII_IsAlpha), (48 bytes).
    Removing lib_ascii.o(i.ASCII_IsAlphaNum), (76 bytes).
    Removing lib_ascii.o(i.ASCII_IsBlank), (20 bytes).
    Removing lib_ascii.o(i.ASCII_IsCtrl), (26 bytes).
    Removing lib_ascii.o(i.ASCII_IsDig), (20 bytes).
    Removing lib_ascii.o(i.ASCII_IsDigHex), (36 bytes).
    Removing lib_ascii.o(i.ASCII_IsDigOct), (20 bytes).
    Removing lib_ascii.o(i.ASCII_IsGraph), (20 bytes).
    Removing lib_ascii.o(i.ASCII_IsLower), (20 bytes).
    Removing lib_ascii.o(i.ASCII_IsPrint), (20 bytes).
    Removing lib_ascii.o(i.ASCII_IsPunct), (134 bytes).
    Removing lib_ascii.o(i.ASCII_IsSpace), (36 bytes).
    Removing lib_ascii.o(i.ASCII_IsUpper), (20 bytes).
    Removing lib_ascii.o(i.ASCII_ToLower), (32 bytes).
    Removing lib_ascii.o(i.ASCII_ToUpper), (32 bytes).
    Removing lib_math.o(i.Math_Init), (10 bytes).
    Removing lib_math.o(i.Math_Rand), (56 bytes).
    Removing lib_math.o(i.Math_RandSeed), (24 bytes).
    Removing lib_math.o(i.Math_RandSetSeed), (44 bytes).
    Removing lib_math.o(.data), (4 bytes).
    Removing lib_mem.o(i.Mem_Cmp), (192 bytes).
    Removing lib_mem.o(i.Mem_HeapAlloc), (244 bytes).
    Removing lib_mem.o(i.Mem_HeapGetSizeRem), (28 bytes).
    Removing lib_mem.o(i.Mem_Move), (204 bytes).
    Removing lib_mem.o(i.Mem_PoolBlkFree), (324 bytes).
    Removing lib_mem.o(i.Mem_PoolBlkGet), (228 bytes).
    Removing lib_mem.o(i.Mem_PoolBlkGetNbrAvail), (140 bytes).
    Removing lib_mem.o(i.Mem_PoolBlkGetUsedAtIx), (216 bytes).
    Removing lib_mem.o(i.Mem_PoolBlkIsValidAddr), (102 bytes).
    Removing lib_mem.o(i.Mem_PoolBlkIxGet), (320 bytes).
    Removing lib_mem.o(i.Mem_PoolClr), (80 bytes).
    Removing lib_mem.o(i.Mem_PoolCreate), (1068 bytes).
    Removing lib_mem.o(i.Mem_SegAlloc), (80 bytes).
    Removing lib_mem.o(i.Mem_SegCalcTotSize), (164 bytes).
    Removing lib_mem.o(i.Mem_SegGetSizeRem), (232 bytes).
    Removing lib_mem_a.o(.text), (544 bytes).
    Removing lib_str.o(i.Str_Cat), (24 bytes).
    Removing lib_str.o(i.Str_Cat_N), (90 bytes).
    Removing lib_str.o(i.Str_Char), (24 bytes).
    Removing lib_str.o(i.Str_Char_Last), (24 bytes).
    Removing lib_str.o(i.Str_Char_Last_N), (76 bytes).
    Removing lib_str.o(i.Str_Char_N), (74 bytes).
    Removing lib_str.o(i.Str_Char_Replace), (28 bytes).
    Removing lib_str.o(i.Str_Char_Replace_N), (52 bytes).
    Removing lib_str.o(i.Str_Cmp), (24 bytes).
    Removing lib_str.o(i.Str_CmpIgnoreCase), (24 bytes).
    Removing lib_str.o(i.Str_CmpIgnoreCase_N), (264 bytes).
    Removing lib_str.o(i.Str_Cmp_N), (156 bytes).
    Removing lib_str.o(i.Str_Copy), (24 bytes).
    Removing lib_str.o(i.Str_Copy_N), (70 bytes).
    Removing lib_str.o(i.Str_FmtNbr_Int32), (474 bytes).
    Removing lib_str.o(i.Str_FmtNbr_Int32S), (62 bytes).
    Removing lib_str.o(i.Str_FmtNbr_Int32U), (46 bytes).
    Removing lib_str.o(i.Str_Len), (20 bytes).
    Removing lib_str.o(i.Str_Len_N), (28 bytes).
    Removing lib_str.o(i.Str_ParseNbr_Int32), (452 bytes).
    Removing lib_str.o(i.Str_ParseNbr_Int32S), (74 bytes).
    Removing lib_str.o(i.Str_ParseNbr_Int32U), (30 bytes).
    Removing lib_str.o(i.Str_Str), (24 bytes).
    Removing lib_str.o(i.Str_Str_N), (182 bytes).
    Removing lib_str.o(.constdata), (148 bytes).
    Removing os_core.o(i.OSEventNameGet), (104 bytes).
    Removing os_core.o(i.OSEventPendMulti), (660 bytes).
    Removing os_core.o(i.OSIntEnter), (36 bytes).
    Removing os_core.o(i.OSVersion), (6 bytes).
    Removing os_core.o(i.OS_EventTaskWaitMulti), (148 bytes).
    Removing os_core.o(i.OS_MemCopy), (20 bytes).
    Removing os_core.o(i.OS_StrLen), (20 bytes).
    Removing os_flag.o(i.OSFlagAccept), (252 bytes).
    Removing os_flag.o(i.OSFlagCreate), (100 bytes).
    Removing os_flag.o(i.OSFlagDel), (228 bytes).
    Removing os_flag.o(i.OSFlagNameGet), (84 bytes).
    Removing os_flag.o(i.OSFlagNameSet), (72 bytes).
    Removing os_flag.o(i.OSFlagPend), (596 bytes).
    Removing os_flag.o(i.OSFlagPendGetFlagsRdy), (32 bytes).
    Removing os_flag.o(i.OSFlagPost), (320 bytes).
    Removing os_flag.o(i.OSFlagQuery), (48 bytes).
    Removing os_flag.o(i.OS_FlagBlock), (164 bytes).
    Removing os_flag.o(i.OS_FlagTaskRdy), (96 bytes).
    Removing os_mbox.o(i.OSMboxAccept), (38 bytes).
    Removing os_mbox.o(i.OSMboxCreate), (84 bytes).
    Removing os_mbox.o(i.OSMboxDel), (224 bytes).
    Removing os_mbox.o(i.OSMboxPend), (264 bytes).
    Removing os_mbox.o(i.OSMboxPendAbort), (128 bytes).
    Removing os_mbox.o(i.OSMboxPost), (80 bytes).
    Removing os_mbox.o(i.OSMboxPostOpt), (120 bytes).
    Removing os_mbox.o(i.OSMboxQuery), (76 bytes).
    Removing os_mem.o(i.OSMemCreate), (124 bytes).
    Removing os_mem.o(i.OSMemGet), (62 bytes).
    Removing os_mem.o(i.OSMemNameGet), (64 bytes).
    Removing os_mem.o(i.OSMemNameSet), (52 bytes).
    Removing os_mem.o(i.OSMemPut), (54 bytes).
    Removing os_mem.o(i.OSMemQuery), (52 bytes).
    Removing os_mutex.o(i.OSMutexAccept), (148 bytes).
    Removing os_mutex.o(i.OSMutexCreate), (164 bytes).
    Removing os_mutex.o(i.OSMutexDel), (308 bytes).
    Removing os_mutex.o(i.OSMutexPend), (588 bytes).
    Removing os_mutex.o(i.OSMutexPost), (208 bytes).
    Removing os_mutex.o(i.OSMutexQuery), (112 bytes).
    Removing os_mutex.o(i.OSMutex_RdyAtPrio), (132 bytes).
    Removing os_q.o(i.OSQAccept), (88 bytes).
    Removing os_q.o(i.OSQCreate), (160 bytes).
    Removing os_q.o(i.OSQDel), (260 bytes).
    Removing os_q.o(i.OSQFlush), (36 bytes).
    Removing os_q.o(i.OSQPend), (292 bytes).
    Removing os_q.o(i.OSQPendAbort), (128 bytes).
    Removing os_q.o(i.OSQPost), (114 bytes).
    Removing os_q.o(i.OSQPostFront), (116 bytes).
    Removing os_q.o(i.OSQPostOpt), (182 bytes).
    Removing os_q.o(i.OSQQuery), (98 bytes).
    Removing os_sem.o(i.OSSemAccept), (42 bytes).
    Removing os_sem.o(i.OSSemDel), (224 bytes).
    Removing os_sem.o(i.OSSemPendAbort), (128 bytes).
    Removing os_sem.o(i.OSSemQuery), (76 bytes).
    Removing os_sem.o(i.OSSemSet), (66 bytes).
    Removing os_task.o(i.OSTaskChangePrio), (416 bytes).
    Removing os_task.o(i.OSTaskCreate), (160 bytes).
    Removing os_task.o(i.OSTaskDelReq), (108 bytes).
    Removing os_task.o(i.OSTaskNameGet), (128 bytes).
    Removing os_task.o(i.OSTaskQuery), (92 bytes).
    Removing os_task.o(i.OSTaskRegGet), (68 bytes).
    Removing os_task.o(i.OSTaskRegGetID), (64 bytes).
    Removing os_task.o(i.OSTaskRegSet), (72 bytes).
    Removing os_task.o(i.OSTaskResume), (172 bytes).
    Removing os_time.o(i.OSTimeDlyResume), (180 bytes).
    Removing os_time.o(i.OSTimeGet), (28 bytes).
    Removing os_time.o(i.OSTimeSet), (28 bytes).
    Removing os_tmr.o(i.OSTmrCreate), (116 bytes).
    Removing os_tmr.o(i.OSTmrDel), (128 bytes).
    Removing os_tmr.o(i.OSTmrNameGet), (120 bytes).
    Removing os_tmr.o(i.OSTmrRemainGet), (172 bytes).
    Removing os_tmr.o(i.OSTmrStart), (132 bytes).
    Removing os_tmr.o(i.OSTmrStateGet), (92 bytes).
    Removing os_tmr.o(i.OSTmrStop), (184 bytes).
    Removing os_tmr.o(i.OSTmr_Alloc), (64 bytes).
    Removing os_tmr.o(i.OSTmr_Free), (76 bytes).
    Removing dadd.o(.text), (334 bytes).
    Removing dmul.o(.text), (228 bytes).
    Removing ddiv.o(.text), (222 bytes).
    Removing dfixul.o(.text), (48 bytes).
    Removing cdrcmple.o(.text), (48 bytes).
    Removing depilogue.o(.text), (186 bytes).

635 unused section(s) (total 41138 bytes) removed from the image.

==============================================================================

Image Symbol Table

    Local Symbols

    Symbol Name                              Value     Ov Type        Size  Object(Section)

    ../clib/microlib/division.c              0x00000000   Number         0  uldiv.o ABSOLUTE
    ../clib/microlib/division.c              0x00000000   Number         0  uidiv.o ABSOLUTE
    ../clib/microlib/init/entry.s            0x00000000   Number         0  entry11a.o ABSOLUTE
    ../clib/microlib/init/entry.s            0x00000000   Number         0  entry10b.o ABSOLUTE
    ../clib/microlib/init/entry.s            0x00000000   Number         0  entry10a.o ABSOLUTE
    ../clib/microlib/init/entry.s            0x00000000   Number         0  entry7a.o ABSOLUTE
    ../clib/microlib/init/entry.s            0x00000000   Number         0  entry9a.o ABSOLUTE
    ../clib/microlib/init/entry.s            0x00000000   Number         0  entry2.o ABSOLUTE
    ../clib/microlib/init/entry.s            0x00000000   Number         0  entry.o ABSOLUTE
    ../clib/microlib/init/entry.s            0x00000000   Number         0  entry8b.o ABSOLUTE
    ../clib/microlib/init/entry.s            0x00000000   Number         0  entry8a.o ABSOLUTE
    ../clib/microlib/init/entry.s            0x00000000   Number         0  entry7b.o ABSOLUTE
    ../clib/microlib/init/entry.s            0x00000000   Number         0  entry5.o ABSOLUTE
    ../clib/microlib/init/entry.s            0x00000000   Number         0  entry11b.o ABSOLUTE
    ../clib/microlib/init/entry.s            0x00000000   Number         0  entry9b.o ABSOLUTE
    ../clib/microlib/longlong.c              0x00000000   Number         0  llushr.o ABSOLUTE
    ../clib/microlib/longlong.c              0x00000000   Number         0  llshl.o ABSOLUTE
    ../clib/microlib/longlong.c              0x00000000   Number         0  llsshr.o ABSOLUTE
    ../clib/microlib/printf/printf.c         0x00000000   Number         0  printf0.o ABSOLUTE
    ../clib/microlib/printf/printf.c         0x00000000   Number         0  printfb.o ABSOLUTE
    ../clib/microlib/printf/printf.c         0x00000000   Number         0  printf3.o ABSOLUTE
    ../clib/microlib/printf/printf.c         0x00000000   Number         0  printf6.o ABSOLUTE
    ../clib/microlib/printf/printf.c         0x00000000   Number         0  printf4.o ABSOLUTE
    ../clib/microlib/printf/printf.c         0x00000000   Number         0  printf5.o ABSOLUTE
    ../clib/microlib/printf/printf.c         0x00000000   Number         0  printf7.o ABSOLUTE
    ../clib/microlib/printf/printf.c         0x00000000   Number         0  printf8.o ABSOLUTE
    ../clib/microlib/printf/printf.c         0x00000000   Number         0  printfa.o ABSOLUTE
    ../clib/microlib/printf/printf.c         0x00000000   Number         0  printf2.o ABSOLUTE
    ../clib/microlib/printf/printf.c         0x00000000   Number         0  printf1.o ABSOLUTE
    ../clib/microlib/stdio/streams.c         0x00000000   Number         0  stdout.o ABSOLUTE
    ../clib/microlib/stubs.s                 0x00000000   Number         0  iusefp.o ABSOLUTE
    ../fplib/microlib/fpadd.c                0x00000000   Number         0  dadd.o ABSOLUTE
    ../fplib/microlib/fpdiv.c                0x00000000   Number         0  ddiv.o ABSOLUTE
    ../fplib/microlib/fpepilogue.c           0x00000000   Number         0  depilogue.o ABSOLUTE
    ../fplib/microlib/fpfix.c                0x00000000   Number         0  dfixul.o ABSOLUTE
    ../fplib/microlib/fpmul.c                0x00000000   Number         0  dmul.o ABSOLUTE
    ..\BSP\src\bsp_debug_usart.c             0x00000000   Number         0  bsp_debug_usart.o ABSOLUTE
    ..\BSP\src\bsp_led.c                     0x00000000   Number         0  bsp_led.o ABSOLUTE
    ..\Libraries\CMSIS\core_cm3.c            0x00000000   Number         0  core_cm3.o ABSOLUTE
    ..\Libraries\CMSIS\startup\arm\startup_stm32f10x_hd.s 0x00000000   Number         0  startup_stm32f10x_hd.o ABSOLUTE
    ..\Libraries\CMSIS\system_stm32f10x.c    0x00000000   Number         0  system_stm32f10x.o ABSOLUTE
    ..\Libraries\STM32F10x_StdPeriph_Driver\src\misc.c 0x00000000   Number         0  misc.o ABSOLUTE
    ..\Libraries\STM32F10x_StdPeriph_Driver\src\stm32f10x_adc.c 0x00000000   Number         0  stm32f10x_adc.o ABSOLUTE
    ..\Libraries\STM32F10x_StdPeriph_Driver\src\stm32f10x_bkp.c 0x00000000   Number         0  stm32f10x_bkp.o ABSOLUTE
    ..\Libraries\STM32F10x_StdPeriph_Driver\src\stm32f10x_can.c 0x00000000   Number         0  stm32f10x_can.o ABSOLUTE
    ..\Libraries\STM32F10x_StdPeriph_Driver\src\stm32f10x_cec.c 0x00000000   Number         0  stm32f10x_cec.o ABSOLUTE
    ..\Libraries\STM32F10x_StdPeriph_Driver\src\stm32f10x_crc.c 0x00000000   Number         0  stm32f10x_crc.o ABSOLUTE
    ..\Libraries\STM32F10x_StdPeriph_Driver\src\stm32f10x_dac.c 0x00000000   Number         0  stm32f10x_dac.o ABSOLUTE
    ..\Libraries\STM32F10x_StdPeriph_Driver\src\stm32f10x_dbgmcu.c 0x00000000   Number         0  stm32f10x_dbgmcu.o ABSOLUTE
    ..\Libraries\STM32F10x_StdPeriph_Driver\src\stm32f10x_dma.c 0x00000000   Number         0  stm32f10x_dma.o ABSOLUTE
    ..\Libraries\STM32F10x_StdPeriph_Driver\src\stm32f10x_exti.c 0x00000000   Number         0  stm32f10x_exti.o ABSOLUTE
    ..\Libraries\STM32F10x_StdPeriph_Driver\src\stm32f10x_flash.c 0x00000000   Number         0  stm32f10x_flash.o ABSOLUTE
    ..\Libraries\STM32F10x_StdPeriph_Driver\src\stm32f10x_fsmc.c 0x00000000   Number         0  stm32f10x_fsmc.o ABSOLUTE
    ..\Libraries\STM32F10x_StdPeriph_Driver\src\stm32f10x_gpio.c 0x00000000   Number         0  stm32f10x_gpio.o ABSOLUTE
    ..\Libraries\STM32F10x_StdPeriph_Driver\src\stm32f10x_i2c.c 0x00000000   Number         0  stm32f10x_i2c.o ABSOLUTE
    ..\Libraries\STM32F10x_StdPeriph_Driver\src\stm32f10x_iwdg.c 0x00000000   Number         0  stm32f10x_iwdg.o ABSOLUTE
    ..\Libraries\STM32F10x_StdPeriph_Driver\src\stm32f10x_pwr.c 0x00000000   Number         0  stm32f10x_pwr.o ABSOLUTE
    ..\Libraries\STM32F10x_StdPeriph_Driver\src\stm32f10x_rcc.c 0x00000000   Number         0  stm32f10x_rcc.o ABSOLUTE
    ..\Libraries\STM32F10x_StdPeriph_Driver\src\stm32f10x_rtc.c 0x00000000   Number         0  stm32f10x_rtc.o ABSOLUTE
    ..\Libraries\STM32F10x_StdPeriph_Driver\src\stm32f10x_sdio.c 0x00000000   Number         0  stm32f10x_sdio.o ABSOLUTE
    ..\Libraries\STM32F10x_StdPeriph_Driver\src\stm32f10x_spi.c 0x00000000   Number         0  stm32f10x_spi.o ABSOLUTE
    ..\Libraries\STM32F10x_StdPeriph_Driver\src\stm32f10x_tim.c 0x00000000   Number         0  stm32f10x_tim.o ABSOLUTE
    ..\Libraries\STM32F10x_StdPeriph_Driver\src\stm32f10x_usart.c 0x00000000   Number         0  stm32f10x_usart.o ABSOLUTE
    ..\Libraries\STM32F10x_StdPeriph_Driver\src\stm32f10x_wwdg.c 0x00000000   Number         0  stm32f10x_wwdg.o ABSOLUTE
    ..\User\main.c                           0x00000000   Number         0  main.o ABSOLUTE
    ..\User\stm32f10x_it.c                   0x00000000   Number         0  stm32f10x_it.o ABSOLUTE
    ..\\Libraries\\CMSIS\\core_cm3.c         0x00000000   Number         0  core_cm3.o ABSOLUTE
    ..\uCOS-II\OS\app_hooks.c                0x00000000   Number         0  app_hooks.o ABSOLUTE
    ..\uCOS-II\OS\bsp.c                      0x00000000   Number         0  bsp.o ABSOLUTE
    ..\uCOS-II\uC-CPU\cpu_a.asm              0x00000000   Number         0  cpu_a.o ABSOLUTE
    ..\uCOS-II\uC-CPU\cpu_c.c                0x00000000   Number         0  cpu_c.o ABSOLUTE
    ..\uCOS-II\uC-CPU\cpu_core.c             0x00000000   Number         0  cpu_core.o ABSOLUTE
    ..\uCOS-II\uC-LIB\lib_ascii.c            0x00000000   Number         0  lib_ascii.o ABSOLUTE
    ..\uCOS-II\uC-LIB\lib_math.c             0x00000000   Number         0  lib_math.o ABSOLUTE
    ..\uCOS-II\uC-LIB\lib_mem.c              0x00000000   Number         0  lib_mem.o ABSOLUTE
    ..\uCOS-II\uC-LIB\lib_mem_a.asm          0x00000000   Number         0  lib_mem_a.o ABSOLUTE
    ..\uCOS-II\uC-LIB\lib_str.c              0x00000000   Number         0  lib_str.o ABSOLUTE
    ..\uCOS-II\uCOS-II\Ports\os_cpu_a.asm    0x00000000   Number         0  os_cpu_a.o ABSOLUTE
    ..\uCOS-II\uCOS-II\Ports\os_cpu_c.c      0x00000000   Number         0  os_cpu_c.o ABSOLUTE
    ..\uCOS-II\uCOS-II\Ports\os_dbg.c        0x00000000   Number         0  os_dbg.o ABSOLUTE
    ..\uCOS-II\uCOS-II\Source\os_core.c      0x00000000   Number         0  os_core.o ABSOLUTE
    ..\uCOS-II\uCOS-II\Source\os_flag.c      0x00000000   Number         0  os_flag.o ABSOLUTE
    ..\uCOS-II\uCOS-II\Source\os_mbox.c      0x00000000   Number         0  os_mbox.o ABSOLUTE
    ..\uCOS-II\uCOS-II\Source\os_mem.c       0x00000000   Number         0  os_mem.o ABSOLUTE
    ..\uCOS-II\uCOS-II\Source\os_mutex.c     0x00000000   Number         0  os_mutex.o ABSOLUTE
    ..\uCOS-II\uCOS-II\Source\os_q.c         0x00000000   Number         0  os_q.o ABSOLUTE
    ..\uCOS-II\uCOS-II\Source\os_sem.c       0x00000000   Number         0  os_sem.o ABSOLUTE
    ..\uCOS-II\uCOS-II\Source\os_task.c      0x00000000   Number         0  os_task.o ABSOLUTE
    ..\uCOS-II\uCOS-II\Source\os_time.c      0x00000000   Number         0  os_time.o ABSOLUTE
    ..\uCOS-II\uCOS-II\Source\os_tmr.c       0x00000000   Number         0  os_tmr.o ABSOLUTE
    cdrcmple.s                               0x00000000   Number         0  cdrcmple.o ABSOLUTE
    dc.s                                     0x00000000   Number         0  dc.o ABSOLUTE
    handlers.s                               0x00000000   Number         0  handlers.o ABSOLUTE
    init.s                                   0x00000000   Number         0  init.o ABSOLUTE
    RESET                                    0x08000000   Section      304  startup_stm32f10x_hd.o(RESET)
    .ARM.Collect$$$$00000000                 0x08000130   Section        0  entry.o(.ARM.Collect$$$$00000000)
    .ARM.Collect$$$$00000001                 0x08000130   Section        4  entry2.o(.ARM.Collect$$$$00000001)
    .ARM.Collect$$$$00000004                 0x08000134   Section        4  entry5.o(.ARM.Collect$$$$00000004)
    .ARM.Collect$$$$00000008                 0x08000138   Section        0  entry7b.o(.ARM.Collect$$$$00000008)
    .ARM.Collect$$$$0000000A                 0x08000138   Section        0  entry8b.o(.ARM.Collect$$$$0000000A)
    .ARM.Collect$$$$0000000B                 0x08000138   Section        8  entry9a.o(.ARM.Collect$$$$0000000B)
    .ARM.Collect$$$$0000000D                 0x08000140   Section        0  entry10a.o(.ARM.Collect$$$$0000000D)
    .ARM.Collect$$$$0000000F                 0x08000140   Section        0  entry11a.o(.ARM.Collect$$$$0000000F)
    .ARM.Collect$$$$00002712                 0x08000140   Section        4  entry2.o(.ARM.Collect$$$$00002712)
    __lit__00000000                          0x08000140   Data           4  entry2.o(.ARM.Collect$$$$00002712)
    .text                                    0x08000144   Section       36  startup_stm32f10x_hd.o(.text)
    .text                                    0x08000168   Section       52  cpu_a.o(.text)
    .text                                    0x0800019c   Section      176  os_cpu_a.o(.text)
    .text                                    0x0800024c   Section       36  init.o(.text)
    i.AppEventCreate                         0x08000270   Section        0  main.o(i.AppEventCreate)
    AppEventCreate                           0x08000271   Thumb Code     2  main.o(i.AppEventCreate)
    i.AppTaskCreate                          0x08000274   Section        0  main.o(i.AppTaskCreate)
    AppTaskCreate                            0x08000275   Thumb Code    98  main.o(i.AppTaskCreate)
    i.AppTaskLed1                            0x080002fc   Section        0  main.o(i.AppTaskLed1)
    AppTaskLed1                              0x080002fd   Thumb Code    30  main.o(i.AppTaskLed1)
    i.AppTaskLed2                            0x08000320   Section        0  main.o(i.AppTaskLed2)
    AppTaskLed2                              0x08000321   Thumb Code    30  main.o(i.AppTaskLed2)
    i.AppTaskLed3                            0x08000344   Section        0  main.o(i.AppTaskLed3)
    AppTaskLed3                              0x08000345   Thumb Code    30  main.o(i.AppTaskLed3)
    i.AppTaskStart                           0x08000368   Section        0  main.o(i.AppTaskStart)
    AppTaskStart                             0x08000369   Thumb Code    62  main.o(i.AppTaskStart)
    i.App_TCBInitHook                        0x080003ec   Section        0  app_hooks.o(i.App_TCBInitHook)
    i.App_TaskCreateHook                     0x080003ee   Section        0  app_hooks.o(i.App_TaskCreateHook)
    i.App_TaskDelHook                        0x080003f0   Section        0  app_hooks.o(i.App_TaskDelHook)
    i.App_TaskIdleHook                       0x080003f2   Section        0  app_hooks.o(i.App_TaskIdleHook)
    i.App_TaskReturnHook                     0x080003f4   Section        0  app_hooks.o(i.App_TaskReturnHook)
    i.App_TaskStatHook                       0x080003f6   Section        0  app_hooks.o(i.App_TaskStatHook)
    i.App_TaskSwHook                         0x080003f8   Section        0  app_hooks.o(i.App_TaskSwHook)
    i.App_TimeTickHook                       0x080003fa   Section        0  app_hooks.o(i.App_TimeTickHook)
    i.BSP_CPU_ClkFreq                        0x080003fc   Section        0  bsp.o(i.BSP_CPU_ClkFreq)
    i.BSP_Init                               0x0800040c   Section        0  bsp.o(i.BSP_Init)
    i.BusFault_Handler                       0x08000418   Section        0  stm32f10x_it.o(i.BusFault_Handler)
    i.CPU_Init                               0x0800041c   Section        0  cpu_core.o(i.CPU_Init)
    i.CPU_NameClr                            0x08000424   Section        0  cpu_core.o(i.CPU_NameClr)
    i.CPU_NameInit                           0x08000454   Section        0  cpu_core.o(i.CPU_NameInit)
    CPU_NameInit                             0x08000455   Thumb Code     8  cpu_core.o(i.CPU_NameInit)
    i.DEBUG_USART_Init                       0x0800045c   Section        0  bsp_debug_usart.o(i.DEBUG_USART_Init)
    i.DebugMon_Handler                       0x080004dc   Section        0  stm32f10x_it.o(i.DebugMon_Handler)
    i.GPIO_Init                              0x080004de   Section        0  stm32f10x_gpio.o(i.GPIO_Init)
    i.GPIO_ResetBits                         0x080005f4   Section        0  stm32f10x_gpio.o(i.GPIO_ResetBits)
    i.HardFault_Handler                      0x080005f8   Section        0  stm32f10x_it.o(i.HardFault_Handler)
    i.LED_GPIO_Init                          0x080005fc   Section        0  bsp_led.o(i.LED_GPIO_Init)
    i.MemManage_Handler                      0x08000660   Section        0  stm32f10x_it.o(i.MemManage_Handler)
    i.Mem_Clr                                0x08000664   Section        0  lib_mem.o(i.Mem_Clr)
    i.Mem_Init                               0x08000678   Section        0  lib_mem.o(i.Mem_Init)
    i.Mem_Set                                0x080006c0   Section        0  lib_mem.o(i.Mem_Set)
    i.NMI_Handler                            0x08000722   Section        0  stm32f10x_it.o(i.NMI_Handler)
    i.OSDebugInit                            0x08000724   Section        0  os_dbg.o(i.OSDebugInit)
    i.OSEventNameSet                         0x08000880   Section        0  os_core.o(i.OSEventNameSet)
    i.OSInit                                 0x080008d8   Section        0  os_core.o(i.OSInit)
    i.OSInitHookBegin                        0x08000910   Section        0  os_cpu_c.o(i.OSInitHookBegin)
    i.OSInitHookEnd                          0x08000940   Section        0  os_cpu_c.o(i.OSInitHookEnd)
    i.OSIntExit                              0x08000944   Section        0  os_core.o(i.OSIntExit)
    i.OSSchedLock                            0x080009d4   Section        0  os_core.o(i.OSSchedLock)
    i.OSSchedUnlock                          0x08000a14   Section        0  os_core.o(i.OSSchedUnlock)
    i.OSSemCreate                            0x08000a74   Section        0  os_sem.o(i.OSSemCreate)
    i.OSSemPend                              0x08000ac8   Section        0  os_sem.o(i.OSSemPend)
    i.OSSemPost                              0x08000bb8   Section        0  os_sem.o(i.OSSemPost)
    i.OSStart                                0x08000c10   Section        0  os_core.o(i.OSStart)
    i.OSStatInit                             0x08000c58   Section        0  os_core.o(i.OSStatInit)
    i.OSTCBInitHook                          0x08000ca4   Section        0  os_cpu_c.o(i.OSTCBInitHook)
    i.OSTaskCreateExt                        0x08000cb0   Section        0  os_task.o(i.OSTaskCreateExt)
    i.OSTaskCreateHook                       0x08000d68   Section        0  os_cpu_c.o(i.OSTaskCreateHook)
    i.OSTaskDel                              0x08000d74   Section        0  os_task.o(i.OSTaskDel)
    i.OSTaskDelHook                          0x08000ed4   Section        0  os_cpu_c.o(i.OSTaskDelHook)
    i.OSTaskIdleHook                         0x08000ee0   Section        0  os_cpu_c.o(i.OSTaskIdleHook)
    i.OSTaskNameSet                          0x08000ee8   Section        0  os_task.o(i.OSTaskNameSet)
    i.OSTaskReturnHook                       0x08000f58   Section        0  os_cpu_c.o(i.OSTaskReturnHook)
    i.OSTaskStatHook                         0x08000f64   Section        0  os_cpu_c.o(i.OSTaskStatHook)
    i.OSTaskStkChk                           0x08000f6c   Section        0  os_task.o(i.OSTaskStkChk)
    i.OSTaskStkInit                          0x08000ff4   Section        0  os_cpu_c.o(i.OSTaskStkInit)
    i.OSTaskSuspend                          0x08001090   Section        0  os_task.o(i.OSTaskSuspend)
    i.OSTaskSwHook                           0x08001138   Section        0  os_cpu_c.o(i.OSTaskSwHook)
    i.OSTimeDly                              0x08001140   Section        0  os_time.o(i.OSTimeDly)
    i.OSTimeDlyHMSM                          0x080011b8   Section        0  os_time.o(i.OSTimeDlyHMSM)
    i.OSTimeTick                             0x08001218   Section        0  os_core.o(i.OSTimeTick)
    i.OSTimeTickHook                         0x08001304   Section        0  os_cpu_c.o(i.OSTimeTickHook)
    i.OSTmrSignal                            0x0800132c   Section        0  os_tmr.o(i.OSTmrSignal)
    i.OSTmr_Init                             0x08001340   Section        0  os_tmr.o(i.OSTmr_Init)
    i.OSTmr_InitTask                         0x08001434   Section        0  os_tmr.o(i.OSTmr_InitTask)
    OSTmr_InitTask                           0x08001435   Thumb Code    50  os_tmr.o(i.OSTmr_InitTask)
    i.OSTmr_Link                             0x08001484   Section        0  os_tmr.o(i.OSTmr_Link)
    OSTmr_Link                               0x08001485   Thumb Code   100  os_tmr.o(i.OSTmr_Link)
    i.OSTmr_Task                             0x080014f0   Section        0  os_tmr.o(i.OSTmr_Task)
    OSTmr_Task                               0x080014f1   Thumb Code   114  os_tmr.o(i.OSTmr_Task)
    i.OSTmr_Unlink                           0x08001570   Section        0  os_tmr.o(i.OSTmr_Unlink)
    OSTmr_Unlink                             0x08001571   Thumb Code    62  os_tmr.o(i.OSTmr_Unlink)
    i.OS_CPU_SysTickHandler                  0x080015b4   Section        0  os_cpu_c.o(i.OS_CPU_SysTickHandler)
    i.OS_CPU_SysTickInit                     0x080015dc   Section        0  os_cpu_c.o(i.OS_CPU_SysTickInit)
    i.OS_Dummy                               0x0800160c   Section        0  os_core.o(i.OS_Dummy)
    i.OS_EventTaskRdy                        0x08001610   Section        0  os_core.o(i.OS_EventTaskRdy)
    i.OS_EventTaskRemove                     0x080016a0   Section        0  os_core.o(i.OS_EventTaskRemove)
    i.OS_EventTaskRemoveMulti                0x080016ca   Section        0  os_core.o(i.OS_EventTaskRemoveMulti)
    i.OS_EventTaskWait                       0x08001704   Section        0  os_core.o(i.OS_EventTaskWait)
    i.OS_EventWaitListInit                   0x08001780   Section        0  os_core.o(i.OS_EventWaitListInit)
    i.OS_FlagInit                            0x0800179c   Section        0  os_flag.o(i.OS_FlagInit)
    i.OS_FlagUnlink                          0x080017f4   Section        0  os_flag.o(i.OS_FlagUnlink)
    i.OS_InitEventList                       0x08001818   Section        0  os_core.o(i.OS_InitEventList)
    OS_InitEventList                         0x08001819   Thumb Code    84  os_core.o(i.OS_InitEventList)
    i.OS_InitMisc                            0x08001878   Section        0  os_core.o(i.OS_InitMisc)
    OS_InitMisc                              0x08001879   Thumb Code    48  os_core.o(i.OS_InitMisc)
    i.OS_InitRdyList                         0x080018d4   Section        0  os_core.o(i.OS_InitRdyList)
    OS_InitRdyList                           0x080018d5   Thumb Code    44  os_core.o(i.OS_InitRdyList)
    i.OS_InitTCBList                         0x08001918   Section        0  os_core.o(i.OS_InitTCBList)
    OS_InitTCBList                           0x08001919   Thumb Code   106  os_core.o(i.OS_InitTCBList)
    i.OS_InitTaskIdle                        0x08001998   Section        0  os_core.o(i.OS_InitTaskIdle)
    OS_InitTaskIdle                          0x08001999   Thumb Code    50  os_core.o(i.OS_InitTaskIdle)
    i.OS_InitTaskStat                        0x080019e8   Section        0  os_core.o(i.OS_InitTaskStat)
    OS_InitTaskStat                          0x080019e9   Thumb Code    50  os_core.o(i.OS_InitTaskStat)
    i.OS_MemClr                              0x08001a38   Section        0  os_core.o(i.OS_MemClr)
    i.OS_MemInit                             0x08001a4c   Section        0  os_mem.o(i.OS_MemInit)
    i.OS_QInit                               0x08001aa4   Section        0  os_q.o(i.OS_QInit)
    i.OS_Sched                               0x08001af4   Section        0  os_core.o(i.OS_Sched)
    i.OS_SchedNew                            0x08001b68   Section        0  os_core.o(i.OS_SchedNew)
    OS_SchedNew                              0x08001b69   Thumb Code    26  os_core.o(i.OS_SchedNew)
    i.OS_TCBInit                             0x08001b94   Section        0  os_core.o(i.OS_TCBInit)
    i.OS_TaskIdle                            0x08001cd4   Section        0  os_core.o(i.OS_TaskIdle)
    i.OS_TaskReturn                          0x08001cfc   Section        0  os_task.o(i.OS_TaskReturn)
    i.OS_TaskStat                            0x08001d14   Section        0  os_core.o(i.OS_TaskStat)
    i.OS_TaskStatStkChk                      0x08001db4   Section        0  os_core.o(i.OS_TaskStatStkChk)
    i.OS_TaskStkClr                          0x08001df0   Section        0  os_task.o(i.OS_TaskStkClr)
    i.RCC_APB2PeriphClockCmd                 0x08001e0c   Section        0  stm32f10x_rcc.o(i.RCC_APB2PeriphClockCmd)
    i.RCC_GetClocksFreq                      0x08001e2c   Section        0  stm32f10x_rcc.o(i.RCC_GetClocksFreq)
    i.SVC_Handler                            0x08001f00   Section        0  stm32f10x_it.o(i.SVC_Handler)
    i.SetSysClock                            0x08001f02   Section        0  system_stm32f10x.o(i.SetSysClock)
    SetSysClock                              0x08001f03   Thumb Code     8  system_stm32f10x.o(i.SetSysClock)
    i.SetSysClockTo72                        0x08001f0c   Section        0  system_stm32f10x.o(i.SetSysClockTo72)
    SetSysClockTo72                          0x08001f0d   Thumb Code   214  system_stm32f10x.o(i.SetSysClockTo72)
    i.SystemInit                             0x08001fec   Section        0  system_stm32f10x.o(i.SystemInit)
    i.USART_Cmd                              0x0800204c   Section        0  stm32f10x_usart.o(i.USART_Cmd)
    i.USART_GetFlagStatus                    0x08002064   Section        0  stm32f10x_usart.o(i.USART_GetFlagStatus)
    i.USART_Init                             0x08002080   Section        0  stm32f10x_usart.o(i.USART_Init)
    i.USART_SendData                         0x08002158   Section        0  stm32f10x_usart.o(i.USART_SendData)
    i.UsageFault_Handler                     0x08002160   Section        0  stm32f10x_it.o(i.UsageFault_Handler)
    i.__0printf$bare                         0x08002164   Section        0  printfb.o(i.__0printf$bare)
    i.__scatterload_copy                     0x08002174   Section       14  handlers.o(i.__scatterload_copy)
    i.__scatterload_null                     0x08002182   Section        2  handlers.o(i.__scatterload_null)
    i.__scatterload_zeroinit                 0x08002184   Section       14  handlers.o(i.__scatterload_zeroinit)
    i._printf_core                           0x08002192   Section        0  printfb.o(i._printf_core)
    _printf_core                             0x08002193   Thumb Code    34  printfb.o(i._printf_core)
    i.fputc                                  0x080021b4   Section        0  bsp_debug_usart.o(i.fputc)
    i.main                                   0x080021d8   Section        0  main.o(i.main)
    .constdata                               0x0800222c   Section      114  os_dbg.o(.constdata)
    .constdata                               0x0800229e   Section      256  os_core.o(.constdata)
    .data                                    0x20000000   Section       20  stm32f10x_rcc.o(.data)
    APBAHBPrescTable                         0x20000000   Data          16  stm32f10x_rcc.o(.data)
    ADCPrescTable                            0x20000010   Data           4  stm32f10x_rcc.o(.data)
    .data                                    0x20000014   Section        4  lib_mem.o(.data)
    .data                                    0x20000018   Section        6  os_cpu_c.o(.data)
    OSTmrCtr                                 0x2000001c   Data           2  os_cpu_c.o(.data)
    .data                                    0x20000020   Section      100  os_core.o(.data)
    .data                                    0x20000084   Section        4  stdout.o(.data)
    .bss                                     0x20000088   Section     2048  main.o(.bss)
    AppTaskStartStk                          0x20000088   Data         512  main.o(.bss)
    AppTaskLed1Stk                           0x20000288   Data         512  main.o(.bss)
    AppTaskLed2Stk                           0x20000488   Data         512  main.o(.bss)
    AppTaskLed3Stk                           0x20000688   Data         512  main.o(.bss)
    .bss                                     0x20000888   Section       16  cpu_core.o(.bss)
    .bss                                     0x20000898   Section    27720  lib_mem.o(.bss)
    .bss                                     0x200074e0   Section      512  os_cpu_c.o(.bss)
    .bss                                     0x200076e0   Section     8928  os_core.o(.bss)
    STACK                                    0x200099c0   Section     1024  startup_stm32f10x_hd.o(STACK)

    Global Symbols

    Symbol Name                              Value     Ov Type        Size  Object(Section)

    BuildAttributes$$THM_ISAv4$P$D$K$B$S$PE$A:L22UL41UL21$X:L11$S22US41US21$IEEE1$IW$USESV6$~STKCKD$USESV7$~SHL$OSPACE$ROPI$EBA8$MICROLIB$REQ8$PRES8$EABIv2 0x00000000   Number         0  anon$$obj.o ABSOLUTE
    __ARM_use_no_argv                        0x00000000   Number         0  main.o ABSOLUTE
    __cpp_initialize__aeabi_                  - Undefined Weak Reference
    __cxa_finalize                            - Undefined Weak Reference
    __decompress                              - Undefined Weak Reference
    _clock_init                               - Undefined Weak Reference
    _microlib_exit                            - Undefined Weak Reference
    __Vectors_Size                           0x00000130   Number         0  startup_stm32f10x_hd.o ABSOLUTE
    __Vectors                                0x08000000   Data           4  startup_stm32f10x_hd.o(RESET)
    __Vectors_End                            0x08000130   Data           0  startup_stm32f10x_hd.o(RESET)
    __main                                   0x08000131   Thumb Code     0  entry.o(.ARM.Collect$$$$00000000)
    _main_stk                                0x08000131   Thumb Code     0  entry2.o(.ARM.Collect$$$$00000001)
    _main_scatterload                        0x08000135   Thumb Code     0  entry5.o(.ARM.Collect$$$$00000004)
    __main_after_scatterload                 0x08000139   Thumb Code     0  entry5.o(.ARM.Collect$$$$00000004)
    _main_clock                              0x08000139   Thumb Code     0  entry7b.o(.ARM.Collect$$$$00000008)
    _main_cpp_init                           0x08000139   Thumb Code     0  entry8b.o(.ARM.Collect$$$$0000000A)
    _main_init                               0x08000139   Thumb Code     0  entry9a.o(.ARM.Collect$$$$0000000B)
    __rt_final_cpp                           0x08000141   Thumb Code     0  entry10a.o(.ARM.Collect$$$$0000000D)
    __rt_final_exit                          0x08000141   Thumb Code     0  entry11a.o(.ARM.Collect$$$$0000000F)
    Reset_Handler                            0x08000145   Thumb Code     8  startup_stm32f10x_hd.o(.text)
    ADC1_2_IRQHandler                        0x0800015f   Thumb Code     0  startup_stm32f10x_hd.o(.text)
    ADC3_IRQHandler                          0x0800015f   Thumb Code     0  startup_stm32f10x_hd.o(.text)
    CAN1_RX1_IRQHandler                      0x0800015f   Thumb Code     0  startup_stm32f10x_hd.o(.text)
    CAN1_SCE_IRQHandler                      0x0800015f   Thumb Code     0  startup_stm32f10x_hd.o(.text)
    DMA1_Channel1_IRQHandler                 0x0800015f   Thumb Code     0  startup_stm32f10x_hd.o(.text)
    DMA1_Channel2_IRQHandler                 0x0800015f   Thumb Code     0  startup_stm32f10x_hd.o(.text)
    DMA1_Channel3_IRQHandler                 0x0800015f   Thumb Code     0  startup_stm32f10x_hd.o(.text)
    DMA1_Channel4_IRQHandler                 0x0800015f   Thumb Code     0  startup_stm32f10x_hd.o(.text)
    DMA1_Channel5_IRQHandler                 0x0800015f   Thumb Code     0  startup_stm32f10x_hd.o(.text)
    DMA1_Channel6_IRQHandler                 0x0800015f   Thumb Code     0  startup_stm32f10x_hd.o(.text)
    DMA1_Channel7_IRQHandler                 0x0800015f   Thumb Code     0  startup_stm32f10x_hd.o(.text)
    DMA2_Channel1_IRQHandler                 0x0800015f   Thumb Code     0  startup_stm32f10x_hd.o(.text)
    DMA2_Channel2_IRQHandler                 0x0800015f   Thumb Code     0  startup_stm32f10x_hd.o(.text)
    DMA2_Channel3_IRQHandler                 0x0800015f   Thumb Code     0  startup_stm32f10x_hd.o(.text)
    DMA2_Channel4_5_IRQHandler               0x0800015f   Thumb Code     0  startup_stm32f10x_hd.o(.text)
    EXTI0_IRQHandler                         0x0800015f   Thumb Code     0  startup_stm32f10x_hd.o(.text)
    EXTI15_10_IRQHandler                     0x0800015f   Thumb Code     0  startup_stm32f10x_hd.o(.text)
    EXTI1_IRQHandler                         0x0800015f   Thumb Code     0  startup_stm32f10x_hd.o(.text)
    EXTI2_IRQHandler                         0x0800015f   Thumb Code     0  startup_stm32f10x_hd.o(.text)
    EXTI3_IRQHandler                         0x0800015f   Thumb Code     0  startup_stm32f10x_hd.o(.text)
    EXTI4_IRQHandler                         0x0800015f   Thumb Code     0  startup_stm32f10x_hd.o(.text)
    EXTI9_5_IRQHandler                       0x0800015f   Thumb Code     0  startup_stm32f10x_hd.o(.text)
    FLASH_IRQHandler                         0x0800015f   Thumb Code     0  startup_stm32f10x_hd.o(.text)
    FSMC_IRQHandler                          0x0800015f   Thumb Code     0  startup_stm32f10x_hd.o(.text)
    I2C1_ER_IRQHandler                       0x0800015f   Thumb Code     0  startup_stm32f10x_hd.o(.text)
    I2C1_EV_IRQHandler                       0x0800015f   Thumb Code     0  startup_stm32f10x_hd.o(.text)
    I2C2_ER_IRQHandler                       0x0800015f   Thumb Code     0  startup_stm32f10x_hd.o(.text)
    I2C2_EV_IRQHandler                       0x0800015f   Thumb Code     0  startup_stm32f10x_hd.o(.text)
    PVD_IRQHandler                           0x0800015f   Thumb Code     0  startup_stm32f10x_hd.o(.text)
    RCC_IRQHandler                           0x0800015f   Thumb Code     0  startup_stm32f10x_hd.o(.text)
    RTCAlarm_IRQHandler                      0x0800015f   Thumb Code     0  startup_stm32f10x_hd.o(.text)
    RTC_IRQHandler                           0x0800015f   Thumb Code     0  startup_stm32f10x_hd.o(.text)
    SDIO_IRQHandler                          0x0800015f   Thumb Code     0  startup_stm32f10x_hd.o(.text)
    SPI1_IRQHandler                          0x0800015f   Thumb Code     0  startup_stm32f10x_hd.o(.text)
    SPI2_IRQHandler                          0x0800015f   Thumb Code     0  startup_stm32f10x_hd.o(.text)
    SPI3_IRQHandler                          0x0800015f   Thumb Code     0  startup_stm32f10x_hd.o(.text)
    TAMPER_IRQHandler                        0x0800015f   Thumb Code     0  startup_stm32f10x_hd.o(.text)
    TIM1_BRK_IRQHandler                      0x0800015f   Thumb Code     0  startup_stm32f10x_hd.o(.text)
    TIM1_CC_IRQHandler                       0x0800015f   Thumb Code     0  startup_stm32f10x_hd.o(.text)
    TIM1_TRG_COM_IRQHandler                  0x0800015f   Thumb Code     0  startup_stm32f10x_hd.o(.text)
    TIM1_UP_IRQHandler                       0x0800015f   Thumb Code     0  startup_stm32f10x_hd.o(.text)
    TIM2_IRQHandler                          0x0800015f   Thumb Code     0  startup_stm32f10x_hd.o(.text)
    TIM3_IRQHandler                          0x0800015f   Thumb Code     0  startup_stm32f10x_hd.o(.text)
    TIM4_IRQHandler                          0x0800015f   Thumb Code     0  startup_stm32f10x_hd.o(.text)
    TIM5_IRQHandler                          0x0800015f   Thumb Code     0  startup_stm32f10x_hd.o(.text)
    TIM6_IRQHandler                          0x0800015f   Thumb Code     0  startup_stm32f10x_hd.o(.text)
    TIM7_IRQHandler                          0x0800015f   Thumb Code     0  startup_stm32f10x_hd.o(.text)
    TIM8_BRK_IRQHandler                      0x0800015f   Thumb Code     0  startup_stm32f10x_hd.o(.text)
    TIM8_CC_IRQHandler                       0x0800015f   Thumb Code     0  startup_stm32f10x_hd.o(.text)
    TIM8_TRG_COM_IRQHandler                  0x0800015f   Thumb Code     0  startup_stm32f10x_hd.o(.text)
    TIM8_UP_IRQHandler                       0x0800015f   Thumb Code     0  startup_stm32f10x_hd.o(.text)
    UART4_IRQHandler                         0x0800015f   Thumb Code     0  startup_stm32f10x_hd.o(.text)
    UART5_IRQHandler                         0x0800015f   Thumb Code     0  startup_stm32f10x_hd.o(.text)
    USART1_IRQHandler                        0x0800015f   Thumb Code     0  startup_stm32f10x_hd.o(.text)
    USART2_IRQHandler                        0x0800015f   Thumb Code     0  startup_stm32f10x_hd.o(.text)
    USART3_IRQHandler                        0x0800015f   Thumb Code     0  startup_stm32f10x_hd.o(.text)
    USBWakeUp_IRQHandler                     0x0800015f   Thumb Code     0  startup_stm32f10x_hd.o(.text)
    USB_HP_CAN1_TX_IRQHandler                0x0800015f   Thumb Code     0  startup_stm32f10x_hd.o(.text)
    USB_LP_CAN1_RX0_IRQHandler               0x0800015f   Thumb Code     0  startup_stm32f10x_hd.o(.text)
    WWDG_IRQHandler                          0x0800015f   Thumb Code     0  startup_stm32f10x_hd.o(.text)
    CPU_IntDis                               0x08000169   Thumb Code     0  cpu_a.o(.text)
    CPU_IntEn                                0x0800016d   Thumb Code     0  cpu_a.o(.text)
    CPU_SR_Save                              0x08000171   Thumb Code     0  cpu_a.o(.text)
    CPU_SR_Restore                           0x08000179   Thumb Code     0  cpu_a.o(.text)
    CPU_WaitForInt                           0x0800017f   Thumb Code     0  cpu_a.o(.text)
    CPU_WaitForExcept                        0x08000183   Thumb Code     0  cpu_a.o(.text)
    CPU_CntLeadZeros                         0x08000187   Thumb Code     0  cpu_a.o(.text)
    CPU_CntTrailZeros                        0x0800018d   Thumb Code     0  cpu_a.o(.text)
    CPU_RevBits                              0x08000197   Thumb Code     0  cpu_a.o(.text)
    OS_CPU_SR_Save                           0x0800019d   Thumb Code     0  os_cpu_a.o(.text)
    OS_CPU_SR_Restore                        0x080001a5   Thumb Code     0  os_cpu_a.o(.text)
    OSStartHighRdy                           0x080001ab   Thumb Code     0  os_cpu_a.o(.text)
    OSCtxSw                                  0x080001d3   Thumb Code     0  os_cpu_a.o(.text)
    OSIntCtxSw                               0x080001dd   Thumb Code     0  os_cpu_a.o(.text)
    OS_CPU_PendSVHandler                     0x080001e7   Thumb Code     0  os_cpu_a.o(.text)
    __scatterload                            0x0800024d   Thumb Code    28  init.o(.text)
    __scatterload_rt2                        0x0800024d   Thumb Code     0  init.o(.text)
    App_TCBInitHook                          0x080003ed   Thumb Code     2  app_hooks.o(i.App_TCBInitHook)
    App_TaskCreateHook                       0x080003ef   Thumb Code     2  app_hooks.o(i.App_TaskCreateHook)
    App_TaskDelHook                          0x080003f1   Thumb Code     2  app_hooks.o(i.App_TaskDelHook)
    App_TaskIdleHook                         0x080003f3   Thumb Code     2  app_hooks.o(i.App_TaskIdleHook)
    App_TaskReturnHook                       0x080003f5   Thumb Code     2  app_hooks.o(i.App_TaskReturnHook)
    App_TaskStatHook                         0x080003f7   Thumb Code     2  app_hooks.o(i.App_TaskStatHook)
    App_TaskSwHook                           0x080003f9   Thumb Code     2  app_hooks.o(i.App_TaskSwHook)
    App_TimeTickHook                         0x080003fb   Thumb Code     2  app_hooks.o(i.App_TimeTickHook)
    BSP_CPU_ClkFreq                          0x080003fd   Thumb Code    16  bsp.o(i.BSP_CPU_ClkFreq)
    BSP_Init                                 0x0800040d   Thumb Code    12  bsp.o(i.BSP_Init)
    BusFault_Handler                         0x08000419   Thumb Code     4  stm32f10x_it.o(i.BusFault_Handler)
    CPU_Init                                 0x0800041d   Thumb Code     8  cpu_core.o(i.CPU_Init)
    CPU_NameClr                              0x08000425   Thumb Code    42  cpu_core.o(i.CPU_NameClr)
    DEBUG_USART_Init                         0x0800045d   Thumb Code   120  bsp_debug_usart.o(i.DEBUG_USART_Init)
    DebugMon_Handler                         0x080004dd   Thumb Code     2  stm32f10x_it.o(i.DebugMon_Handler)
    GPIO_Init                                0x080004df   Thumb Code   278  stm32f10x_gpio.o(i.GPIO_Init)
    GPIO_ResetBits                           0x080005f5   Thumb Code     4  stm32f10x_gpio.o(i.GPIO_ResetBits)
    HardFault_Handler                        0x080005f9   Thumb Code     4  stm32f10x_it.o(i.HardFault_Handler)
    LED_GPIO_Init                            0x080005fd   Thumb Code    92  bsp_led.o(i.LED_GPIO_Init)
    MemManage_Handler                        0x08000661   Thumb Code     4  stm32f10x_it.o(i.MemManage_Handler)
    Mem_Clr                                  0x08000665   Thumb Code    18  lib_mem.o(i.Mem_Clr)
    Mem_Init                                 0x08000679   Thumb Code    54  lib_mem.o(i.Mem_Init)
    Mem_Set                                  0x080006c1   Thumb Code    98  lib_mem.o(i.Mem_Set)
    NMI_Handler                              0x08000723   Thumb Code     2  stm32f10x_it.o(i.NMI_Handler)
    OSDebugInit                              0x08000725   Thumb Code   118  os_dbg.o(i.OSDebugInit)
    OSEventNameSet                           0x08000881   Thumb Code    84  os_core.o(i.OSEventNameSet)
    OSInit                                   0x080008d9   Thumb Code    56  os_core.o(i.OSInit)
    OSInitHookBegin                          0x08000911   Thumb Code    30  os_cpu_c.o(i.OSInitHookBegin)
    OSInitHookEnd                            0x08000941   Thumb Code     2  os_cpu_c.o(i.OSInitHookEnd)
    OSIntExit                                0x08000945   Thumb Code   112  os_core.o(i.OSIntExit)
    OSSchedLock                              0x080009d5   Thumb Code    50  os_core.o(i.OSSchedLock)
    OSSchedUnlock                            0x08000a15   Thumb Code    82  os_core.o(i.OSSchedUnlock)
    OSSemCreate                              0x08000a75   Thumb Code    72  os_sem.o(i.OSSemCreate)
    OSSemPend                                0x08000ac9   Thumb Code   228  os_sem.o(i.OSSemPend)
    OSSemPost                                0x08000bb9   Thumb Code    88  os_sem.o(i.OSSemPost)
    OSStart                                  0x08000c11   Thumb Code    48  os_core.o(i.OSStart)
    OSStatInit                               0x08000c59   Thumb Code    62  os_core.o(i.OSStatInit)
    OSTCBInitHook                            0x08000ca5   Thumb Code    12  os_cpu_c.o(i.OSTCBInitHook)
    OSTaskCreateExt                          0x08000cb1   Thumb Code   170  os_task.o(i.OSTaskCreateExt)
    OSTaskCreateHook                         0x08000d69   Thumb Code    12  os_cpu_c.o(i.OSTaskCreateHook)
    OSTaskDel                                0x08000d75   Thumb Code   306  os_task.o(i.OSTaskDel)
    OSTaskDelHook                            0x08000ed5   Thumb Code    12  os_cpu_c.o(i.OSTaskDelHook)
    OSTaskIdleHook                           0x08000ee1   Thumb Code     8  os_cpu_c.o(i.OSTaskIdleHook)
    OSTaskNameSet                            0x08000ee9   Thumb Code    98  os_task.o(i.OSTaskNameSet)
    OSTaskReturnHook                         0x08000f59   Thumb Code    12  os_cpu_c.o(i.OSTaskReturnHook)
    OSTaskStatHook                           0x08000f65   Thumb Code     8  os_cpu_c.o(i.OSTaskStatHook)
    OSTaskStkChk                             0x08000f6d   Thumb Code   128  os_task.o(i.OSTaskStkChk)
    OSTaskStkInit                            0x08000ff5   Thumb Code   152  os_cpu_c.o(i.OSTaskStkInit)
    OSTaskSuspend                            0x08001091   Thumb Code   152  os_task.o(i.OSTaskSuspend)
    OSTaskSwHook                             0x08001139   Thumb Code     8  os_cpu_c.o(i.OSTaskSwHook)
    OSTimeDly                                0x08001141   Thumb Code   100  os_time.o(i.OSTimeDly)
    OSTimeDlyHMSM                            0x080011b9   Thumb Code    86  os_time.o(i.OSTimeDlyHMSM)
    OSTimeTick                               0x08001219   Thumb Code   210  os_core.o(i.OSTimeTick)
    OSTimeTickHook                           0x08001305   Thumb Code    34  os_cpu_c.o(i.OSTimeTickHook)
    OSTmrSignal                              0x0800132d   Thumb Code    16  os_tmr.o(i.OSTmrSignal)
    OSTmr_Init                               0x08001341   Thumb Code   168  os_tmr.o(i.OSTmr_Init)
    OS_CPU_SysTickHandler                    0x080015b5   Thumb Code    34  os_cpu_c.o(i.OS_CPU_SysTickHandler)
    OS_CPU_SysTickInit                       0x080015dd   Thumb Code    42  os_cpu_c.o(i.OS_CPU_SysTickInit)
    OS_Dummy                                 0x0800160d   Thumb Code     2  os_core.o(i.OS_Dummy)
    OS_EventTaskRdy                          0x08001611   Thumb Code   128  os_core.o(i.OS_EventTaskRdy)
    OS_EventTaskRemove                       0x080016a1   Thumb Code    42  os_core.o(i.OS_EventTaskRemove)
    OS_EventTaskRemoveMulti                  0x080016cb   Thumb Code    58  os_core.o(i.OS_EventTaskRemoveMulti)
    OS_EventTaskWait                         0x08001705   Thumb Code   112  os_core.o(i.OS_EventTaskWait)
    OS_EventWaitListInit                     0x08001781   Thumb Code    28  os_core.o(i.OS_EventWaitListInit)
    OS_FlagInit                              0x0800179d   Thumb Code    74  os_flag.o(i.OS_FlagInit)
    OS_FlagUnlink                            0x080017f5   Thumb Code    36  os_flag.o(i.OS_FlagUnlink)
    OS_MemClr                                0x08001a39   Thumb Code    18  os_core.o(i.OS_MemClr)
    OS_MemInit                               0x08001a4d   Thumb Code    74  os_mem.o(i.OS_MemInit)
    OS_QInit                                 0x08001aa5   Thumb Code    72  os_q.o(i.OS_QInit)
    OS_Sched                                 0x08001af5   Thumb Code    88  os_core.o(i.OS_Sched)
    OS_TCBInit                               0x08001b95   Thumb Code   292  os_core.o(i.OS_TCBInit)
    OS_TaskIdle                              0x08001cd5   Thumb Code    34  os_core.o(i.OS_TaskIdle)
    OS_TaskReturn                            0x08001cfd   Thumb Code    18  os_task.o(i.OS_TaskReturn)
    OS_TaskStat                              0x08001d15   Thumb Code   140  os_core.o(i.OS_TaskStat)
    OS_TaskStatStkChk                        0x08001db5   Thumb Code    54  os_core.o(i.OS_TaskStatStkChk)
    OS_TaskStkClr                            0x08001df1   Thumb Code    26  os_task.o(i.OS_TaskStkClr)
    RCC_APB2PeriphClockCmd                   0x08001e0d   Thumb Code    26  stm32f10x_rcc.o(i.RCC_APB2PeriphClockCmd)
    RCC_GetClocksFreq                        0x08001e2d   Thumb Code   192  stm32f10x_rcc.o(i.RCC_GetClocksFreq)
    SVC_Handler                              0x08001f01   Thumb Code     2  stm32f10x_it.o(i.SVC_Handler)
    SystemInit                               0x08001fed   Thumb Code    78  system_stm32f10x.o(i.SystemInit)
    USART_Cmd                                0x0800204d   Thumb Code    24  stm32f10x_usart.o(i.USART_Cmd)
    USART_GetFlagStatus                      0x08002065   Thumb Code    26  stm32f10x_usart.o(i.USART_GetFlagStatus)
    USART_Init                               0x08002081   Thumb Code   210  stm32f10x_usart.o(i.USART_Init)
    USART_SendData                           0x08002159   Thumb Code     8  stm32f10x_usart.o(i.USART_SendData)
    UsageFault_Handler                       0x08002161   Thumb Code     4  stm32f10x_it.o(i.UsageFault_Handler)
    __0printf$bare                           0x08002165   Thumb Code     8  printfb.o(i.__0printf$bare)
    __1printf$bare                           0x08002165   Thumb Code     0  printfb.o(i.__0printf$bare)
    __2printf                                0x08002165   Thumb Code     0  printfb.o(i.__0printf$bare)
    __scatterload_copy                       0x08002175   Thumb Code    14  handlers.o(i.__scatterload_copy)
    __scatterload_null                       0x08002183   Thumb Code     2  handlers.o(i.__scatterload_null)
    __scatterload_zeroinit                   0x08002185   Thumb Code    14  handlers.o(i.__scatterload_zeroinit)
    fputc                                    0x080021b5   Thumb Code    32  bsp_debug_usart.o(i.fputc)
    main                                     0x080021d9   Thumb Code    58  main.o(i.main)
    OSDebugEn                                0x0800222c   Data           2  os_dbg.o(.constdata)
    OSEndiannessTest                         0x08002230   Data           4  os_dbg.o(.constdata)
    OSEventEn                                0x08002234   Data           2  os_dbg.o(.constdata)
    OSEventMax                               0x08002236   Data           2  os_dbg.o(.constdata)
    OSEventNameEn                            0x08002238   Data           2  os_dbg.o(.constdata)
    OSEventSize                              0x0800223a   Data           2  os_dbg.o(.constdata)
    OSEventTblSize                           0x0800223c   Data           2  os_dbg.o(.constdata)
    OSEventMultiEn                           0x0800223e   Data           2  os_dbg.o(.constdata)
    OSFlagEn                                 0x08002240   Data           2  os_dbg.o(.constdata)
    OSFlagGrpSize                            0x08002242   Data           2  os_dbg.o(.constdata)
    OSFlagNodeSize                           0x08002244   Data           2  os_dbg.o(.constdata)
    OSFlagWidth                              0x08002246   Data           2  os_dbg.o(.constdata)
    OSFlagMax                                0x08002248   Data           2  os_dbg.o(.constdata)
    OSFlagNameEn                             0x0800224a   Data           2  os_dbg.o(.constdata)
    OSLowestPrio                             0x0800224c   Data           2  os_dbg.o(.constdata)
    OSMboxEn                                 0x0800224e   Data           2  os_dbg.o(.constdata)
    OSMemEn                                  0x08002250   Data           2  os_dbg.o(.constdata)
    OSMemMax                                 0x08002252   Data           2  os_dbg.o(.constdata)
    OSMemNameEn                              0x08002254   Data           2  os_dbg.o(.constdata)
    OSMemSize                                0x08002256   Data           2  os_dbg.o(.constdata)
    OSMemTblSize                             0x08002258   Data           2  os_dbg.o(.constdata)
    OSMutexEn                                0x0800225a   Data           2  os_dbg.o(.constdata)
    OSPtrSize                                0x0800225c   Data           2  os_dbg.o(.constdata)
    OSQEn                                    0x0800225e   Data           2  os_dbg.o(.constdata)
    OSQMax                                   0x08002260   Data           2  os_dbg.o(.constdata)
    OSQSize                                  0x08002262   Data           2  os_dbg.o(.constdata)
    OSRdyTblSize                             0x08002264   Data           2  os_dbg.o(.constdata)
    OSSemEn                                  0x08002266   Data           2  os_dbg.o(.constdata)
    OSStkWidth                               0x08002268   Data           2  os_dbg.o(.constdata)
    OSTaskCreateEn                           0x0800226a   Data           2  os_dbg.o(.constdata)
    OSTaskCreateExtEn                        0x0800226c   Data           2  os_dbg.o(.constdata)
    OSTaskDelEn                              0x0800226e   Data           2  os_dbg.o(.constdata)
    OSTaskIdleStkSize                        0x08002270   Data           2  os_dbg.o(.constdata)
    OSTaskProfileEn                          0x08002272   Data           2  os_dbg.o(.constdata)
    OSTaskMax                                0x08002274   Data           2  os_dbg.o(.constdata)
    OSTaskNameEn                             0x08002276   Data           2  os_dbg.o(.constdata)
    OSTaskStatEn                             0x08002278   Data           2  os_dbg.o(.constdata)
    OSTaskStatStkSize                        0x0800227a   Data           2  os_dbg.o(.constdata)
    OSTaskStatStkChkEn                       0x0800227c   Data           2  os_dbg.o(.constdata)
    OSTaskSwHookEn                           0x0800227e   Data           2  os_dbg.o(.constdata)
    OSTCBPrioTblMax                          0x08002280   Data           2  os_dbg.o(.constdata)
    OSTCBSize                                0x08002282   Data           2  os_dbg.o(.constdata)
    OSTicksPerSec                            0x08002284   Data           2  os_dbg.o(.constdata)
    OSTimeTickHookEn                         0x08002286   Data           2  os_dbg.o(.constdata)
    OSVersionNbr                             0x08002288   Data           2  os_dbg.o(.constdata)
    OSTmrEn                                  0x0800228a   Data           2  os_dbg.o(.constdata)
    OSTmrCfgMax                              0x0800228c   Data           2  os_dbg.o(.constdata)
    OSTmrCfgNameEn                           0x0800228e   Data           2  os_dbg.o(.constdata)
    OSTmrCfgWheelSize                        0x08002290   Data           2  os_dbg.o(.constdata)
    OSTmrCfgTicksPerSec                      0x08002292   Data           2  os_dbg.o(.constdata)
    OSTmrSize                                0x08002294   Data           2  os_dbg.o(.constdata)
    OSTmrTblSize                             0x08002296   Data           2  os_dbg.o(.constdata)
    OSTmrWheelSize                           0x08002298   Data           2  os_dbg.o(.constdata)
    OSTmrWheelTblSize                        0x0800229a   Data           2  os_dbg.o(.constdata)
    OSDataSize                               0x0800229c   Data           2  os_dbg.o(.constdata)
    OSUnMapTbl                               0x0800229e   Data         256  os_core.o(.constdata)
    Region$$Table$$Base                      0x080023a0   Number         0  anon$$obj.o(Region$$Table)
    Region$$Table$$Limit                     0x080023c0   Number         0  anon$$obj.o(Region$$Table)
    Mem_PoolTbl                              0x20000014   Data           4  lib_mem.o(.data)
    OS_CPU_ExceptStkBase                     0x20000018   Data           4  os_cpu_c.o(.data)
    OSCtxSwCtr                               0x20000020   Data           4  os_core.o(.data)
    OSEventFreeList                          0x20000024   Data           4  os_core.o(.data)
    OSFlagFreeList                           0x20000028   Data           4  os_core.o(.data)
    OSCPUUsage                               0x2000002c   Data           1  os_core.o(.data)
    OSIdleCtrMax                             0x20000030   Data           4  os_core.o(.data)
    OSIdleCtrRun                             0x20000034   Data           4  os_core.o(.data)
    OSStatRdy                                0x20000038   Data           1  os_core.o(.data)
    OSIntNesting                             0x20000039   Data           1  os_core.o(.data)
    OSLockNesting                            0x2000003a   Data           1  os_core.o(.data)
    OSPrioCur                                0x2000003b   Data           1  os_core.o(.data)
    OSPrioHighRdy                            0x2000003c   Data           1  os_core.o(.data)
    OSRdyGrp                                 0x2000003d   Data           1  os_core.o(.data)
    OSRdyTbl                                 0x2000003e   Data           8  os_core.o(.data)
    OSRunning                                0x20000046   Data           1  os_core.o(.data)
    OSTaskCtr                                0x20000047   Data           1  os_core.o(.data)
    OSIdleCtr                                0x20000048   Data           4  os_core.o(.data)
    OSTCBCur                                 0x2000004c   Data           4  os_core.o(.data)
    OSTCBFreeList                            0x20000050   Data           4  os_core.o(.data)
    OSTCBHighRdy                             0x20000054   Data           4  os_core.o(.data)
    OSTCBList                                0x20000058   Data           4  os_core.o(.data)
    OSTickStepState                          0x2000005c   Data           1  os_core.o(.data)
    OSMemFreeList                            0x20000060   Data           4  os_core.o(.data)
    OSQFreeList                              0x20000064   Data           4  os_core.o(.data)
    OSTaskRegNextAvailID                     0x20000068   Data           1  os_core.o(.data)
    OSTime                                   0x2000006c   Data           4  os_core.o(.data)
    OSTmrFree                                0x20000070   Data           2  os_core.o(.data)
    OSTmrUsed                                0x20000072   Data           2  os_core.o(.data)
    OSTmrTime                                0x20000074   Data           4  os_core.o(.data)
    OSTmrSem                                 0x20000078   Data           4  os_core.o(.data)
    OSTmrSemSignal                           0x2000007c   Data           4  os_core.o(.data)
    OSTmrFreeList                            0x20000080   Data           4  os_core.o(.data)
    __stdout                                 0x20000084   Data           4  stdout.o(.data)
    CPU_Name                                 0x20000888   Data          16  cpu_core.o(.bss)
    Mem_PoolHeap                             0x20000898   Data          72  lib_mem.o(.bss)
    Mem_Heap                                 0x200008e0   Data       27648  lib_mem.o(.bss)
    OS_CPU_ExceptStk                         0x200074e0   Data         512  os_cpu_c.o(.bss)
    OSEventTbl                               0x200076e0   Data        4200  os_core.o(.bss)
    OSFlagTbl                                0x20008748   Data          80  os_core.o(.bss)
    OSTaskStatStk                            0x20008798   Data         512  os_core.o(.bss)
    OSTaskIdleStk                            0x20008998   Data         512  os_core.o(.bss)
    OSTCBPrioTbl                             0x20008b98   Data         256  os_core.o(.bss)
    OSTCBTbl                                 0x20008c98   Data        1936  os_core.o(.bss)
    OSMemTbl                                 0x20009428   Data         120  os_core.o(.bss)
    OSQTbl                                   0x200094a0   Data          96  os_core.o(.bss)
    OSTmrTbl                                 0x20009500   Data         640  os_core.o(.bss)
    OSTmrTaskStk                             0x20009780   Data         512  os_core.o(.bss)
    OSTmrWheelTbl                            0x20009980   Data          64  os_core.o(.bss)
    __initial_sp                             0x20009dc0   Data           0  startup_stm32f10x_hd.o(STACK)



==============================================================================

Memory Map of the image

  Image Entry point : 0x08000131

  Load Region LR_IROM1 (Base: 0x08000000, Size: 0x00002448, Max: 0x00080000, ABSOLUTE)

    Execution Region ER_IROM1 (Base: 0x08000000, Size: 0x000023c0, Max: 0x00080000, ABSOLUTE)

    Base Addr    Size         Type   Attr      Idx    E Section Name        Object

    0x08000000   0x00000130   Data   RO            3    RESET               startup_stm32f10x_hd.o
    0x08000130   0x00000000   Code   RO         4882  * .ARM.Collect$$$$00000000  mc_w.l(entry.o)
    0x08000130   0x00000004   Code   RO         5145    .ARM.Collect$$$$00000001  mc_w.l(entry2.o)
    0x08000134   0x00000004   Code   RO         5148    .ARM.Collect$$$$00000004  mc_w.l(entry5.o)
    0x08000138   0x00000000   Code   RO         5150    .ARM.Collect$$$$00000008  mc_w.l(entry7b.o)
    0x08000138   0x00000000   Code   RO         5152    .ARM.Collect$$$$0000000A  mc_w.l(entry8b.o)
    0x08000138   0x00000008   Code   RO         5153    .ARM.Collect$$$$0000000B  mc_w.l(entry9a.o)
    0x08000140   0x00000000   Code   RO         5155    .ARM.Collect$$$$0000000D  mc_w.l(entry10a.o)
    0x08000140   0x00000000   Code   RO         5157    .ARM.Collect$$$$0000000F  mc_w.l(entry11a.o)
    0x08000140   0x00000004   Code   RO         5146    .ARM.Collect$$$$00002712  mc_w.l(entry2.o)
    0x08000144   0x00000024   Code   RO            4    .text               startup_stm32f10x_hd.o
    0x08000168   0x00000034   Code   RO         3555    .text               cpu_a.o
    0x0800019c   0x000000b0   Code   RO         3973    .text               os_cpu_a.o
    0x0800024c   0x00000024   Code   RO         5175    .text               mc_w.l(init.o)
    0x08000270   0x00000002   Code   RO         3224    i.AppEventCreate    main.o
    0x08000272   0x00000002   PAD
    0x08000274   0x00000088   Code   RO         3225    i.AppTaskCreate     main.o
    0x080002fc   0x00000024   Code   RO         3226    i.AppTaskLed1       main.o
    0x08000320   0x00000024   Code   RO         3227    i.AppTaskLed2       main.o
    0x08000344   0x00000024   Code   RO         3228    i.AppTaskLed3       main.o
    0x08000368   0x00000084   Code   RO         3229    i.AppTaskStart      main.o
    0x080003ec   0x00000002   Code   RO         3333    i.App_TCBInitHook   app_hooks.o
    0x080003ee   0x00000002   Code   RO         3334    i.App_TaskCreateHook  app_hooks.o
    0x080003f0   0x00000002   Code   RO         3335    i.App_TaskDelHook   app_hooks.o
    0x080003f2   0x00000002   Code   RO         3336    i.App_TaskIdleHook  app_hooks.o
    0x080003f4   0x00000002   Code   RO         3337    i.App_TaskReturnHook  app_hooks.o
    0x080003f6   0x00000002   Code   RO         3338    i.App_TaskStatHook  app_hooks.o
    0x080003f8   0x00000002   Code   RO         3339    i.App_TaskSwHook    app_hooks.o
    0x080003fa   0x00000002   Code   RO         3340    i.App_TimeTickHook  app_hooks.o
    0x080003fc   0x00000010   Code   RO         3387    i.BSP_CPU_ClkFreq   bsp.o
    0x0800040c   0x0000000c   Code   RO         3388    i.BSP_Init          bsp.o
    0x08000418   0x00000004   Code   RO         3161    i.BusFault_Handler  stm32f10x_it.o
    0x0800041c   0x00000008   Code   RO         3467    i.CPU_Init          cpu_core.o
    0x08000424   0x00000030   Code   RO         3468    i.CPU_NameClr       cpu_core.o
    0x08000454   0x00000008   Code   RO         3470    i.CPU_NameInit      cpu_core.o
    0x0800045c   0x00000080   Code   RO         3108    i.DEBUG_USART_Init  bsp_debug_usart.o
    0x080004dc   0x00000002   Code   RO         3162    i.DebugMon_Handler  stm32f10x_it.o
    0x080004de   0x00000116   Code   RO         1292    i.GPIO_Init         stm32f10x_gpio.o
    0x080005f4   0x00000004   Code   RO         1299    i.GPIO_ResetBits    stm32f10x_gpio.o
    0x080005f8   0x00000004   Code   RO         3163    i.HardFault_Handler  stm32f10x_it.o
    0x080005fc   0x00000064   Code   RO         3139    i.LED_GPIO_Init     bsp_led.o
    0x08000660   0x00000004   Code   RO         3164    i.MemManage_Handler  stm32f10x_it.o
    0x08000664   0x00000012   Code   RO         3699    i.Mem_Clr           lib_mem.o
    0x08000676   0x00000002   PAD
    0x08000678   0x00000048   Code   RO         3703    i.Mem_Init          lib_mem.o
    0x080006c0   0x00000062   Code   RO         3716    i.Mem_Set           lib_mem.o
    0x08000722   0x00000002   Code   RO         3165    i.NMI_Handler       stm32f10x_it.o
    0x08000724   0x0000015c   Code   RO         4071    i.OSDebugInit       os_dbg.o
    0x08000880   0x00000058   Code   RO         4087    i.OSEventNameSet    os_core.o
    0x080008d8   0x00000038   Code   RO         4089    i.OSInit            os_core.o
    0x08000910   0x00000030   Code   RO         3976    i.OSInitHookBegin   os_cpu_c.o
    0x08000940   0x00000002   Code   RO         3977    i.OSInitHookEnd     os_cpu_c.o
    0x08000942   0x00000002   PAD
    0x08000944   0x00000090   Code   RO         4091    i.OSIntExit         os_core.o
    0x080009d4   0x00000040   Code   RO         4092    i.OSSchedLock       os_core.o
    0x08000a14   0x00000060   Code   RO         4093    i.OSSchedUnlock     os_core.o
    0x08000a74   0x00000054   Code   RO         4601    i.OSSemCreate       os_sem.o
    0x08000ac8   0x000000f0   Code   RO         4603    i.OSSemPend         os_sem.o
    0x08000bb8   0x00000058   Code   RO         4605    i.OSSemPost         os_sem.o
    0x08000c10   0x00000048   Code   RO         4094    i.OSStart           os_core.o
    0x08000c58   0x0000004c   Code   RO         4095    i.OSStatInit        os_core.o
    0x08000ca4   0x0000000c   Code   RO         3978    i.OSTCBInitHook     os_cpu_c.o
    0x08000cb0   0x000000b8   Code   RO         4656    i.OSTaskCreateExt   os_task.o
    0x08000d68   0x0000000c   Code   RO         3979    i.OSTaskCreateHook  os_cpu_c.o
    0x08000d74   0x00000160   Code   RO         4657    i.OSTaskDel         os_task.o
    0x08000ed4   0x0000000c   Code   RO         3980    i.OSTaskDelHook     os_cpu_c.o
    0x08000ee0   0x00000008   Code   RO         3981    i.OSTaskIdleHook    os_cpu_c.o
    0x08000ee8   0x00000070   Code   RO         4660    i.OSTaskNameSet     os_task.o
    0x08000f58   0x0000000c   Code   RO         3982    i.OSTaskReturnHook  os_cpu_c.o
    0x08000f64   0x00000008   Code   RO         3983    i.OSTaskStatHook    os_cpu_c.o
    0x08000f6c   0x00000088   Code   RO         4666    i.OSTaskStkChk      os_task.o
    0x08000ff4   0x0000009c   Code   RO         3984    i.OSTaskStkInit     os_cpu_c.o
    0x08001090   0x000000a8   Code   RO         4667    i.OSTaskSuspend     os_task.o
    0x08001138   0x00000008   Code   RO         3985    i.OSTaskSwHook      os_cpu_c.o
    0x08001140   0x00000078   Code   RO         4756    i.OSTimeDly         os_time.o
    0x080011b8   0x00000060   Code   RO         4757    i.OSTimeDlyHMSM     os_time.o
    0x08001218   0x000000ec   Code   RO         4096    i.OSTimeTick        os_core.o
    0x08001304   0x00000028   Code   RO         3986    i.OSTimeTickHook    os_cpu_c.o
    0x0800132c   0x00000014   Code   RO         4796    i.OSTmrSignal       os_tmr.o
    0x08001340   0x000000f4   Code   RO         4802    i.OSTmr_Init        os_tmr.o
    0x08001434   0x00000050   Code   RO         4803    i.OSTmr_InitTask    os_tmr.o
    0x08001484   0x0000006c   Code   RO         4804    i.OSTmr_Link        os_tmr.o
    0x080014f0   0x00000080   Code   RO         4805    i.OSTmr_Task        os_tmr.o
    0x08001570   0x00000044   Code   RO         4806    i.OSTmr_Unlink      os_tmr.o
    0x080015b4   0x00000028   Code   RO         3987    i.OS_CPU_SysTickHandler  os_cpu_c.o
    0x080015dc   0x00000030   Code   RO         3988    i.OS_CPU_SysTickInit  os_cpu_c.o
    0x0800160c   0x00000002   Code   RO         4098    i.OS_Dummy          os_core.o
    0x0800160e   0x00000002   PAD
    0x08001610   0x00000090   Code   RO         4099    i.OS_EventTaskRdy   os_core.o
    0x080016a0   0x0000002a   Code   RO         4100    i.OS_EventTaskRemove  os_core.o
    0x080016ca   0x0000003a   Code   RO         4101    i.OS_EventTaskRemoveMulti  os_core.o
    0x08001704   0x0000007c   Code   RO         4102    i.OS_EventTaskWait  os_core.o
    0x08001780   0x0000001c   Code   RO         4104    i.OS_EventWaitListInit  os_core.o
    0x0800179c   0x00000058   Code   RO         4307    i.OS_FlagInit       os_flag.o
    0x080017f4   0x00000024   Code   RO         4309    i.OS_FlagUnlink     os_flag.o
    0x08001818   0x00000060   Code   RO         4105    i.OS_InitEventList  os_core.o
    0x08001878   0x0000005c   Code   RO         4106    i.OS_InitMisc       os_core.o
    0x080018d4   0x00000044   Code   RO         4107    i.OS_InitRdyList    os_core.o
    0x08001918   0x00000080   Code   RO         4108    i.OS_InitTCBList    os_core.o
    0x08001998   0x00000050   Code   RO         4109    i.OS_InitTaskIdle   os_core.o
    0x080019e8   0x00000050   Code   RO         4110    i.OS_InitTaskStat   os_core.o
    0x08001a38   0x00000012   Code   RO         4111    i.OS_MemClr         os_core.o
    0x08001a4a   0x00000002   PAD
    0x08001a4c   0x00000058   Code   RO         4439    i.OS_MemInit        os_mem.o
    0x08001aa4   0x00000050   Code   RO         4538    i.OS_QInit          os_q.o
    0x08001af4   0x00000074   Code   RO         4113    i.OS_Sched          os_core.o
    0x08001b68   0x0000002c   Code   RO         4114    i.OS_SchedNew       os_core.o
    0x08001b94   0x00000140   Code   RO         4116    i.OS_TCBInit        os_core.o
    0x08001cd4   0x00000028   Code   RO         4117    i.OS_TaskIdle       os_core.o
    0x08001cfc   0x00000018   Code   RO         4668    i.OS_TaskReturn     os_task.o
    0x08001d14   0x000000a0   Code   RO         4118    i.OS_TaskStat       os_core.o
    0x08001db4   0x0000003c   Code   RO         4119    i.OS_TaskStatStkChk  os_core.o
    0x08001df0   0x0000001a   Code   RO         4669    i.OS_TaskStkClr     os_task.o
    0x08001e0a   0x00000002   PAD
    0x08001e0c   0x00000020   Code   RO         1710    i.RCC_APB2PeriphClockCmd  stm32f10x_rcc.o
    0x08001e2c   0x000000d4   Code   RO         1718    i.RCC_GetClocksFreq  stm32f10x_rcc.o
    0x08001f00   0x00000002   Code   RO         3167    i.SVC_Handler       stm32f10x_it.o
    0x08001f02   0x00000008   Code   RO           24    i.SetSysClock       system_stm32f10x.o
    0x08001f0a   0x00000002   PAD
    0x08001f0c   0x000000e0   Code   RO           25    i.SetSysClockTo72   system_stm32f10x.o
    0x08001fec   0x00000060   Code   RO           27    i.SystemInit        system_stm32f10x.o
    0x0800204c   0x00000018   Code   RO         2878    i.USART_Cmd         stm32f10x_usart.o
    0x08002064   0x0000001a   Code   RO         2881    i.USART_GetFlagStatus  stm32f10x_usart.o
    0x0800207e   0x00000002   PAD
    0x08002080   0x000000d8   Code   RO         2885    i.USART_Init        stm32f10x_usart.o
    0x08002158   0x00000008   Code   RO         2895    i.USART_SendData    stm32f10x_usart.o
    0x08002160   0x00000004   Code   RO         3169    i.UsageFault_Handler  stm32f10x_it.o
    0x08002164   0x00000010   Code   RO         4886    i.__0printf$bare    mc_w.l(printfb.o)
    0x08002174   0x0000000e   Code   RO         5187    i.__scatterload_copy  mc_w.l(handlers.o)
    0x08002182   0x00000002   Code   RO         5188    i.__scatterload_null  mc_w.l(handlers.o)
    0x08002184   0x0000000e   Code   RO         5189    i.__scatterload_zeroinit  mc_w.l(handlers.o)
    0x08002192   0x00000022   Code   RO         4893    i._printf_core      mc_w.l(printfb.o)
    0x080021b4   0x00000024   Code   RO         3110    i.fputc             bsp_debug_usart.o
    0x080021d8   0x00000054   Code   RO         3230    i.main              main.o
    0x0800222c   0x00000072   Data   RO         4072    .constdata          os_dbg.o
    0x0800229e   0x00000100   Data   RO         4121    .constdata          os_core.o
    0x0800239e   0x00000002   PAD
    0x080023a0   0x00000020   Data   RO         5185    Region$$Table       anon$$obj.o


    Execution Region RW_IRAM1 (Base: 0x20000000, Size: 0x00009dc0, Max: 0x00010000, ABSOLUTE)

    Base Addr    Size         Type   Attr      Idx    E Section Name        Object

    0x20000000   0x00000014   Data   RW         1738    .data               stm32f10x_rcc.o
    0x20000014   0x00000004   Data   RW         3718    .data               lib_mem.o
    0x20000018   0x00000006   Data   RW         3990    .data               os_cpu_c.o
    0x2000001e   0x00000002   PAD
    0x20000020   0x00000064   Data   RW         4122    .data               os_core.o
    0x20000084   0x00000004   Data   RW         5159    .data               mc_w.l(stdout.o)
    0x20000088   0x00000800   Zero   RW         3231    .bss                main.o
    0x20000888   0x00000010   Zero   RW         3473    .bss                cpu_core.o
    0x20000898   0x00006c48   Zero   RW         3717    .bss                lib_mem.o
    0x200074e0   0x00000200   Zero   RW         3989    .bss                os_cpu_c.o
    0x200076e0   0x000022e0   Zero   RW         4120    .bss                os_core.o
    0x200099c0   0x00000400   Zero   RW            1    STACK               startup_stm32f10x_hd.o


==============================================================================

Image component sizes


      Code (inc. data)   RO Data    RW Data    ZI Data      Debug   Object Name

        16          0          0          0          0       3708   app_hooks.o
        28          0          0          0          0        989   bsp.o
       164         12          0          0          0       2463   bsp_debug_usart.o
       100          8          0          0          0        528   bsp_led.o
         0          0          0          0          0       4516   core_cm3.o
        52          0          0          0          0        300   cpu_a.o
        64          6          0          0         16       3300   cpu_core.o
       188         18          0          4      27720      13575   lib_mem.o
       462        152          0          0       2048      32523   main.o
      2532        424        256        100       8928      25810   os_core.o
       176         36          0          0          0        356   os_cpu_a.o
       406         40          0          6        512      16811   os_cpu_c.o
       348        230        114          0          0       3453   os_dbg.o
       124         14          0          0          0       1262   os_flag.o
        88         14          0          0          0        565   os_mem.o
        80          8          0          0          0        591   os_q.o
       412         24          0          0          0       2586   os_sem.o
      1002        104          0          0          0       6133   os_task.o
       216         30          0          0          0       1460   os_time.o
       648        138          0          0          0       4103   os_tmr.o
        36          8        304          0       1024        888   startup_stm32f10x_hd.o
       282          0          0          0          0       2673   stm32f10x_gpio.o
        22          0          0          0          0       3075   stm32f10x_it.o
       244         26          0         20          0       4069   stm32f10x_rcc.o
       274          6          0          0          0       4292   stm32f10x_usart.o
       328         28          0          0          0     228489   system_stm32f10x.o

    ----------------------------------------------------------------------
      8308       1326        708        132      40248     368518   Object Totals
         0          0         32          0          0          0   (incl. Generated)
        16          0          2          2          0          0   (incl. Padding)

    ----------------------------------------------------------------------

      Code (inc. data)   RO Data    RW Data    ZI Data      Debug   Library Member Name

         0          0          0          0          0          0   entry.o
         0          0          0          0          0          0   entry10a.o
         0          0          0          0          0          0   entry11a.o
         8          4          0          0          0          0   entry2.o
         4          0          0          0          0          0   entry5.o
         0          0          0          0          0          0   entry7b.o
         0          0          0          0          0          0   entry8b.o
         8          4          0          0          0          0   entry9a.o
        30          0          0          0          0          0   handlers.o
        36          8          0          0          0         68   init.o
        50          8          0          0          0        152   printfb.o
         0          0          0          4          0          0   stdout.o

    ----------------------------------------------------------------------
       136         24          0          4          0        220   Library Totals
         0          0          0          0          0          0   (incl. Padding)

    ----------------------------------------------------------------------

      Code (inc. data)   RO Data    RW Data    ZI Data      Debug   Library Name

       136         24          0          4          0        220   mc_w.l

    ----------------------------------------------------------------------
       136         24          0          4          0        220   Library Totals

    ----------------------------------------------------------------------

==============================================================================


      Code (inc. data)   RO Data    RW Data    ZI Data      Debug   

      8444       1350        708        136      40248     363482   Grand Totals
      8444       1350        708        136      40248     363482   ELF Image Totals
      8444       1350        708        136          0          0   ROM Totals

==============================================================================

    Total RO  Size (Code + RO Data)                 9152 (   8.94kB)
    Total RW  Size (RW Data + ZI Data)             40384 (  39.44kB)
    Total ROM Size (Code + RO Data + RW Data)       9288 (   9.07kB)

==============================================================================

